Archive member included to satisfy reference by file (symbol)

c:/program files/microchip/xc32/v4.45/bin/bin/../../lib/gcc/pic32c/8.3.1/../../../../pic32c/lib/thumb/v7e-m+fp/hard\libpic32c.a(data_init.o)
                              build/sam_e51_cnano/production/_ext/570918426/startup_xc32.o (__pic32c_data_initialization)
c:/program files/microchip/xc32/v4.45/bin/bin/../../lib/gcc/pic32c/8.3.1/../../../../pic32c/lib/thumb/v7e-m+fp/hard\libc-size-musl.a(memcpy.o)
                              build/sam_e51_cnano/production/_ext/226030394/plib_nvmctrl.o (memcpy)
c:/program files/microchip/xc32/v4.45/bin/bin/../../lib/gcc/pic32c/8.3.1/../../../../pic32c/lib/thumb/v7e-m+fp/hard\libc-musl.a(__libc_start_main.o)
                              build/sam_e51_cnano/production/_ext/570918426/startup_xc32.o (__libc_init_array)
c:/program files/microchip/xc32/v4.45/bin/bin/../../lib/gcc/pic32c/8.3.1/../../../../pic32c/lib/thumb/v7e-m+fp/hard\libc-musl.a(libc.o)
                              c:/program files/microchip/xc32/v4.45/bin/bin/../../lib/gcc/pic32c/8.3.1/../../../../pic32c/lib/thumb/v7e-m+fp/hard\libc-musl.a(__libc_start_main.o) (__progname_full)
c:/program files/microchip/xc32/v4.45/bin/bin/../../lib/gcc/pic32c/8.3.1/../../../../pic32c/lib/thumb/v7e-m+fp/hard\libc-musl.a(__environ.o)
                              c:/program files/microchip/xc32/v4.45/bin/bin/../../lib/gcc/pic32c/8.3.1/../../../../pic32c/lib/thumb/v7e-m+fp/hard\libc-musl.a(__libc_start_main.o) (__environ)
c:/program files/microchip/xc32/v4.45/bin/bin/../../lib/gcc/pic32c/8.3.1/thumb/v7e-m+fp/hard\libgcc.a(_aeabi_uldivmod.o)
                              build/sam_e51_cnano/production/_ext/314480351/plib_sercom5_usart.o (__aeabi_uldivmod)
c:/program files/microchip/xc32/v4.45/bin/bin/../../lib/gcc/pic32c/8.3.1/thumb/v7e-m+fp/hard\libgcc.a(_udivmoddi4.o)
                              c:/program files/microchip/xc32/v4.45/bin/bin/../../lib/gcc/pic32c/8.3.1/thumb/v7e-m+fp/hard\libgcc.a(_aeabi_uldivmod.o) (__udivmoddi4)
c:/program files/microchip/xc32/v4.45/bin/bin/../../lib/gcc/pic32c/8.3.1/thumb/v7e-m+fp/hard\libgcc.a(_dvmd_tls.o)
                              c:/program files/microchip/xc32/v4.45/bin/bin/../../lib/gcc/pic32c/8.3.1/thumb/v7e-m+fp/hard\libgcc.a(_aeabi_uldivmod.o) (__aeabi_ldiv0)
c:/program files/microchip/xc32/v4.45/bin/bin/../../lib/gcc/pic32c/8.3.1/../../../../pic32c/lib/thumb/v7e-m+fp/hard\libpic32c.a(pic32_data_init_clear.o)
                              (__dinit_clear_needed)
c:/program files/microchip/xc32/v4.45/bin/bin/../../lib/gcc/pic32c/8.3.1/../../../../pic32c/lib/thumb/v7e-m+fp/hard\libpic32c.a(pic32_data_init_copy.o)
                              (__dinit_copy_needed)

Microchip PIC32 Memory-Usage Report

ROM Program-Memory Usage
section                    address  length [bytes]      (dec)  Description
-------                 ----------  -------------------------  -----------
.vectors                    0x2000          0x260         608   
.text                       0x2260           0x20          32  App's exec code 
.text.APP_LIVE_UPDATE_S     0x2280          0x168         360   
.text.APP_LIVE_UPDATE_T     0x23e8          0x14c         332   
.text.usart_ReadEventHa     0x2534          0x120         288   
.dinit                      0x2654          0x110         272   
.text.APP_Tasks             0x2764          0x100         256   
.text.CLOCK_Initialize      0x2864           0xd8         216   
.text.SERCOM5_USART_Wri     0x293c           0xd8         216   
.text.SERCOM5_USART_ISR     0x2a14           0xb8         184   
.text.SERCOM5_USART_ISR     0x2acc           0xa8         168   
.text.Reset_Handler         0x2b74           0x88         136   
.text.SERCOM5_USART_Rea     0x2bfc           0x84         132   
.text.NVIC_Initialize       0x2c80           0x7c         124   
.text.SERCOM5_USART_Ini     0x2cfc           0x7c         124   
.text.__libc_start_init     0x2d78           0x5c          92   
.text.SERCOM5_USART_Int     0x2dd4           0x58          88   
.rodata.str1.4              0x2e2c           0x58          88   
.text.RTC_Initialize        0x2e84           0x54          84   
.text.DSU_CRCCalculate      0x2ed8           0x4c          76   
.text.SERCOM5_USART_ISR     0x2f24           0x4c          76   
.text                       0x2f70           0x40          64  App's exec code 
.text.NVMCTRL_PageWrite     0x2fb0           0x40          64   
.text.PAC_InterruptHand     0x2ff0           0x3c          60   
.text.PORT_Initialize       0x302c           0x3c          60   
.text.SYS_Initialize        0x3068           0x34          52   
.text.__pic32c_data_ini     0x309c           0x34          52   
.text.RTC_InterruptHand     0x30d0           0x2c          44   
.text.APP_Initialize        0x30fc           0x28          40   
.text.send_Response         0x3124           0x24          36   
.text.__dinit_copy          0x3148           0x1e          30   
[...]
Memory Configuration

Name             Origin             Length             Attributes
rom              0x0000000000002000 0x00000000000fe000 xrl
ram              0x0000000020000010 0x000000000003fff0 xw !r
tcm              0x0000000003000000 0x0000000000000000 xw
bkupram          0x0000000047000000 0x0000000000002000
config_00804000  0x0000000000804000 0x0000000000000004
config_00804004  0x0000000000804004 0x0000000000000004
config_00804008  0x0000000000804008 0x0000000000000004
*default*        0x0000000000000000 0xffffffffffffffff

Linker script and memory map

LOAD c:/program files/microchip/xc32/v4.45/bin/bin/../../lib/gcc/pic32c/8.3.1/thumb/v7e-m+fp/hard/crti.o
LOAD c:/program files/microchip/xc32/v4.45/bin/bin/../../lib/gcc/pic32c/8.3.1/thumb/v7e-m+fp/hard/crtbegin.o
LOAD build/sam_e51_cnano/production/_ext/673975658/bsp.o
LOAD build/sam_e51_cnano/production/_ext/7187140/plib_clock.o
LOAD build/sam_e51_cnano/production/_ext/831051564/plib_cmcc.o
LOAD build/sam_e51_cnano/production/_ext/1220119036/plib_dsu.o
LOAD build/sam_e51_cnano/production/_ext/9336626/plib_evsys.o
LOAD build/sam_e51_cnano/production/_ext/830715028/plib_nvic.o
LOAD build/sam_e51_cnano/production/_ext/226030394/plib_nvmctrl.o
LOAD build/sam_e51_cnano/production/_ext/1220129992/plib_pac.o
LOAD build/sam_e51_cnano/production/_ext/830661877/plib_port.o
LOAD build/sam_e51_cnano/production/_ext/1220132503/plib_rtc_timer.o
LOAD build/sam_e51_cnano/production/_ext/314480351/plib_sercom5_usart.o
LOAD build/sam_e51_cnano/production/_ext/8444704/plib_systick.o
LOAD build/sam_e51_cnano/production/_ext/865175840/xc32_monitor.o
LOAD build/sam_e51_cnano/production/_ext/570918426/initialization.o
LOAD build/sam_e51_cnano/production/_ext/570918426/interrupts.o
LOAD build/sam_e51_cnano/production/_ext/570918426/exceptions.o
LOAD build/sam_e51_cnano/production/_ext/570918426/startup_xc32.o
LOAD build/sam_e51_cnano/production/_ext/570918426/libc_syscalls.o
LOAD build/sam_e51_cnano/production/_ext/570918426/tasks.o
LOAD build/sam_e51_cnano/production/_ext/1360937237/app.o
LOAD build/sam_e51_cnano/production/_ext/1360937237/app_live_update.o
LOAD build/sam_e51_cnano/production/_ext/1360937237/main.o
                0x0000000000000001                __MPLAB_BUILD = 0x1
                0x0000000000100000                __rom_end = (ORIGIN (rom) + LENGTH (rom))
                0x0000000020040000                __ram_end = (ORIGIN (ram) + LENGTH (ram))

.config_00804000
 *(.config_00804000)

.config_00804004
 *(.config_00804004)

.config_00804008
 *(.config_00804008)

.vectors        0x0000000000002000      0x260
                0x0000000000002000                . = ALIGN (0x4)
                0x0000000000002000                _sfixed = .
 *(.vectors .vectors.* .vectors_default .vectors_default.*)
 .vectors.exception_table
                0x0000000000002000      0x260 build/sam_e51_cnano/production/_ext/570918426/interrupts.o
                0x0000000000002000                exception_table
 *(.isr_vector)
 *(.reset*)
 *(.after_vectors)

.text           0x0000000000002260       0x20
                0x0000000000002260                . = ALIGN (0x4)
 *(.glue_7t)
 .glue_7t       0x0000000000002260        0x0 linker stubs
 *(.glue_7)
 .glue_7        0x0000000000002260        0x0 linker stubs
 *(.gnu.linkonce.r.*)
 *(.ARM.extab* .gnu.linkonce.armextab.*)
                0x0000000000002260                . = ALIGN (0x4)
 *(.init)
 .init          0x0000000000002260        0x4 c:/program files/microchip/xc32/v4.45/bin/bin/../../lib/gcc/pic32c/8.3.1/thumb/v7e-m+fp/hard/crti.o
                0x0000000000002260                _init
 .init          0x0000000000002264        0x8 c:/program files/microchip/xc32/v4.45/bin/bin/../../lib/gcc/pic32c/8.3.1/thumb/v7e-m+fp/hard/crtn.o
                0x000000000000226c                . = ALIGN (0x4)
                0x000000000000226c                __preinit_array_start = .
 *(.preinit_array)
                0x000000000000226c                __preinit_array_end = .
                0x000000000000226c                . = ALIGN (0x4)
                0x000000000000226c                __init_array_start = .
 *(SORT_BY_NAME(.init_array.*))
 *(.init_array)
 .init_array    0x000000000000226c        0x4 c:/program files/microchip/xc32/v4.45/bin/bin/../../lib/gcc/pic32c/8.3.1/thumb/v7e-m+fp/hard/crtbegin.o
                0x0000000000002270                __init_array_end = .
                0x0000000000002270                . = ALIGN (0x4)
 *crtbegin.o(.ctors)
 *(EXCLUDE_FILE(*crtend.o) .ctors)
 *(SORT_BY_NAME(.ctors.*))
 *crtend.o(.ctors)
                0x0000000000002270                . = ALIGN (0x4)
 *(.fini)
 .fini          0x0000000000002270        0x4 c:/program files/microchip/xc32/v4.45/bin/bin/../../lib/gcc/pic32c/8.3.1/thumb/v7e-m+fp/hard/crti.o
                0x0000000000002270                _fini
 .fini          0x0000000000002274        0x8 c:/program files/microchip/xc32/v4.45/bin/bin/../../lib/gcc/pic32c/8.3.1/thumb/v7e-m+fp/hard/crtn.o
                0x000000000000227c                . = ALIGN (0x4)
                0x000000000000227c                __fini_array_start = .
 *(.fini_array)
 .fini_array    0x000000000000227c        0x4 c:/program files/microchip/xc32/v4.45/bin/bin/../../lib/gcc/pic32c/8.3.1/thumb/v7e-m+fp/hard/crtbegin.o
 *(SORT_BY_NAME(.fini_array.*))
                0x0000000000002280                __fini_array_end = .
 *crtbegin.o(.dtors)
 *(EXCLUDE_FILE(*crtend.o) .dtors)
 *(SORT_BY_NAME(.dtors.*))
 *crtend.o(.dtors)
                0x0000000000002280                . = ALIGN (0x4)
                0x0000000000002280                _efixed = .
                [!provide]                        PROVIDE (__exidx_start = .)

.ARM.exidx
 *(.ARM.exidx* .gnu.linkonce.armexidx.*)
                [!provide]                        PROVIDE (__exidx_end = .)
                0x0000000000002280                . = ALIGN (0x4)
                0x0000000000002280                _etext = .

.bss            0x0000000020000010        0x0
                0x0000000020000010                . = ALIGN (0x4)
                0x0000000020000010                __bss_start__ = .
                0x0000000020000010                _sbss = .
                0x0000000020000010                _szero = .
 *(COMMON)
                0x0000000020000010                . = ALIGN (0x4)
                0x0000000020000010                __bss_end__ = .
                0x0000000020000010                _ebss = .
                0x0000000020000010                _ezero = .
                0x0000000020000010                . = ALIGN (0x4)
                0x0000000020000010                _end = .
                0x000000002003ffff                _ram_end_ = ((ORIGIN (ram) + LENGTH (ram)) - 0x1)

.bkupram_bss
 *(.bkupram_bss .bkupram_bss.*)
 *(.pbss .pbss.*)
                0x0000000000000200                _min_heap_size = 0x200
START GROUP
LOAD c:/program files/microchip/xc32/v4.45/bin/bin/../../lib/gcc/pic32c/8.3.1/../../../../pic32c/lib/thumb/v7e-m+fp/hard\libpic32c.a
LOAD c:/program files/microchip/xc32/v4.45/bin/bin/../../lib/gcc/pic32c/8.3.1/../../../../pic32c/lib/thumb/v7e-m+fp/hard\libc-size-musl.a
LOAD c:/program files/microchip/xc32/v4.45/bin/bin/../../lib/gcc/pic32c/8.3.1/../../../../pic32c/lib/thumb/v7e-m+fp/hard\liblmalloc-musl.a
LOAD c:/program files/microchip/xc32/v4.45/bin/bin/../../lib/gcc/pic32c/8.3.1/../../../../pic32c/lib/thumb/v7e-m+fp/hard\libm-fast-emfloat.a
LOAD c:/program files/microchip/xc32/v4.45/bin/bin/../../lib/gcc/pic32c/8.3.1/../../../../pic32c/lib/thumb/v7e-m+fp/hard\libm-musl.a
LOAD c:/program files/microchip/xc32/v4.45/bin/bin/../../lib/gcc/pic32c/8.3.1/../../../../pic32c/lib/thumb/v7e-m+fp/hard\libc-musl.a
LOAD c:/program files/microchip/xc32/v4.45/bin/bin/../../lib/gcc/pic32c/8.3.1/../../../../pic32c/lib/thumb/v7e-m+fp/hard\libm-fast-emfloat.a
LOAD c:/program files/microchip/xc32/v4.45/bin/bin/../../lib/gcc/pic32c/8.3.1/../../../../pic32c/lib/thumb/v7e-m+fp/hard\libm-musl.a
LOAD c:/program files/microchip/xc32/v4.45/bin/bin/../../lib/gcc/pic32c/8.3.1/thumb/v7e-m+fp/hard\libgcc.a
END GROUP
LOAD c:/program files/microchip/xc32/v4.45/bin/bin/../../lib/gcc/pic32c/8.3.1/thumb/v7e-m+fp/hard/crtend.o
LOAD c:/program files/microchip/xc32/v4.45/bin/bin/../../lib/gcc/pic32c/8.3.1/thumb/v7e-m+fp/hard/crtn.o
OUTPUT(dist/sam_e51_cnano/production/sam_e51_cnano.X.production.elf elf32-littlearm)
LOAD data_init
LOAD stack

.ARM.attributes
                0x0000000000000000       0x34
 .ARM.attributes
                0x0000000000000000       0x1e c:/program files/microchip/xc32/v4.45/bin/bin/../../lib/gcc/pic32c/8.3.1/thumb/v7e-m+fp/hard/crti.o
 .ARM.attributes
                0x000000000000001e       0x34 c:/program files/microchip/xc32/v4.45/bin/bin/../../lib/gcc/pic32c/8.3.1/thumb/v7e-m+fp/hard/crtbegin.o
 .ARM.attributes
                0x0000000000000052       0x34 build/sam_e51_cnano/production/_ext/673975658/bsp.o
 .ARM.attributes
                0x0000000000000086       0x34 build/sam_e51_cnano/production/_ext/7187140/plib_clock.o
 .ARM.attributes
                0x00000000000000ba       0x34 build/sam_e51_cnano/production/_ext/1220119036/plib_dsu.o
 .ARM.attributes
                0x00000000000000ee       0x34 build/sam_e51_cnano/production/_ext/9336626/plib_evsys.o
 .ARM.attributes
                0x0000000000000122       0x34 build/sam_e51_cnano/production/_ext/830715028/plib_nvic.o
 .ARM.attributes
                0x0000000000000156       0x34 build/sam_e51_cnano/production/_ext/226030394/plib_nvmctrl.o
 .ARM.attributes
                0x000000000000018a       0x34 build/sam_e51_cnano/production/_ext/1220129992/plib_pac.o
 .ARM.attributes
                0x00000000000001be       0x34 build/sam_e51_cnano/production/_ext/830661877/plib_port.o
 .ARM.attributes
                0x00000000000001f2       0x34 build/sam_e51_cnano/production/_ext/1220132503/plib_rtc_timer.o
 .ARM.attributes
                0x0000000000000226       0x34 build/sam_e51_cnano/production/_ext/314480351/plib_sercom5_usart.o
 .ARM.attributes
                0x000000000000025a       0x34 build/sam_e51_cnano/production/_ext/8444704/plib_systick.o
 .ARM.attributes
                0x000000000000028e       0x34 build/sam_e51_cnano/production/_ext/570918426/initialization.o
 .ARM.attributes
                0x00000000000002c2       0x34 build/sam_e51_cnano/production/_ext/570918426/interrupts.o
 .ARM.attributes
                0x00000000000002f6       0x34 build/sam_e51_cnano/production/_ext/570918426/exceptions.o
 .ARM.attributes
                0x000000000000032a       0x34 build/sam_e51_cnano/production/_ext/570918426/startup_xc32.o
 .ARM.attributes
                0x000000000000035e       0x34 build/sam_e51_cnano/production/_ext/570918426/tasks.o
 .ARM.attributes
                0x0000000000000392       0x34 build/sam_e51_cnano/production/_ext/1360937237/app.o
 .ARM.attributes
                0x00000000000003c6       0x34 build/sam_e51_cnano/production/_ext/1360937237/app_live_update.o
 .ARM.attributes
                0x00000000000003fa       0x34 build/sam_e51_cnano/production/_ext/1360937237/main.o
 .ARM.attributes
                0x000000000000042e       0x34 c:/program files/microchip/xc32/v4.45/bin/bin/../../lib/gcc/pic32c/8.3.1/../../../../pic32c/lib/thumb/v7e-m+fp/hard\libpic32c.a(data_init.o)
 .ARM.attributes
                0x0000000000000462       0x36 c:/program files/microchip/xc32/v4.45/bin/bin/../../lib/gcc/pic32c/8.3.1/../../../../pic32c/lib/thumb/v7e-m+fp/hard\libc-musl.a(__libc_start_main.o)
 .ARM.attributes
                0x0000000000000498       0x34 c:/program files/microchip/xc32/v4.45/bin/bin/../../lib/gcc/pic32c/8.3.1/../../../../pic32c/lib/thumb/v7e-m+fp/hard\libc-musl.a(libc.o)
 .ARM.attributes
                0x00000000000004cc       0x34 c:/program files/microchip/xc32/v4.45/bin/bin/../../lib/gcc/pic32c/8.3.1/../../../../pic32c/lib/thumb/v7e-m+fp/hard\libc-musl.a(__environ.o)
 .ARM.attributes
                0x0000000000000500       0x1e c:/program files/microchip/xc32/v4.45/bin/bin/../../lib/gcc/pic32c/8.3.1/thumb/v7e-m+fp/hard/crtn.o
 .ARM.attributes
                0x000000000000051e       0x34 c:/program files/microchip/xc32/v4.45/bin/bin/../../lib/gcc/pic32c/8.3.1/../../../../pic32c/lib/thumb/v7e-m+fp/hard\libpic32c.a(pic32_data_init_clear.o)
 .ARM.attributes
                0x0000000000000552       0x34 c:/program files/microchip/xc32/v4.45/bin/bin/../../lib/gcc/pic32c/8.3.1/../../../../pic32c/lib/thumb/v7e-m+fp/hard\libpic32c.a(pic32_data_init_copy.o)

.comment        0x0000000000000000       0x2b
 .comment       0x0000000000000000       0x2b c:/program files/microchip/xc32/v4.45/bin/bin/../../lib/gcc/pic32c/8.3.1/thumb/v7e-m+fp/hard/crtbegin.o
                                         0x2c (size before relaxing)
 .comment       0x000000000000002b       0x2c build/sam_e51_cnano/production/_ext/673975658/bsp.o
 .comment       0x000000000000002b       0x2c build/sam_e51_cnano/production/_ext/7187140/plib_clock.o
 .comment       0x000000000000002b       0x2c build/sam_e51_cnano/production/_ext/1220119036/plib_dsu.o
 .comment       0x000000000000002b       0x2c build/sam_e51_cnano/production/_ext/9336626/plib_evsys.o
 .comment       0x000000000000002b       0x2c build/sam_e51_cnano/production/_ext/830715028/plib_nvic.o
 .comment       0x000000000000002b       0x2c build/sam_e51_cnano/production/_ext/226030394/plib_nvmctrl.o
 .comment       0x000000000000002b       0x2c build/sam_e51_cnano/production/_ext/1220129992/plib_pac.o
 .comment       0x000000000000002b       0x2c build/sam_e51_cnano/production/_ext/830661877/plib_port.o
 .comment       0x000000000000002b       0x2c build/sam_e51_cnano/production/_ext/1220132503/plib_rtc_timer.o
 .comment       0x000000000000002b       0x2c build/sam_e51_cnano/production/_ext/314480351/plib_sercom5_usart.o
 .comment       0x000000000000002b       0x2c build/sam_e51_cnano/production/_ext/8444704/plib_systick.o
 .comment       0x000000000000002b       0x2c build/sam_e51_cnano/production/_ext/570918426/initialization.o
 .comment       0x000000000000002b       0x2c build/sam_e51_cnano/production/_ext/570918426/interrupts.o
 .comment       0x000000000000002b       0x2c build/sam_e51_cnano/production/_ext/570918426/exceptions.o
 .comment       0x000000000000002b       0x2c build/sam_e51_cnano/production/_ext/570918426/startup_xc32.o
 .comment       0x000000000000002b       0x2c build/sam_e51_cnano/production/_ext/570918426/tasks.o
 .comment       0x000000000000002b       0x2c build/sam_e51_cnano/production/_ext/1360937237/app.o
 .comment       0x000000000000002b       0x2c build/sam_e51_cnano/production/_ext/1360937237/app_live_update.o
 .comment       0x000000000000002b       0x2c build/sam_e51_cnano/production/_ext/1360937237/main.o
 .comment       0x000000000000002b       0x2c c:/program files/microchip/xc32/v4.45/bin/bin/../../lib/gcc/pic32c/8.3.1/../../../../pic32c/lib/thumb/v7e-m+fp/hard\libpic32c.a(data_init.o)
 .comment       0x000000000000002b       0x2c c:/program files/microchip/xc32/v4.45/bin/bin/../../lib/gcc/pic32c/8.3.1/../../../../pic32c/lib/thumb/v7e-m+fp/hard\libc-musl.a(__libc_start_main.o)
 .comment       0x000000000000002b       0x2c c:/program files/microchip/xc32/v4.45/bin/bin/../../lib/gcc/pic32c/8.3.1/../../../../pic32c/lib/thumb/v7e-m+fp/hard\libc-musl.a(libc.o)
 .comment       0x000000000000002b       0x2c c:/program files/microchip/xc32/v4.45/bin/bin/../../lib/gcc/pic32c/8.3.1/../../../../pic32c/lib/thumb/v7e-m+fp/hard\libc-musl.a(__environ.o)
 .comment       0x000000000000002b       0x2c c:/program files/microchip/xc32/v4.45/bin/bin/../../lib/gcc/pic32c/8.3.1/../../../../pic32c/lib/thumb/v7e-m+fp/hard\libpic32c.a(pic32_data_init_clear.o)
 .comment       0x000000000000002b       0x2c c:/program files/microchip/xc32/v4.45/bin/bin/../../lib/gcc/pic32c/8.3.1/../../../../pic32c/lib/thumb/v7e-m+fp/hard\libpic32c.a(pic32_data_init_copy.o)

.debug_info     0x0000000000000000     0x82f7
 .debug_info    0x0000000000000000      0x246 build/sam_e51_cnano/production/_ext/673975658/bsp.o
 .debug_info    0x0000000000000246      0x639 build/sam_e51_cnano/production/_ext/7187140/plib_clock.o
 .debug_info    0x000000000000087f      0x3d4 build/sam_e51_cnano/production/_ext/1220119036/plib_dsu.o
 .debug_info    0x0000000000000c53       0x9b build/sam_e51_cnano/production/_ext/9336626/plib_evsys.o
 .debug_info    0x0000000000000cee      0xbde build/sam_e51_cnano/production/_ext/830715028/plib_nvic.o
 .debug_info    0x00000000000018cc      0x8e5 build/sam_e51_cnano/production/_ext/226030394/plib_nvmctrl.o
 .debug_info    0x00000000000021b1      0x552 build/sam_e51_cnano/production/_ext/1220129992/plib_pac.o
 .debug_info    0x0000000000002703      0x6d4 build/sam_e51_cnano/production/_ext/830661877/plib_port.o
 .debug_info    0x0000000000002dd7      0xad8 build/sam_e51_cnano/production/_ext/1220132503/plib_rtc_timer.o
 .debug_info    0x00000000000038af     0x1812 build/sam_e51_cnano/production/_ext/314480351/plib_sercom5_usart.o
 .debug_info    0x00000000000050c1      0x33a build/sam_e51_cnano/production/_ext/8444704/plib_systick.o
 .debug_info    0x00000000000053fb      0x1d4 build/sam_e51_cnano/production/_ext/570918426/initialization.o
 .debug_info    0x00000000000055cf      0xa73 build/sam_e51_cnano/production/_ext/570918426/interrupts.o
 .debug_info    0x0000000000006042      0x116 build/sam_e51_cnano/production/_ext/570918426/exceptions.o
 .debug_info    0x0000000000006158      0x55b build/sam_e51_cnano/production/_ext/570918426/startup_xc32.o
 .debug_info    0x00000000000066b3       0xd6 build/sam_e51_cnano/production/_ext/570918426/tasks.o
 .debug_info    0x0000000000006789      0x4a0 build/sam_e51_cnano/production/_ext/1360937237/app.o
 .debug_info    0x0000000000006c29      0xf0f build/sam_e51_cnano/production/_ext/1360937237/app_live_update.o
 .debug_info    0x0000000000007b38       0xe4 build/sam_e51_cnano/production/_ext/1360937237/main.o
 .debug_info    0x0000000000007c1c       0x54 c:/program files/microchip/xc32/v4.45/bin/bin/../../lib/gcc/pic32c/8.3.1/../../../../pic32c/lib/thumb/v7e-m+fp/hard\libpic32c.a(data_init.o)
 .debug_info    0x0000000000007c70      0x2fb c:/program files/microchip/xc32/v4.45/bin/bin/../../lib/gcc/pic32c/8.3.1/../../../../pic32c/lib/thumb/v7e-m+fp/hard\libc-musl.a(__libc_start_main.o)
 .debug_info    0x0000000000007f6b      0x276 c:/program files/microchip/xc32/v4.45/bin/bin/../../lib/gcc/pic32c/8.3.1/../../../../pic32c/lib/thumb/v7e-m+fp/hard\libc-musl.a(libc.o)
 .debug_info    0x00000000000081e1       0x97 c:/program files/microchip/xc32/v4.45/bin/bin/../../lib/gcc/pic32c/8.3.1/../../../../pic32c/lib/thumb/v7e-m+fp/hard\libc-musl.a(__environ.o)
 .debug_info    0x0000000000008278       0x3f c:/program files/microchip/xc32/v4.45/bin/bin/../../lib/gcc/pic32c/8.3.1/../../../../pic32c/lib/thumb/v7e-m+fp/hard\libpic32c.a(pic32_data_init_clear.o)
 .debug_info    0x00000000000082b7       0x40 c:/program files/microchip/xc32/v4.45/bin/bin/../../lib/gcc/pic32c/8.3.1/../../../../pic32c/lib/thumb/v7e-m+fp/hard\libpic32c.a(pic32_data_init_copy.o)

.debug_abbrev   0x0000000000000000     0x1e68
 .debug_abbrev  0x0000000000000000       0xb3 build/sam_e51_cnano/production/_ext/673975658/bsp.o
 .debug_abbrev  0x00000000000000b3      0x10b build/sam_e51_cnano/production/_ext/7187140/plib_clock.o
 .debug_abbrev  0x00000000000001be       0xf3 build/sam_e51_cnano/production/_ext/1220119036/plib_dsu.o
 .debug_abbrev  0x00000000000002b1       0x46 build/sam_e51_cnano/production/_ext/9336626/plib_evsys.o
 .debug_abbrev  0x00000000000002f7      0x1fe build/sam_e51_cnano/production/_ext/830715028/plib_nvic.o
 .debug_abbrev  0x00000000000004f5      0x23c build/sam_e51_cnano/production/_ext/226030394/plib_nvmctrl.o
 .debug_abbrev  0x0000000000000731      0x19c build/sam_e51_cnano/production/_ext/1220129992/plib_pac.o
 .debug_abbrev  0x00000000000008cd      0x1cd build/sam_e51_cnano/production/_ext/830661877/plib_port.o
 .debug_abbrev  0x0000000000000a9a      0x1f0 build/sam_e51_cnano/production/_ext/1220132503/plib_rtc_timer.o
 .debug_abbrev  0x0000000000000c8a      0x41f build/sam_e51_cnano/production/_ext/314480351/plib_sercom5_usart.o
 .debug_abbrev  0x00000000000010a9      0x110 build/sam_e51_cnano/production/_ext/8444704/plib_systick.o
 .debug_abbrev  0x00000000000011b9       0x96 build/sam_e51_cnano/production/_ext/570918426/initialization.o
 .debug_abbrev  0x000000000000124f       0xc0 build/sam_e51_cnano/production/_ext/570918426/interrupts.o
 .debug_abbrev  0x000000000000130f       0x49 build/sam_e51_cnano/production/_ext/570918426/exceptions.o
 .debug_abbrev  0x0000000000001358      0x1e3 build/sam_e51_cnano/production/_ext/570918426/startup_xc32.o
 .debug_abbrev  0x000000000000153b       0x67 build/sam_e51_cnano/production/_ext/570918426/tasks.o
 .debug_abbrev  0x00000000000015a2      0x19f build/sam_e51_cnano/production/_ext/1360937237/app.o
 .debug_abbrev  0x0000000000001741      0x39c build/sam_e51_cnano/production/_ext/1360937237/app_live_update.o
 .debug_abbrev  0x0000000000001add       0x82 build/sam_e51_cnano/production/_ext/1360937237/main.o
 .debug_abbrev  0x0000000000001b5f       0x44 c:/program files/microchip/xc32/v4.45/bin/bin/../../lib/gcc/pic32c/8.3.1/../../../../pic32c/lib/thumb/v7e-m+fp/hard\libpic32c.a(data_init.o)
 .debug_abbrev  0x0000000000001ba3      0x133 c:/program files/microchip/xc32/v4.45/bin/bin/../../lib/gcc/pic32c/8.3.1/../../../../pic32c/lib/thumb/v7e-m+fp/hard\libc-musl.a(__libc_start_main.o)
 .debug_abbrev  0x0000000000001cd6       0xd4 c:/program files/microchip/xc32/v4.45/bin/bin/../../lib/gcc/pic32c/8.3.1/../../../../pic32c/lib/thumb/v7e-m+fp/hard\libc-musl.a(libc.o)
 .debug_abbrev  0x0000000000001daa       0x62 c:/program files/microchip/xc32/v4.45/bin/bin/../../lib/gcc/pic32c/8.3.1/../../../../pic32c/lib/thumb/v7e-m+fp/hard\libc-musl.a(__environ.o)
 .debug_abbrev  0x0000000000001e0c       0x2e c:/program files/microchip/xc32/v4.45/bin/bin/../../lib/gcc/pic32c/8.3.1/../../../../pic32c/lib/thumb/v7e-m+fp/hard\libpic32c.a(pic32_data_init_clear.o)
 .debug_abbrev  0x0000000000001e3a       0x2e c:/program files/microchip/xc32/v4.45/bin/bin/../../lib/gcc/pic32c/8.3.1/../../../../pic32c/lib/thumb/v7e-m+fp/hard\libpic32c.a(pic32_data_init_copy.o)

.debug_aranges  0x0000000000000000      0x668
 .debug_aranges
                0x0000000000000000       0x20 build/sam_e51_cnano/production/_ext/673975658/bsp.o
 .debug_aranges
                0x0000000000000020       0x20 build/sam_e51_cnano/production/_ext/7187140/plib_clock.o
 .debug_aranges
                0x0000000000000040       0x20 build/sam_e51_cnano/production/_ext/1220119036/plib_dsu.o
 .debug_aranges
                0x0000000000000060       0x20 build/sam_e51_cnano/production/_ext/9336626/plib_evsys.o
 .debug_aranges
                0x0000000000000080       0x38 build/sam_e51_cnano/production/_ext/830715028/plib_nvic.o
 .debug_aranges
                0x00000000000000b8       0xd8 build/sam_e51_cnano/production/_ext/226030394/plib_nvmctrl.o
 .debug_aranges
                0x0000000000000190       0x40 build/sam_e51_cnano/production/_ext/1220129992/plib_pac.o
 .debug_aranges
                0x00000000000001d0       0x70 build/sam_e51_cnano/production/_ext/830661877/plib_port.o
 .debug_aranges
                0x0000000000000240       0xb0 build/sam_e51_cnano/production/_ext/1220132503/plib_rtc_timer.o
 .debug_aranges
                0x00000000000002f0       0xe8 build/sam_e51_cnano/production/_ext/314480351/plib_sercom5_usart.o
 .debug_aranges
                0x00000000000003d8       0x70 build/sam_e51_cnano/production/_ext/8444704/plib_systick.o
 .debug_aranges
                0x0000000000000448       0x20 build/sam_e51_cnano/production/_ext/570918426/initialization.o
 .debug_aranges
                0x0000000000000468       0x20 build/sam_e51_cnano/production/_ext/570918426/interrupts.o
 .debug_aranges
                0x0000000000000488       0x48 build/sam_e51_cnano/production/_ext/570918426/exceptions.o
 .debug_aranges
                0x00000000000004d0       0x28 build/sam_e51_cnano/production/_ext/570918426/startup_xc32.o
 .debug_aranges
                0x00000000000004f8       0x20 build/sam_e51_cnano/production/_ext/570918426/tasks.o
 .debug_aranges
                0x0000000000000518       0x30 build/sam_e51_cnano/production/_ext/1360937237/app.o
 .debug_aranges
                0x0000000000000548       0x40 build/sam_e51_cnano/production/_ext/1360937237/app_live_update.o
 .debug_aranges
                0x0000000000000588       0x20 build/sam_e51_cnano/production/_ext/1360937237/main.o
 .debug_aranges
                0x00000000000005a8       0x28 c:/program files/microchip/xc32/v4.45/bin/bin/../../lib/gcc/pic32c/8.3.1/../../../../pic32c/lib/thumb/v7e-m+fp/hard\libpic32c.a(data_init.o)
 .debug_aranges
                0x00000000000005d0       0x28 c:/program files/microchip/xc32/v4.45/bin/bin/../../lib/gcc/pic32c/8.3.1/../../../../pic32c/lib/thumb/v7e-m+fp/hard\libc-musl.a(__libc_start_main.o)
 .debug_aranges
                0x00000000000005f8       0x18 c:/program files/microchip/xc32/v4.45/bin/bin/../../lib/gcc/pic32c/8.3.1/../../../../pic32c/lib/thumb/v7e-m+fp/hard\libc-musl.a(libc.o)
 .debug_aranges
                0x0000000000000610       0x18 c:/program files/microchip/xc32/v4.45/bin/bin/../../lib/gcc/pic32c/8.3.1/../../../../pic32c/lib/thumb/v7e-m+fp/hard\libc-musl.a(__environ.o)
 .debug_aranges
                0x0000000000000628       0x20 c:/program files/microchip/xc32/v4.45/bin/bin/../../lib/gcc/pic32c/8.3.1/../../../../pic32c/lib/thumb/v7e-m+fp/hard\libpic32c.a(pic32_data_init_clear.o)
 .debug_aranges
                0x0000000000000648       0x20 c:/program files/microchip/xc32/v4.45/bin/bin/../../lib/gcc/pic32c/8.3.1/../../../../pic32c/lib/thumb/v7e-m+fp/hard\libpic32c.a(pic32_data_init_copy.o)

.debug_ranges   0x0000000000000000      0x620
 .debug_ranges  0x0000000000000000       0x10 build/sam_e51_cnano/production/_ext/673975658/bsp.o
 .debug_ranges  0x0000000000000010       0x10 build/sam_e51_cnano/production/_ext/7187140/plib_clock.o
 .debug_ranges  0x0000000000000020       0x10 build/sam_e51_cnano/production/_ext/1220119036/plib_dsu.o
 .debug_ranges  0x0000000000000030       0x10 build/sam_e51_cnano/production/_ext/9336626/plib_evsys.o
 .debug_ranges  0x0000000000000040       0x28 build/sam_e51_cnano/production/_ext/830715028/plib_nvic.o
 .debug_ranges  0x0000000000000068       0xc8 build/sam_e51_cnano/production/_ext/226030394/plib_nvmctrl.o
 .debug_ranges  0x0000000000000130       0x30 build/sam_e51_cnano/production/_ext/1220129992/plib_pac.o
 .debug_ranges  0x0000000000000160       0x60 build/sam_e51_cnano/production/_ext/830661877/plib_port.o
 .debug_ranges  0x00000000000001c0       0xa0 build/sam_e51_cnano/production/_ext/1220132503/plib_rtc_timer.o
 .debug_ranges  0x0000000000000260      0x1d0 build/sam_e51_cnano/production/_ext/314480351/plib_sercom5_usart.o
 .debug_ranges  0x0000000000000430       0x60 build/sam_e51_cnano/production/_ext/8444704/plib_systick.o
 .debug_ranges  0x0000000000000490       0x10 build/sam_e51_cnano/production/_ext/570918426/initialization.o
 .debug_ranges  0x00000000000004a0       0x10 build/sam_e51_cnano/production/_ext/570918426/interrupts.o
 .debug_ranges  0x00000000000004b0       0x38 build/sam_e51_cnano/production/_ext/570918426/exceptions.o
 .debug_ranges  0x00000000000004e8       0x18 build/sam_e51_cnano/production/_ext/570918426/startup_xc32.o
 .debug_ranges  0x0000000000000500       0x10 build/sam_e51_cnano/production/_ext/570918426/tasks.o
 .debug_ranges  0x0000000000000510       0x20 build/sam_e51_cnano/production/_ext/1360937237/app.o
 .debug_ranges  0x0000000000000530       0x68 build/sam_e51_cnano/production/_ext/1360937237/app_live_update.o
 .debug_ranges  0x0000000000000598       0x10 build/sam_e51_cnano/production/_ext/1360937237/main.o
 .debug_ranges  0x00000000000005a8       0x18 c:/program files/microchip/xc32/v4.45/bin/bin/../../lib/gcc/pic32c/8.3.1/../../../../pic32c/lib/thumb/v7e-m+fp/hard\libpic32c.a(data_init.o)
 .debug_ranges  0x00000000000005c0       0x40 c:/program files/microchip/xc32/v4.45/bin/bin/../../lib/gcc/pic32c/8.3.1/../../../../pic32c/lib/thumb/v7e-m+fp/hard\libc-musl.a(__libc_start_main.o)
 .debug_ranges  0x0000000000000600       0x10 c:/program files/microchip/xc32/v4.45/bin/bin/../../lib/gcc/pic32c/8.3.1/../../../../pic32c/lib/thumb/v7e-m+fp/hard\libpic32c.a(pic32_data_init_clear.o)
 .debug_ranges  0x0000000000000610       0x10 c:/program files/microchip/xc32/v4.45/bin/bin/../../lib/gcc/pic32c/8.3.1/../../../../pic32c/lib/thumb/v7e-m+fp/hard\libpic32c.a(pic32_data_init_copy.o)

.debug_line     0x0000000000000000     0x3f12
 .debug_line    0x0000000000000000       0xdf build/sam_e51_cnano/production/_ext/673975658/bsp.o
 .debug_line    0x00000000000000df      0x25d build/sam_e51_cnano/production/_ext/7187140/plib_clock.o
 .debug_line    0x000000000000033c      0x16c build/sam_e51_cnano/production/_ext/1220119036/plib_dsu.o
 .debug_line    0x00000000000004a8       0x6c build/sam_e51_cnano/production/_ext/9336626/plib_evsys.o
 .debug_line    0x0000000000000514      0x40a build/sam_e51_cnano/production/_ext/830715028/plib_nvic.o
 .debug_line    0x000000000000091e      0x5bf build/sam_e51_cnano/production/_ext/226030394/plib_nvmctrl.o
 .debug_line    0x0000000000000edd      0x1ce build/sam_e51_cnano/production/_ext/1220129992/plib_pac.o
 .debug_line    0x00000000000010ab      0x2bf build/sam_e51_cnano/production/_ext/830661877/plib_port.o
 .debug_line    0x000000000000136a      0x43a build/sam_e51_cnano/production/_ext/1220132503/plib_rtc_timer.o
 .debug_line    0x00000000000017a4      0xcf8 build/sam_e51_cnano/production/_ext/314480351/plib_sercom5_usart.o
 .debug_line    0x000000000000249c      0x311 build/sam_e51_cnano/production/_ext/8444704/plib_systick.o
 .debug_line    0x00000000000027ad      0x2fc build/sam_e51_cnano/production/_ext/570918426/initialization.o
 .debug_line    0x0000000000002aa9       0xc0 build/sam_e51_cnano/production/_ext/570918426/interrupts.o
 .debug_line    0x0000000000002b69       0xcc build/sam_e51_cnano/production/_ext/570918426/exceptions.o
 .debug_line    0x0000000000002c35      0x24c build/sam_e51_cnano/production/_ext/570918426/startup_xc32.o
 .debug_line    0x0000000000002e81       0x85 build/sam_e51_cnano/production/_ext/570918426/tasks.o
 .debug_line    0x0000000000002f06      0x2a9 build/sam_e51_cnano/production/_ext/1360937237/app.o
 .debug_line    0x00000000000031af      0x7fb build/sam_e51_cnano/production/_ext/1360937237/app_live_update.o
 .debug_line    0x00000000000039aa       0x73 build/sam_e51_cnano/production/_ext/1360937237/main.o
 .debug_line    0x0000000000003a1d       0x92 c:/program files/microchip/xc32/v4.45/bin/bin/../../lib/gcc/pic32c/8.3.1/../../../../pic32c/lib/thumb/v7e-m+fp/hard\libpic32c.a(data_init.o)
 .debug_line    0x0000000000003aaf      0x1c7 c:/program files/microchip/xc32/v4.45/bin/bin/../../lib/gcc/pic32c/8.3.1/../../../../pic32c/lib/thumb/v7e-m+fp/hard\libc-musl.a(__libc_start_main.o)
 .debug_line    0x0000000000003c76       0xb5 c:/program files/microchip/xc32/v4.45/bin/bin/../../lib/gcc/pic32c/8.3.1/../../../../pic32c/lib/thumb/v7e-m+fp/hard\libc-musl.a(libc.o)
 .debug_line    0x0000000000003d2b       0xfb c:/program files/microchip/xc32/v4.45/bin/bin/../../lib/gcc/pic32c/8.3.1/../../../../pic32c/lib/thumb/v7e-m+fp/hard\libc-musl.a(__environ.o)
 .debug_line    0x0000000000003e26       0x72 c:/program files/microchip/xc32/v4.45/bin/bin/../../lib/gcc/pic32c/8.3.1/../../../../pic32c/lib/thumb/v7e-m+fp/hard\libpic32c.a(pic32_data_init_clear.o)
 .debug_line    0x0000000000003e98       0x7a c:/program files/microchip/xc32/v4.45/bin/bin/../../lib/gcc/pic32c/8.3.1/../../../../pic32c/lib/thumb/v7e-m+fp/hard\libpic32c.a(pic32_data_init_copy.o)

.debug_str      0x0000000000000000     0x965e
 .debug_str     0x0000000000000000      0x3bd build/sam_e51_cnano/production/_ext/673975658/bsp.o
 .debug_str     0x00000000000003bd      0x69e build/sam_e51_cnano/production/_ext/7187140/plib_clock.o
 .debug_str     0x0000000000000a5b      0x469 build/sam_e51_cnano/production/_ext/1220119036/plib_dsu.o
 .debug_str     0x0000000000000ec4      0x2fa build/sam_e51_cnano/production/_ext/9336626/plib_evsys.o
 .debug_str     0x00000000000011be      0xc73 build/sam_e51_cnano/production/_ext/830715028/plib_nvic.o
 .debug_str     0x0000000000001e31      0x6fb build/sam_e51_cnano/production/_ext/226030394/plib_nvmctrl.o
 .debug_str     0x000000000000252c      0x971 build/sam_e51_cnano/production/_ext/1220129992/plib_pac.o
 .debug_str     0x0000000000002e9d      0x90c build/sam_e51_cnano/production/_ext/830661877/plib_port.o
 .debug_str     0x00000000000037a9      0x79d build/sam_e51_cnano/production/_ext/1220132503/plib_rtc_timer.o
 .debug_str     0x0000000000003f46      0xdea build/sam_e51_cnano/production/_ext/314480351/plib_sercom5_usart.o
 .debug_str     0x0000000000004d30      0x457 build/sam_e51_cnano/production/_ext/8444704/plib_systick.o
 .debug_str     0x0000000000005187      0x3d3 build/sam_e51_cnano/production/_ext/570918426/initialization.o
 .debug_str     0x000000000000555a      0xf00 build/sam_e51_cnano/production/_ext/570918426/interrupts.o
 .debug_str     0x000000000000645a      0x359 build/sam_e51_cnano/production/_ext/570918426/exceptions.o
 .debug_str     0x00000000000067b3      0x493 build/sam_e51_cnano/production/_ext/570918426/startup_xc32.o
 .debug_str     0x0000000000006c46      0x303 build/sam_e51_cnano/production/_ext/570918426/tasks.o
 .debug_str     0x0000000000006f49      0x510 build/sam_e51_cnano/production/_ext/1360937237/app.o
 .debug_str     0x0000000000007459     0x1021 build/sam_e51_cnano/production/_ext/1360937237/app_live_update.o
 .debug_str     0x000000000000847a      0x2e1 build/sam_e51_cnano/production/_ext/1360937237/main.o
 .debug_str     0x000000000000875b      0x1f5 c:/program files/microchip/xc32/v4.45/bin/bin/../../lib/gcc/pic32c/8.3.1/../../../../pic32c/lib/thumb/v7e-m+fp/hard\libpic32c.a(data_init.o)
 .debug_str     0x0000000000008950      0x3d4 c:/program files/microchip/xc32/v4.45/bin/bin/../../lib/gcc/pic32c/8.3.1/../../../../pic32c/lib/thumb/v7e-m+fp/hard\libc-musl.a(__libc_start_main.o)
 .debug_str     0x0000000000008d24      0x33f c:/program files/microchip/xc32/v4.45/bin/bin/../../lib/gcc/pic32c/8.3.1/../../../../pic32c/lib/thumb/v7e-m+fp/hard\libc-musl.a(libc.o)
 .debug_str     0x0000000000009063      0x23f c:/program files/microchip/xc32/v4.45/bin/bin/../../lib/gcc/pic32c/8.3.1/../../../../pic32c/lib/thumb/v7e-m+fp/hard\libc-musl.a(__environ.o)
 .debug_str     0x00000000000092a2      0x1df c:/program files/microchip/xc32/v4.45/bin/bin/../../lib/gcc/pic32c/8.3.1/../../../../pic32c/lib/thumb/v7e-m+fp/hard\libpic32c.a(pic32_data_init_clear.o)
 .debug_str     0x0000000000009481      0x1dd c:/program files/microchip/xc32/v4.45/bin/bin/../../lib/gcc/pic32c/8.3.1/../../../../pic32c/lib/thumb/v7e-m+fp/hard\libpic32c.a(pic32_data_init_copy.o)

.debug_frame    0x0000000000000000      0xb48
 .debug_frame   0x0000000000000000       0x20 build/sam_e51_cnano/production/_ext/673975658/bsp.o
 .debug_frame   0x0000000000000020       0x20 build/sam_e51_cnano/production/_ext/7187140/plib_clock.o
 .debug_frame   0x0000000000000040       0x34 build/sam_e51_cnano/production/_ext/1220119036/plib_dsu.o
 .debug_frame   0x0000000000000074       0x20 build/sam_e51_cnano/production/_ext/9336626/plib_evsys.o
 .debug_frame   0x0000000000000094       0x50 build/sam_e51_cnano/production/_ext/830715028/plib_nvic.o
 .debug_frame   0x00000000000000e4      0x1d8 build/sam_e51_cnano/production/_ext/226030394/plib_nvmctrl.o
 .debug_frame   0x00000000000002bc       0x68 build/sam_e51_cnano/production/_ext/1220129992/plib_pac.o
 .debug_frame   0x0000000000000324       0xcc build/sam_e51_cnano/production/_ext/830661877/plib_port.o
 .debug_frame   0x00000000000003f0      0x148 build/sam_e51_cnano/production/_ext/1220132503/plib_rtc_timer.o
 .debug_frame   0x0000000000000538      0x240 build/sam_e51_cnano/production/_ext/314480351/plib_sercom5_usart.o
 .debug_frame   0x0000000000000778       0xe0 build/sam_e51_cnano/production/_ext/8444704/plib_systick.o
 .debug_frame   0x0000000000000858       0x28 build/sam_e51_cnano/production/_ext/570918426/initialization.o
 .debug_frame   0x0000000000000880       0x20 build/sam_e51_cnano/production/_ext/570918426/interrupts.o
 .debug_frame   0x00000000000008a0       0x70 build/sam_e51_cnano/production/_ext/570918426/exceptions.o
 .debug_frame   0x0000000000000910       0x38 build/sam_e51_cnano/production/_ext/570918426/startup_xc32.o
 .debug_frame   0x0000000000000948       0x28 build/sam_e51_cnano/production/_ext/570918426/tasks.o
 .debug_frame   0x0000000000000970       0x50 build/sam_e51_cnano/production/_ext/1360937237/app.o
 .debug_frame   0x00000000000009c0       0xa0 build/sam_e51_cnano/production/_ext/1360937237/app_live_update.o
 .debug_frame   0x0000000000000a60       0x28 build/sam_e51_cnano/production/_ext/1360937237/main.o
 .debug_frame   0x0000000000000a88       0x3c c:/program files/microchip/xc32/v4.45/bin/bin/../../lib/gcc/pic32c/8.3.1/../../../../pic32c/lib/thumb/v7e-m+fp/hard\libpic32c.a(data_init.o)
 .debug_frame   0x0000000000000ac4       0x3c c:/program files/microchip/xc32/v4.45/bin/bin/../../lib/gcc/pic32c/8.3.1/../../../../pic32c/lib/thumb/v7e-m+fp/hard\libc-musl.a(__libc_start_main.o)
 .debug_frame   0x0000000000000b00       0x20 c:/program files/microchip/xc32/v4.45/bin/bin/../../lib/gcc/pic32c/8.3.1/../../../../pic32c/lib/thumb/v7e-m+fp/hard\libpic32c.a(pic32_data_init_clear.o)
 .debug_frame   0x0000000000000b20       0x28 c:/program files/microchip/xc32/v4.45/bin/bin/../../lib/gcc/pic32c/8.3.1/../../../../pic32c/lib/thumb/v7e-m+fp/hard\libpic32c.a(pic32_data_init_copy.o)

.debug_loc      0x0000000000000000     0x2525
 .debug_loc     0x0000000000000000      0x1b6 build/sam_e51_cnano/production/_ext/1220119036/plib_dsu.o
 .debug_loc     0x00000000000001b6      0x209 build/sam_e51_cnano/production/_ext/830715028/plib_nvic.o
 .debug_loc     0x00000000000003bf      0x83e build/sam_e51_cnano/production/_ext/226030394/plib_nvmctrl.o
 .debug_loc     0x0000000000000bfd       0xef build/sam_e51_cnano/production/_ext/1220129992/plib_pac.o
 .debug_loc     0x0000000000000cec      0x1bc build/sam_e51_cnano/production/_ext/830661877/plib_port.o
 .debug_loc     0x0000000000000ea8       0xde build/sam_e51_cnano/production/_ext/1220132503/plib_rtc_timer.o
 .debug_loc     0x0000000000000f86      0xcc6 build/sam_e51_cnano/production/_ext/314480351/plib_sercom5_usart.o
 .debug_loc     0x0000000000001c4c      0x27d build/sam_e51_cnano/production/_ext/8444704/plib_systick.o
 .debug_loc     0x0000000000001ec9       0x45 build/sam_e51_cnano/production/_ext/570918426/initialization.o
 .debug_loc     0x0000000000001f0e       0x4a build/sam_e51_cnano/production/_ext/570918426/startup_xc32.o
 .debug_loc     0x0000000000001f58       0x20 build/sam_e51_cnano/production/_ext/570918426/tasks.o
 .debug_loc     0x0000000000001f78       0x40 build/sam_e51_cnano/production/_ext/1360937237/app.o
 .debug_loc     0x0000000000001fb8      0x4d4 build/sam_e51_cnano/production/_ext/1360937237/app_live_update.o
 .debug_loc     0x000000000000248c       0x20 build/sam_e51_cnano/production/_ext/1360937237/main.o
 .debug_loc     0x00000000000024ac       0x14 c:/program files/microchip/xc32/v4.45/bin/bin/../../lib/gcc/pic32c/8.3.1/../../../../pic32c/lib/thumb/v7e-m+fp/hard\libpic32c.a(data_init.o)
 .debug_loc     0x00000000000024c0       0x51 c:/program files/microchip/xc32/v4.45/bin/bin/../../lib/gcc/pic32c/8.3.1/../../../../pic32c/lib/thumb/v7e-m+fp/hard\libc-musl.a(__libc_start_main.o)
 .debug_loc     0x0000000000002511       0x14 c:/program files/microchip/xc32/v4.45/bin/bin/../../lib/gcc/pic32c/8.3.1/../../../../pic32c/lib/thumb/v7e-m+fp/hard\libpic32c.a(pic32_data_init_copy.o)

.note.GNU-stack
                0x0000000000000000        0x0
 .note.GNU-stack
                0x0000000000000000        0x0 c:/program files/microchip/xc32/v4.45/bin/bin/../../lib/gcc/pic32c/8.3.1/../../../../pic32c/lib/thumb/v7e-m+fp/hard\libc-musl.a(__libc_start_main.o)
 .note.GNU-stack
                0x0000000000000000        0x0 c:/program files/microchip/xc32/v4.45/bin/bin/../../lib/gcc/pic32c/8.3.1/../../../../pic32c/lib/thumb/v7e-m+fp/hard\libc-musl.a(libc.o)
 .note.GNU-stack
                0x0000000000000000        0x0 c:/program files/microchip/xc32/v4.45/bin/bin/../../lib/gcc/pic32c/8.3.1/../../../../pic32c/lib/thumb/v7e-m+fp/hard\libc-musl.a(__environ.o)

.stack          0x0000000020004430      0x100
 .stack         0x0000000020004430      0x100 stack

.bss.lu_input_buffer%1
                0x0000000020000010     0x2004
 .bss.lu_input_buffer
                0x0000000020000010     0x2004 build/sam_e51_cnano/production/_ext/1360937237/app_live_update.o

.bss.lu_flash_data%2
                0x0000000020002014     0x2000
 .bss.lu_flash_data
                0x0000000020002014     0x2000 build/sam_e51_cnano/production/_ext/1360937237/app_live_update.o

.bss.SERCOM5_USART_ReadBuffer%3
                0x0000000020004014       0x80
 .bss.SERCOM5_USART_ReadBuffer
                0x0000000020004014       0x80 build/sam_e51_cnano/production/_ext/314480351/plib_sercom5_usart.o

.bss.SERCOM5_USART_WriteBuffer%4
                0x0000000020004094       0x80
 .bss.SERCOM5_USART_WriteBuffer
                0x0000000020004094       0x80 build/sam_e51_cnano/production/_ext/314480351/plib_sercom5_usart.o

.bss%5          0x0000000020004114       0x50
 .bss           0x0000000020004114       0x50 c:/program files/microchip/xc32/v4.45/bin/bin/../../lib/gcc/pic32c/8.3.1/../../../../pic32c/lib/thumb/v7e-m+fp/hard\libc-musl.a(libc.o)
                0x0000000020004114                __progname_full
                0x0000000020004114                program_invocation_name
                0x0000000020004118                program_invocation_short_name
                0x0000000020004118                __progname
                0x000000002000411c                __sysinfo
                0x0000000020004120                __hwcap
                0x0000000020004124                __libc

.bss.sercom5USARTObj%6
                0x0000000020004164       0x40
 .bss.sercom5USARTObj
                0x0000000020004164       0x40 build/sam_e51_cnano/production/_ext/314480351/plib_sercom5_usart.o

.bss%7          0x00000000200041a4       0x1c
 .bss           0x00000000200041a4       0x1c c:/program files/microchip/xc32/v4.45/bin/bin/../../lib/gcc/pic32c/8.3.1/thumb/v7e-m+fp/hard/crtbegin.o

.bss.rtcObj%8   0x00000000200041c0        0xc
 .bss.rtcObj    0x00000000200041c0        0xc build/sam_e51_cnano/production/_ext/1220132503/plib_rtc_timer.o

.bss.pacCallbackObject%9
                0x00000000200041cc        0x8
 .bss.pacCallbackObject
                0x00000000200041cc        0x8 build/sam_e51_cnano/production/_ext/1220129992/plib_pac.o

.bss.app_live_update%10
                0x00000000200041d4        0x7
 .bss.app_live_update
                0x00000000200041d4        0x7 build/sam_e51_cnano/production/_ext/1360937237/app_live_update.o
                0x00000000200041d4                app_live_update

.bss.bytes_read.8975%11
                0x00000000200041dc        0x4
 .bss.bytes_read.8975
                0x00000000200041dc        0x4 build/sam_e51_cnano/production/_ext/1360937237/app_live_update.o

.bss.lu_flash_addr%12
                0x00000000200041e0        0x4
 .bss.lu_flash_addr
                0x00000000200041e0        0x4 build/sam_e51_cnano/production/_ext/1360937237/app_live_update.o

.bss.lu_unlock_begin%13
                0x00000000200041e4        0x4
 .bss.lu_unlock_begin
                0x00000000200041e4        0x4 build/sam_e51_cnano/production/_ext/1360937237/app_live_update.o

.bss.lu_unlock_end%14
                0x00000000200041e8        0x4
 .bss.lu_unlock_end
                0x00000000200041e8        0x4 build/sam_e51_cnano/production/_ext/1360937237/app_live_update.o

.bss.ptr.8976%15
                0x00000000200041ec        0x4
 .bss.ptr.8976  0x00000000200041ec        0x4 build/sam_e51_cnano/production/_ext/1360937237/app_live_update.o

.bss.size.8977%16
                0x00000000200041f0        0x4
 .bss.size.8977
                0x00000000200041f0        0x4 build/sam_e51_cnano/production/_ext/1360937237/app_live_update.o

.bss%17         0x00000000200041f4        0x4
 .bss           0x00000000200041f4        0x4 c:/program files/microchip/xc32/v4.45/bin/bin/../../lib/gcc/pic32c/8.3.1/../../../../pic32c/lib/thumb/v7e-m+fp/hard\libpic32c.a(data_init.o)

.bss%18         0x00000000200041f8        0x4
 .bss           0x00000000200041f8        0x4 c:/program files/microchip/xc32/v4.45/bin/bin/../../lib/gcc/pic32c/8.3.1/../../../../pic32c/lib/thumb/v7e-m+fp/hard\libc-musl.a(__environ.o)
                0x00000000200041f8                __environ
                0x00000000200041f8                environ
                0x00000000200041f8                ___environ
                0x00000000200041f8                _environ

.bss.nvmctrlStatus%19
                0x00000000200041fc        0x2
 .bss.nvmctrlStatus
                0x00000000200041fc        0x2 build/sam_e51_cnano/production/_ext/1360937237/app.o

.bss.appData%20
                0x0000000020004200        0x1
 .bss.appData   0x0000000020004200        0x1 build/sam_e51_cnano/production/_ext/1360937237/app.o
                0x0000000020004200                appData

.bss.nvm_error%21
                0x00000000200041fe        0x2
 .bss.nvm_error
                0x00000000200041fe        0x2 build/sam_e51_cnano/production/_ext/226030394/plib_nvmctrl.o

.bss.isRTCExpired%22
                0x00000000200041db        0x1
 .bss.isRTCExpired
                0x00000000200041db        0x1 build/sam_e51_cnano/production/_ext/1360937237/app.o

.bss.changeSamplingRate%23
                0x0000000020004201        0x1
 .bss.changeSamplingRate
                0x0000000020004201        0x1 build/sam_e51_cnano/production/_ext/1360937237/app_live_update.o
                0x0000000020004201                changeSamplingRate

.bss.header_received.8978%24
                0x0000000020004202        0x1
 .bss.header_received.8978
                0x0000000020004202        0x1 build/sam_e51_cnano/production/_ext/1360937237/app_live_update.o

.bss.isLiveUpdateFailure%25
                0x0000000020004203        0x1
 .bss.isLiveUpdateFailure
                0x0000000020004203        0x1 build/sam_e51_cnano/production/_ext/1360937237/app_live_update.o
                0x0000000020004203                isLiveUpdateFailure

.bss.resp.8992%26
                0x0000000020004204        0x1
 .bss.resp.8992
                0x0000000020004204        0x1 build/sam_e51_cnano/production/_ext/1360937237/app_live_update.o

.data.messageA%27
                0x0000000020004208        0x4
 .data.messageA
                0x0000000020004208        0x4 build/sam_e51_cnano/production/_ext/1360937237/app.o
                0x0000000020004208                messageA

.data.messageB%28
                0x000000002000420c        0x4
 .data.messageB
                0x000000002000420c        0x4 build/sam_e51_cnano/production/_ext/1360937237/app.o
                0x000000002000420c                messageB

.eh_frame%z1    0x0000000000000000        0x0
 .eh_frame      0x0000000000000000        0x0 c:/program files/microchip/xc32/v4.45/bin/bin/../../lib/gcc/pic32c/8.3.1/thumb/v7e-m+fp/hard/crtbegin.o

.text.APP_LIVE_UPDATE_ServiceTasks%29
                0x0000000000002280      0x168
 .text.APP_LIVE_UPDATE_ServiceTasks
                0x0000000000002280      0x168 build/sam_e51_cnano/production/_ext/1360937237/app_live_update.o
                0x0000000000002280                APP_LIVE_UPDATE_ServiceTasks

.text.APP_LIVE_UPDATE_Tasks%30
                0x00000000000023e8      0x14c
 .text.APP_LIVE_UPDATE_Tasks
                0x00000000000023e8      0x14c build/sam_e51_cnano/production/_ext/1360937237/app_live_update.o
                0x00000000000023e8                APP_LIVE_UPDATE_Tasks

.text.usart_ReadEventHandler%31
                0x0000000000002534      0x120
 .text.usart_ReadEventHandler
                0x0000000000002534      0x120 build/sam_e51_cnano/production/_ext/1360937237/app_live_update.o
                0x0000000000002534                usart_ReadEventHandler

.dinit%32       0x0000000000002654      0x110
 .dinit         0x0000000000002654      0x110 data_init

.text.APP_Tasks%33
                0x0000000000002764      0x100
 .text.APP_Tasks
                0x0000000000002764      0x100 build/sam_e51_cnano/production/_ext/1360937237/app.o
                0x0000000000002764                APP_Tasks

.text.CLOCK_Initialize%34
                0x0000000000002864       0xd8
 .text.CLOCK_Initialize
                0x0000000000002864       0xd8 build/sam_e51_cnano/production/_ext/7187140/plib_clock.o
                0x0000000000002864                CLOCK_Initialize

.text.SERCOM5_USART_Write%35
                0x000000000000293c       0xd8
 .text.SERCOM5_USART_Write
                0x000000000000293c       0xd8 build/sam_e51_cnano/production/_ext/314480351/plib_sercom5_usart.o
                0x000000000000293c                SERCOM5_USART_Write

.text.SERCOM5_USART_ISR_RX_Handler%36
                0x0000000000002a14       0xb8
 .text.SERCOM5_USART_ISR_RX_Handler
                0x0000000000002a14       0xb8 build/sam_e51_cnano/production/_ext/314480351/plib_sercom5_usart.o

.text.SERCOM5_USART_ISR_TX_Handler%37
                0x0000000000002acc       0xa8
 .text.SERCOM5_USART_ISR_TX_Handler
                0x0000000000002acc       0xa8 build/sam_e51_cnano/production/_ext/314480351/plib_sercom5_usart.o

.text.Reset_Handler%38
                0x0000000000002b74       0x88
 .text.Reset_Handler
                0x0000000000002b74       0x88 build/sam_e51_cnano/production/_ext/570918426/startup_xc32.o
                0x0000000000002b74                Reset_Handler

.text.SERCOM5_USART_Read%39
                0x0000000000002bfc       0x84
 .text.SERCOM5_USART_Read
                0x0000000000002bfc       0x84 build/sam_e51_cnano/production/_ext/314480351/plib_sercom5_usart.o
                0x0000000000002bfc                SERCOM5_USART_Read

.text.NVIC_Initialize%40
                0x0000000000002c80       0x7c
 .text.NVIC_Initialize
                0x0000000000002c80       0x7c build/sam_e51_cnano/production/_ext/830715028/plib_nvic.o
                0x0000000000002c80                NVIC_Initialize

.text.SERCOM5_USART_Initialize%41
                0x0000000000002cfc       0x7c
 .text.SERCOM5_USART_Initialize
                0x0000000000002cfc       0x7c build/sam_e51_cnano/production/_ext/314480351/plib_sercom5_usart.o
                0x0000000000002cfc                SERCOM5_USART_Initialize

.text.__libc_start_init%42
                0x0000000000002d78       0x5c
 .text.__libc_start_init
                0x0000000000002d78       0x5c c:/program files/microchip/xc32/v4.45/bin/bin/../../lib/gcc/pic32c/8.3.1/../../../../pic32c/lib/thumb/v7e-m+fp/hard\libc-musl.a(__libc_start_main.o)
                0x0000000000002d78                __libc_init_array

.text.SERCOM5_USART_InterruptHandler%43
                0x0000000000002dd4       0x58
 .text.SERCOM5_USART_InterruptHandler
                0x0000000000002dd4       0x58 build/sam_e51_cnano/production/_ext/314480351/plib_sercom5_usart.o
                0x0000000000002dd4                SERCOM5_USART_InterruptHandler

.rodata.str1.4%44
                0x0000000000002e2c       0x58
 .rodata.str1.4
                0x0000000000002e2c       0x58 build/sam_e51_cnano/production/_ext/1360937237/app.o

.text.RTC_Initialize%45
                0x0000000000002e84       0x54
 .text.RTC_Initialize
                0x0000000000002e84       0x54 build/sam_e51_cnano/production/_ext/1220132503/plib_rtc_timer.o
                0x0000000000002e84                RTC_Initialize

.text.DSU_CRCCalculate%46
                0x0000000000002ed8       0x4c
 .text.DSU_CRCCalculate
                0x0000000000002ed8       0x4c build/sam_e51_cnano/production/_ext/1220119036/plib_dsu.o
                0x0000000000002ed8                DSU_CRCCalculate

.text.SERCOM5_USART_ISR_ERR_Handler%47
                0x0000000000002f24       0x4c
 .text.SERCOM5_USART_ISR_ERR_Handler
                0x0000000000002f24       0x4c build/sam_e51_cnano/production/_ext/314480351/plib_sercom5_usart.o

.text%48        0x0000000000002f70       0x40
 .text          0x0000000000002f70       0x40 c:/program files/microchip/xc32/v4.45/bin/bin/../../lib/gcc/pic32c/8.3.1/thumb/v7e-m+fp/hard/crtbegin.o

.text.NVMCTRL_PageWrite%49
                0x0000000000002fb0       0x40
 .text.NVMCTRL_PageWrite
                0x0000000000002fb0       0x40 build/sam_e51_cnano/production/_ext/226030394/plib_nvmctrl.o
                0x0000000000002fb0                NVMCTRL_PageWrite

.text.PAC_InterruptHandler%50
                0x0000000000002ff0       0x3c
 .text.PAC_InterruptHandler
                0x0000000000002ff0       0x3c build/sam_e51_cnano/production/_ext/1220129992/plib_pac.o
                0x0000000000002ff0                PAC_InterruptHandler

.text.PORT_Initialize%51
                0x000000000000302c       0x3c
 .text.PORT_Initialize
                0x000000000000302c       0x3c build/sam_e51_cnano/production/_ext/830661877/plib_port.o
                0x000000000000302c                PORT_Initialize

.text.SYS_Initialize%52
                0x0000000000003068       0x34
 .text.SYS_Initialize
                0x0000000000003068       0x34 build/sam_e51_cnano/production/_ext/570918426/initialization.o
                0x0000000000003068                SYS_Initialize

.text.__pic32c_data_initialization%53
                0x000000000000309c       0x34
 .text.__pic32c_data_initialization
                0x000000000000309c       0x34 c:/program files/microchip/xc32/v4.45/bin/bin/../../lib/gcc/pic32c/8.3.1/../../../../pic32c/lib/thumb/v7e-m+fp/hard\libpic32c.a(data_init.o)
                0x000000000000309c                __pic32c_data_initialization

.text.RTC_InterruptHandler%54
                0x00000000000030d0       0x2c
 .text.RTC_InterruptHandler
                0x00000000000030d0       0x2c build/sam_e51_cnano/production/_ext/1220132503/plib_rtc_timer.o
                0x00000000000030d0                RTC_InterruptHandler

.text.APP_Initialize%55
                0x00000000000030fc       0x28
 .text.APP_Initialize
                0x00000000000030fc       0x28 build/sam_e51_cnano/production/_ext/1360937237/app.o
                0x00000000000030fc                APP_Initialize

.text.send_Response%56
                0x0000000000003124       0x24
 .text.send_Response
                0x0000000000003124       0x24 build/sam_e51_cnano/production/_ext/1360937237/app_live_update.o

.text.__dinit_copy%57
                0x0000000000003148       0x1e
 .text.__dinit_copy
                0x0000000000003148       0x1e c:/program files/microchip/xc32/v4.45/bin/bin/../../lib/gcc/pic32c/8.3.1/../../../../pic32c/lib/thumb/v7e-m+fp/hard\libpic32c.a(pic32_data_init_copy.o)
                0x0000000000003148                __dinit_copy_needed
                0x0000000000003148                __dinit_copy

.text.NVMCTRL_BlockErase%58
                0x0000000000003168       0x1c
 .text.NVMCTRL_BlockErase
                0x0000000000003168       0x1c build/sam_e51_cnano/production/_ext/226030394/plib_nvmctrl.o
                0x0000000000003168                NVMCTRL_BlockErase

.text.SYSTICK_TimerInitialize%59
                0x0000000000003184       0x1c
 .text.SYSTICK_TimerInitialize
                0x0000000000003184       0x1c build/sam_e51_cnano/production/_ext/8444704/plib_systick.o
                0x0000000000003184                SYSTICK_TimerInitialize

.text.SYSTICK_TimerRestart%60
                0x00000000000031a0       0x1c
 .text.SYSTICK_TimerRestart
                0x00000000000031a0       0x1c build/sam_e51_cnano/production/_ext/8444704/plib_systick.o
                0x00000000000031a0                SYSTICK_TimerRestart

.text.APP_LIVE_UPDATE_Initialize%61
                0x00000000000031bc       0x1c
 .text.APP_LIVE_UPDATE_Initialize
                0x00000000000031bc       0x1c build/sam_e51_cnano/production/_ext/1360937237/app_live_update.o
                0x00000000000031bc                APP_LIVE_UPDATE_Initialize

.text.RTC_Timer32Start%62
                0x00000000000031d8       0x18
 .text.RTC_Timer32Start
                0x00000000000031d8       0x18 build/sam_e51_cnano/production/_ext/1220132503/plib_rtc_timer.o
                0x00000000000031d8                RTC_Timer32Start

.text.SERCOM5_USART_WritePendingBytesGet%63
                0x00000000000031f0       0x18
 .text.SERCOM5_USART_WritePendingBytesGet
                0x00000000000031f0       0x18 build/sam_e51_cnano/production/_ext/314480351/plib_sercom5_usart.o

.text.SERCOM5_USART_ReadCountGet%64
                0x0000000000003208       0x18
 .text.SERCOM5_USART_ReadCountGet
                0x0000000000003208       0x18 build/sam_e51_cnano/production/_ext/314480351/plib_sercom5_usart.o
                0x0000000000003208                SERCOM5_USART_ReadCountGet

.text.SERCOM5_USART_ReadNotificationEnable%65
                0x0000000000003220       0x18
 .text.SERCOM5_USART_ReadNotificationEnable
                0x0000000000003220       0x18 build/sam_e51_cnano/production/_ext/314480351/plib_sercom5_usart.o
                0x0000000000003220                SERCOM5_USART_ReadNotificationEnable

.text.BSP_Initialize%66
                0x0000000000003238       0x14
 .text.BSP_Initialize
                0x0000000000003238       0x14 build/sam_e51_cnano/production/_ext/673975658/bsp.o
                0x0000000000003238                BSP_Initialize

.text.NVMCTRL_IsBusy%67
                0x000000000000324c       0x14
 .text.NVMCTRL_IsBusy
                0x000000000000324c       0x14 build/sam_e51_cnano/production/_ext/226030394/plib_nvmctrl.o
                0x000000000000324c                NVMCTRL_IsBusy

.text.RTC_Timer32Compare0Set%68
                0x0000000000003260       0x14
 .text.RTC_Timer32Compare0Set
                0x0000000000003260       0x14 build/sam_e51_cnano/production/_ext/1220132503/plib_rtc_timer.o
                0x0000000000003260                RTC_Timer32Compare0Set

.text.SERCOM5_USART_WriteFreeBufferCountGet%69
                0x0000000000003274       0x14
 .text.SERCOM5_USART_WriteFreeBufferCountGet
                0x0000000000003274       0x14 build/sam_e51_cnano/production/_ext/314480351/plib_sercom5_usart.o
                0x0000000000003274                SERCOM5_USART_WriteFreeBufferCountGet

.text.SYSTICK_TimerStart%70
                0x0000000000003288       0x14
 .text.SYSTICK_TimerStart
                0x0000000000003288       0x14 build/sam_e51_cnano/production/_ext/8444704/plib_systick.o
                0x0000000000003288                SYSTICK_TimerStart

.text.rtcEventHandler%71
                0x000000000000329c       0x14
 .text.rtcEventHandler
                0x000000000000329c       0x14 build/sam_e51_cnano/production/_ext/1360937237/app.o

.rodata%72      0x00000000000032b0       0x14
 .rodata        0x00000000000032b0       0x14 c:/program files/microchip/xc32/v4.45/bin/bin/../../lib/gcc/pic32c/8.3.1/../../../../pic32c/lib/thumb/v7e-m+fp/hard\libpic32c.a(data_init.o)

.text.__dinit_clear%73
                0x00000000000032c4       0x12
 .text.__dinit_clear
                0x00000000000032c4       0x12 c:/program files/microchip/xc32/v4.45/bin/bin/../../lib/gcc/pic32c/8.3.1/../../../../pic32c/lib/thumb/v7e-m+fp/hard\libpic32c.a(pic32_data_init_clear.o)
                0x00000000000032c4                __dinit_clear
                0x00000000000032c4                __dinit_clear_needed

.text.NVMCTRL_Initialize%74
                0x00000000000032d8       0x10
 .text.NVMCTRL_Initialize
                0x00000000000032d8       0x10 build/sam_e51_cnano/production/_ext/226030394/plib_nvmctrl.o
                0x00000000000032d8                NVMCTRL_Initialize

.text.NVMCTRL_RegionUnlock%75
                0x00000000000032e8       0x10
 .text.NVMCTRL_RegionUnlock
                0x00000000000032e8       0x10 build/sam_e51_cnano/production/_ext/226030394/plib_nvmctrl.o
                0x00000000000032e8                NVMCTRL_RegionUnlock

.text.NVMCTRL_BankSwap%76
                0x00000000000032f8       0x10
 .text.NVMCTRL_BankSwap
                0x00000000000032f8       0x10 build/sam_e51_cnano/production/_ext/226030394/plib_nvmctrl.o
                0x00000000000032f8                NVMCTRL_BankSwap

.text.SERCOM5_USART_ErrorGet%77
                0x0000000000003308       0x10
 .text.SERCOM5_USART_ErrorGet
                0x0000000000003308       0x10 build/sam_e51_cnano/production/_ext/314480351/plib_sercom5_usart.o
                0x0000000000003308                SERCOM5_USART_ErrorGet

.text.SYSTICK_TimerPeriodHasExpired%78
                0x0000000000003318       0x10
 .text.SYSTICK_TimerPeriodHasExpired
                0x0000000000003318       0x10 build/sam_e51_cnano/production/_ext/8444704/plib_systick.o
                0x0000000000003318                SYSTICK_TimerPeriodHasExpired

.text.PAC_PeripheralProtectSetup%79
                0x0000000000003328        0xe
 .text.PAC_PeripheralProtectSetup
                0x0000000000003328        0xe build/sam_e51_cnano/production/_ext/1220129992/plib_pac.o
                0x0000000000003328                PAC_PeripheralProtectSetup

.text.main%80   0x0000000000003336        0xe
 .text.main     0x0000000000003336        0xe build/sam_e51_cnano/production/_ext/1360937237/main.o
                0x0000000000003336                main

.text.NVMCTRL_StatusGet%81
                0x0000000000003344        0xc
 .text.NVMCTRL_StatusGet
                0x0000000000003344        0xc build/sam_e51_cnano/production/_ext/226030394/plib_nvmctrl.o
                0x0000000000003344                NVMCTRL_StatusGet

.text.RTC_Timer32CallbackRegister%82
                0x0000000000003350        0xc
 .text.RTC_Timer32CallbackRegister
                0x0000000000003350        0xc build/sam_e51_cnano/production/_ext/1220132503/plib_rtc_timer.o
                0x0000000000003350                RTC_Timer32CallbackRegister

.text.SERCOM5_USART_ReadThresholdSet%83
                0x000000000000335c        0xc
 .text.SERCOM5_USART_ReadThresholdSet
                0x000000000000335c        0xc build/sam_e51_cnano/production/_ext/314480351/plib_sercom5_usart.o
                0x000000000000335c                SERCOM5_USART_ReadThresholdSet

.text.SERCOM5_USART_ReadCallbackRegister%84
                0x0000000000003368        0xc
 .text.SERCOM5_USART_ReadCallbackRegister
                0x0000000000003368        0xc build/sam_e51_cnano/production/_ext/314480351/plib_sercom5_usart.o
                0x0000000000003368                SERCOM5_USART_ReadCallbackRegister

.text.SYS_Tasks%85
                0x0000000000003374        0xc
 .text.SYS_Tasks
                0x0000000000003374        0xc build/sam_e51_cnano/production/_ext/570918426/tasks.o
                0x0000000000003374                SYS_Tasks

.text.PAC_Initialize%86
                0x0000000000003380        0xa
 .text.PAC_Initialize
                0x0000000000003380        0xa build/sam_e51_cnano/production/_ext/1220129992/plib_pac.o
                0x0000000000003380                PAC_Initialize

.text.SERCOM5_USART_WriteCountGet%87
                0x000000000000338a        0x8
 .text.SERCOM5_USART_WriteCountGet
                0x000000000000338a        0x8 build/sam_e51_cnano/production/_ext/314480351/plib_sercom5_usart.o
                0x000000000000338a                SERCOM5_USART_WriteCountGet

.text.__dummy_decompress%88
                0x0000000000003392        0x4
 .text.__dummy_decompress
                0x0000000000003392        0x4 c:/program files/microchip/xc32/v4.45/bin/bin/../../lib/gcc/pic32c/8.3.1/../../../../pic32c/lib/thumb/v7e-m+fp/hard\libpic32c.a(data_init.o)
                0x0000000000003392                __dinit_decompress
                0x0000000000003392                __dinit_copy_val_data
                0x0000000000003392                __dinit_copy_emb

.text.EVSYS_Initialize%89
                0x0000000000003166        0x2
 .text.EVSYS_Initialize
                0x0000000000003166        0x2 build/sam_e51_cnano/production/_ext/9336626/plib_evsys.o
                0x0000000000003166                EVSYS_Initialize

.text.Dummy_Handler%90
                0x00000000000032d6        0x2
 .text.Dummy_Handler
                0x00000000000032d6        0x2 build/sam_e51_cnano/production/_ext/570918426/interrupts.o
                0x00000000000032d6                EIC_EXTINT_9_Handler
                0x00000000000032d6                TCC0_MC5_Handler
                0x00000000000032d6                SVCall_Handler
                0x00000000000032d6                SERCOM0_2_Handler
                0x00000000000032d6                USB_SOF_HSOF_Handler
                0x00000000000032d6                TCC4_OTHER_Handler
                0x00000000000032d6                TCC2_MC2_Handler
                0x00000000000032d6                EVSYS_0_Handler
                0x00000000000032d6                TRNG_Handler
                0x00000000000032d6                TC2_Handler
                0x00000000000032d6                USB_TRCPT0_Handler
                0x00000000000032d6                DAC_OTHER_Handler
                0x00000000000032d6                AC_Handler
                0x00000000000032d6                DAC_EMPTY_0_Handler
                0x00000000000032d6                DMAC_OTHER_Handler
                0x00000000000032d6                EIC_EXTINT_5_Handler
                0x00000000000032d6                SERCOM3_1_Handler
                0x00000000000032d6                SysTick_Handler
                0x00000000000032d6                SERCOM4_OTHER_Handler
                0x00000000000032d6                SERCOM3_2_Handler
                0x00000000000032d6                EIC_EXTINT_6_Handler
                0x00000000000032d6                PendSV_Handler
                0x00000000000032d6                TCC4_MC0_Handler
                0x00000000000032d6                EVSYS_3_Handler
                0x00000000000032d6                QSPI_Handler
                0x00000000000032d6                TCC2_MC0_Handler
                0x00000000000032d6                PDEC_OTHER_Handler
                0x00000000000032d6                TCC3_MC0_Handler
                0x00000000000032d6                PDEC_MC1_Handler
                0x00000000000032d6                TCC2_MC1_Handler
                0x00000000000032d6                OSCCTRL_XOSC1_Handler
                0x00000000000032d6                PDEC_MC0_Handler
                0x00000000000032d6                EIC_EXTINT_4_Handler
                0x00000000000032d6                EIC_EXTINT_7_Handler
                0x00000000000032d6                SERCOM0_OTHER_Handler
                0x00000000000032d6                EVSYS_OTHER_Handler
                0x00000000000032d6                SERCOM0_0_Handler
                0x00000000000032d6                SERCOM4_0_Handler
                0x00000000000032d6                TCC1_MC0_Handler
                0x00000000000032d6                SERCOM1_OTHER_Handler
                0x00000000000032d6                TCC2_OTHER_Handler
                0x00000000000032d6                EIC_EXTINT_11_Handler
                0x00000000000032d6                SUPC_BODDET_Handler
                0x00000000000032d6                EIC_EXTINT_14_Handler
                0x00000000000032d6                OSC32KCTRL_Handler
                0x00000000000032d6                EVSYS_1_Handler
                0x00000000000032d6                TCC4_MC1_Handler
                0x00000000000032d6                DMAC_0_Handler
                0x00000000000032d6                SUPC_OTHER_Handler
                0x00000000000032d6                WDT_Handler
                0x00000000000032d6                CAN0_Handler
                0x00000000000032d6                EIC_EXTINT_15_Handler
                0x00000000000032d6                EIC_EXTINT_1_Handler
                0x00000000000032d6                TCC3_MC1_Handler
                0x00000000000032d6                TC4_Handler
                0x00000000000032d6                TC1_Handler
                0x00000000000032d6                TCC1_MC1_Handler
                0x00000000000032d6                EIC_EXTINT_0_Handler
                0x00000000000032d6                TCC1_OTHER_Handler
                0x00000000000032d6                SERCOM4_1_Handler
                0x00000000000032d6                TC3_Handler
                0x00000000000032d6                Dummy_Handler
                0x00000000000032d6                DAC_RESRDY_0_Handler
                0x00000000000032d6                DMAC_2_Handler
                0x00000000000032d6                TCC0_MC4_Handler
                0x00000000000032d6                USB_TRCPT1_Handler
                0x00000000000032d6                SERCOM0_1_Handler
                0x00000000000032d6                TCC0_MC3_Handler
                0x00000000000032d6                EIC_EXTINT_12_Handler
                0x00000000000032d6                OSCCTRL_DPLL0_Handler
                0x00000000000032d6                PM_Handler
                0x00000000000032d6                OSCCTRL_DFLL_Handler
                0x00000000000032d6                DAC_RESRDY_1_Handler
                0x00000000000032d6                DMAC_1_Handler
                0x00000000000032d6                USB_OTHER_Handler
                0x00000000000032d6                CAN1_Handler
                0x00000000000032d6                TCC0_OTHER_Handler
                0x00000000000032d6                EIC_EXTINT_10_Handler
                0x00000000000032d6                TCC1_MC3_Handler
                0x00000000000032d6                OSCCTRL_XOSC0_Handler
                0x00000000000032d6                TCC0_MC0_Handler
                0x00000000000032d6                EIC_EXTINT_2_Handler
                0x00000000000032d6                SDHC0_Handler
                0x00000000000032d6                SERCOM1_1_Handler
                0x00000000000032d6                I2S_Handler
                0x00000000000032d6                PCC_Handler
                0x00000000000032d6                TCC3_OTHER_Handler
                0x00000000000032d6                EIC_EXTINT_13_Handler
                0x00000000000032d6                SERCOM1_0_Handler
                0x00000000000032d6                PUKCC_Handler
                0x00000000000032d6                SERCOM2_1_Handler
                0x00000000000032d6                SERCOM1_2_Handler
                0x00000000000032d6                SERCOM3_0_Handler
                0x00000000000032d6                SERCOM4_2_Handler
                0x00000000000032d6                TCC1_MC2_Handler
                0x00000000000032d6                ADC1_RESRDY_Handler
                0x00000000000032d6                NVMCTRL_1_Handler
                0x00000000000032d6                SERCOM2_2_Handler
                0x00000000000032d6                DAC_EMPTY_1_Handler
                0x00000000000032d6                ADC1_OTHER_Handler
                0x00000000000032d6                OSCCTRL_DPLL1_Handler
                0x00000000000032d6                EIC_EXTINT_3_Handler
                0x00000000000032d6                SERCOM3_OTHER_Handler
                0x00000000000032d6                EIC_EXTINT_8_Handler
                0x00000000000032d6                NVMCTRL_0_Handler
                0x00000000000032d6                ADC0_RESRDY_Handler
                0x00000000000032d6                ADC0_OTHER_Handler
                0x00000000000032d6                MCLK_Handler
                0x00000000000032d6                EVSYS_2_Handler
                0x00000000000032d6                SERCOM2_OTHER_Handler
                0x00000000000032d6                FREQM_Handler
                0x00000000000032d6                TC0_Handler
                0x00000000000032d6                TCC0_MC1_Handler
                0x00000000000032d6                DMAC_3_Handler
                0x00000000000032d6                RAMECC_Handler
                0x00000000000032d6                TC5_Handler
                0x00000000000032d6                SERCOM2_0_Handler
                0x00000000000032d6                AES_Handler
                0x00000000000032d6                ICM_Handler
                0x00000000000032d6                TCC0_MC2_Handler

.text.NonMaskableInt_Handler%91
                0x0000000000003396        0x2
 .text.NonMaskableInt_Handler
                0x0000000000003396        0x2 build/sam_e51_cnano/production/_ext/570918426/exceptions.o
                0x0000000000003396                NonMaskableInt_Handler

.text.HardFault_Handler%92
                0x0000000000003398        0x2
 .text.HardFault_Handler
                0x0000000000003398        0x2 build/sam_e51_cnano/production/_ext/570918426/exceptions.o
                0x0000000000003398                HardFault_Handler

.text.DebugMonitor_Handler%93
                0x000000000000339a        0x2
 .text.DebugMonitor_Handler
                0x000000000000339a        0x2 build/sam_e51_cnano/production/_ext/570918426/exceptions.o
                0x000000000000339a                DebugMonitor_Handler

.text.MemoryManagement_Handler%94
                0x000000000000339c        0x2
 .text.MemoryManagement_Handler
                0x000000000000339c        0x2 build/sam_e51_cnano/production/_ext/570918426/exceptions.o
                0x000000000000339c                MemoryManagement_Handler

.text.BusFault_Handler%95
                0x000000000000339e        0x2
 .text.BusFault_Handler
                0x000000000000339e        0x2 build/sam_e51_cnano/production/_ext/570918426/exceptions.o
                0x000000000000339e                BusFault_Handler

.text.UsageFault_Handler%96
                0x00000000000033a0        0x2
 .text.UsageFault_Handler
                0x00000000000033a0        0x2 build/sam_e51_cnano/production/_ext/570918426/exceptions.o
                0x00000000000033a0                UsageFault_Handler

.text.Dummy_App_Func%97
                0x00000000000033a2        0x2
 .text.Dummy_App_Func
                0x00000000000033a2        0x2 build/sam_e51_cnano/production/_ext/570918426/startup_xc32.o
                0x00000000000033a2                _on_reset
                0x00000000000033a2                _on_bootstrap
                0x00000000000033a2                __xc32_on_reset
                0x00000000000033a2                Dummy_App_Func
                0x00000000000033a2                __xc32_on_bootstrap

.text.__dummy%98
                0x00000000000033a4        0x2
 .text.__dummy  0x00000000000033a4        0x2 c:/program files/microchip/xc32/v4.45/bin/bin/../../lib/gcc/pic32c/8.3.1/../../../../pic32c/lib/thumb/v7e-m+fp/hard\libc-musl.a(__libc_start_main.o)
                0x00000000000033a4                __init_stdio
                0x00000000000033a4                __init_host
