Archive member included to satisfy reference by file (symbol)

c:/program files/microchip/xc32/v4.45/bin/bin/../../lib/gcc/pic32c/8.3.1/../../../../pic32c/lib/thumb/v7e-m+fp/hard\libpic32c.a(data_init.o)
                              build/sam_e51_cnano/production/_ext/570918426/startup_xc32.o (__pic32c_data_initialization)
c:/program files/microchip/xc32/v4.45/bin/bin/../../lib/gcc/pic32c/8.3.1/../../../../pic32c/lib/thumb/v7e-m+fp/hard\libc-size-musl.a(memcpy.o)
                              build/sam_e51_cnano/production/_ext/226030394/plib_nvmctrl.o (memcpy)
c:/program files/microchip/xc32/v4.45/bin/bin/../../lib/gcc/pic32c/8.3.1/../../../../pic32c/lib/thumb/v7e-m+fp/hard\libc-musl.a(__libc_start_main.o)
                              build/sam_e51_cnano/production/_ext/570918426/startup_xc32.o (__libc_init_array)
c:/program files/microchip/xc32/v4.45/bin/bin/../../lib/gcc/pic32c/8.3.1/../../../../pic32c/lib/thumb/v7e-m+fp/hard\libc-musl.a(libc.o)
                              c:/program files/microchip/xc32/v4.45/bin/bin/../../lib/gcc/pic32c/8.3.1/../../../../pic32c/lib/thumb/v7e-m+fp/hard\libc-musl.a(__libc_start_main.o) (__progname_full)
c:/program files/microchip/xc32/v4.45/bin/bin/../../lib/gcc/pic32c/8.3.1/../../../../pic32c/lib/thumb/v7e-m+fp/hard\libc-musl.a(__environ.o)
                              c:/program files/microchip/xc32/v4.45/bin/bin/../../lib/gcc/pic32c/8.3.1/../../../../pic32c/lib/thumb/v7e-m+fp/hard\libc-musl.a(__libc_start_main.o) (__environ)
c:/program files/microchip/xc32/v4.45/bin/bin/../../lib/gcc/pic32c/8.3.1/thumb/v7e-m+fp/hard\libgcc.a(_aeabi_uldivmod.o)
                              build/sam_e51_cnano/production/_ext/314480351/plib_sercom5_usart.o (__aeabi_uldivmod)
c:/program files/microchip/xc32/v4.45/bin/bin/../../lib/gcc/pic32c/8.3.1/thumb/v7e-m+fp/hard\libgcc.a(_udivmoddi4.o)
                              c:/program files/microchip/xc32/v4.45/bin/bin/../../lib/gcc/pic32c/8.3.1/thumb/v7e-m+fp/hard\libgcc.a(_aeabi_uldivmod.o) (__udivmoddi4)
c:/program files/microchip/xc32/v4.45/bin/bin/../../lib/gcc/pic32c/8.3.1/thumb/v7e-m+fp/hard\libgcc.a(_dvmd_tls.o)
                              c:/program files/microchip/xc32/v4.45/bin/bin/../../lib/gcc/pic32c/8.3.1/thumb/v7e-m+fp/hard\libgcc.a(_aeabi_uldivmod.o) (__aeabi_ldiv0)
c:/program files/microchip/xc32/v4.45/bin/bin/../../lib/gcc/pic32c/8.3.1/../../../../pic32c/lib/thumb/v7e-m+fp/hard\libpic32c.a(pic32_data_init_clear.o)
                              (__dinit_clear_needed)
c:/program files/microchip/xc32/v4.45/bin/bin/../../lib/gcc/pic32c/8.3.1/../../../../pic32c/lib/thumb/v7e-m+fp/hard\libpic32c.a(pic32_data_init_copy.o)
                              (__dinit_copy_needed)

Microchip PIC32 Memory-Usage Report

ROM Program-Memory Usage
section                    address  length [bytes]      (dec)  Description
-------                 ----------  -------------------------  -----------
.vectors                    0x2000          0x260         608   
.text                       0x2260           0x20          32  App's exec code 
.text.SERCOM5_USART_Int     0x2280          0x1d4         468   
.text.APP_LIVE_UPDATE_S     0x2454          0x168         360   
.text.APP_LIVE_UPDATE_T     0x25bc          0x14c         332   
.text.usart_ReadEventHa     0x2708          0x120         288   
.dinit                      0x2828          0x100         256   
.text.CLOCK_Initialize      0x2928           0xd8         216   
.text.SERCOM5_USART_Wri     0x2a00           0xd8         216   
.text.APP_Tasks             0x2ad8           0xd4         212   
.text.Reset_Handler         0x2bac           0x88         136   
.text.SERCOM5_USART_Ini     0x2c34           0x7c         124   
.text.SERCOM5_USART_Rea     0x2cb0           0x7c         124   
.text.NVIC_Initialize       0x2d2c           0x74         116   
.text.__libc_start_init     0x2da0           0x5c          92   
.text.RTC_Initialize        0x2dfc           0x54          84   
.text.DSU_CRCCalculate      0x2e50           0x4c          76   
.text                       0x2e9c           0x40          64  App's exec code 
.text.NVMCTRL_PageWrite     0x2edc           0x40          64   
.text.PORT_Initialize       0x2f1c           0x3c          60   
.text.PAC_InterruptHand     0x2f58           0x38          56   
.text.SYS_Initialize        0x2f90           0x34          52   
.text.__pic32c_data_ini     0x2fc4           0x34          52   
.text.RTC_InterruptHand     0x2ff8           0x28          40   
.text.APP_Initialize        0x3020           0x28          40   
.text.send_Response         0x3048           0x24          36   
.text.__dinit_copy          0x306c           0x1e          30   
.text.EVSYS_Initialize      0x308a            0x2           2   
.text.NVMCTRL_BlockEras     0x308c           0x1c          28   
.text.SYSTICK_TimerInit     0x30a8           0x1c          28   
.text.SYSTICK_TimerRest     0x30c4           0x1c          28   
[...]
Memory Configuration

Name             Origin             Length             Attributes
rom              0x0000000000002000 0x00000000000fe000 xrl
ram              0x0000000020000010 0x000000000003fff0 xw !r
tcm              0x0000000003000000 0x0000000000000000 xw
config_00804000  0x0000000000804000 0x0000000000000004
config_00804004  0x0000000000804004 0x0000000000000004
config_00804008  0x0000000000804008 0x0000000000000004
bkupram          0x0000000000000000 0xffffffffffffffff
*default*        0x0000000000000000 0xffffffffffffffff

Linker script and memory map

LOAD c:/program files/microchip/xc32/v4.45/bin/bin/../../lib/gcc/pic32c/8.3.1/thumb/v7e-m+fp/hard/crti.o
LOAD c:/program files/microchip/xc32/v4.45/bin/bin/../../lib/gcc/pic32c/8.3.1/thumb/v7e-m+fp/hard/crtbegin.o
LOAD build/sam_e51_cnano/production/_ext/673975658/bsp.o
LOAD build/sam_e51_cnano/production/_ext/7187140/plib_clock.o
LOAD build/sam_e51_cnano/production/_ext/831051564/plib_cmcc.o
LOAD build/sam_e51_cnano/production/_ext/1220119036/plib_dsu.o
LOAD build/sam_e51_cnano/production/_ext/9336626/plib_evsys.o
LOAD build/sam_e51_cnano/production/_ext/830715028/plib_nvic.o
LOAD build/sam_e51_cnano/production/_ext/226030394/plib_nvmctrl.o
LOAD build/sam_e51_cnano/production/_ext/1220129992/plib_pac.o
LOAD build/sam_e51_cnano/production/_ext/830661877/plib_port.o
LOAD build/sam_e51_cnano/production/_ext/1220132503/plib_rtc_timer.o
LOAD build/sam_e51_cnano/production/_ext/314480351/plib_sercom5_usart.o
LOAD build/sam_e51_cnano/production/_ext/8444704/plib_systick.o
LOAD build/sam_e51_cnano/production/_ext/865175840/xc32_monitor.o
LOAD build/sam_e51_cnano/production/_ext/570918426/initialization.o
LOAD build/sam_e51_cnano/production/_ext/570918426/interrupts.o
LOAD build/sam_e51_cnano/production/_ext/570918426/exceptions.o
LOAD build/sam_e51_cnano/production/_ext/570918426/startup_xc32.o
LOAD build/sam_e51_cnano/production/_ext/570918426/libc_syscalls.o
LOAD build/sam_e51_cnano/production/_ext/570918426/tasks.o
LOAD build/sam_e51_cnano/production/_ext/1360937237/app.o
LOAD build/sam_e51_cnano/production/_ext/1360937237/app_live_update.o
LOAD build/sam_e51_cnano/production/_ext/1360937237/main.o
                0x0000000000000001                __MPLAB_BUILD = 0x1
                0x0000000000100000                __rom_end = (ORIGIN (rom) + LENGTH (rom))
                0x0000000020040000                __ram_end = (ORIGIN (ram) + LENGTH (ram))

.config_00804000
 *(.config_00804000)

.config_00804004
 *(.config_00804004)

.config_00804008
 *(.config_00804008)

.vectors        0x0000000000002000      0x260
                0x0000000000002000                . = ALIGN (0x4)
                0x0000000000002000                _sfixed = .
 *(.vectors .vectors.* .vectors_default .vectors_default.*)
 .vectors.exception_table
                0x0000000000002000      0x260 build/sam_e51_cnano/production/_ext/570918426/interrupts.o
                0x0000000000002000                exception_table
 *(.isr_vector)
 *(.reset*)
 *(.after_vectors)

.text           0x0000000000002260       0x20
                0x0000000000002260                . = ALIGN (0x4)
 *(.glue_7t)
 .glue_7t       0x0000000000002260        0x0 linker stubs
 *(.glue_7)
 .glue_7        0x0000000000002260        0x0 linker stubs
 *(.gnu.linkonce.r.*)
 *(.ARM.extab* .gnu.linkonce.armextab.*)
                0x0000000000002260                . = ALIGN (0x4)
 *(.init)
 .init          0x0000000000002260        0x4 c:/program files/microchip/xc32/v4.45/bin/bin/../../lib/gcc/pic32c/8.3.1/thumb/v7e-m+fp/hard/crti.o
                0x0000000000002260                _init
 .init          0x0000000000002264        0x8 c:/program files/microchip/xc32/v4.45/bin/bin/../../lib/gcc/pic32c/8.3.1/thumb/v7e-m+fp/hard/crtn.o
                0x000000000000226c                . = ALIGN (0x4)
                0x000000000000226c                __preinit_array_start = .
 *(.preinit_array)
                0x000000000000226c                __preinit_array_end = .
                0x000000000000226c                . = ALIGN (0x4)
                0x000000000000226c                __init_array_start = .
 *(SORT_BY_NAME(.init_array.*))
 *(.init_array)
 .init_array    0x000000000000226c        0x4 c:/program files/microchip/xc32/v4.45/bin/bin/../../lib/gcc/pic32c/8.3.1/thumb/v7e-m+fp/hard/crtbegin.o
                0x0000000000002270                __init_array_end = .
                0x0000000000002270                . = ALIGN (0x4)
 *crtbegin.o(.ctors)
 *(EXCLUDE_FILE(*crtend.o) .ctors)
 *(SORT_BY_NAME(.ctors.*))
 *crtend.o(.ctors)
                0x0000000000002270                . = ALIGN (0x4)
 *(.fini)
 .fini          0x0000000000002270        0x4 c:/program files/microchip/xc32/v4.45/bin/bin/../../lib/gcc/pic32c/8.3.1/thumb/v7e-m+fp/hard/crti.o
                0x0000000000002270                _fini
 .fini          0x0000000000002274        0x8 c:/program files/microchip/xc32/v4.45/bin/bin/../../lib/gcc/pic32c/8.3.1/thumb/v7e-m+fp/hard/crtn.o
                0x000000000000227c                . = ALIGN (0x4)
                0x000000000000227c                __fini_array_start = .
 *(.fini_array)
 .fini_array    0x000000000000227c        0x4 c:/program files/microchip/xc32/v4.45/bin/bin/../../lib/gcc/pic32c/8.3.1/thumb/v7e-m+fp/hard/crtbegin.o
 *(SORT_BY_NAME(.fini_array.*))
                0x0000000000002280                __fini_array_end = .
 *crtbegin.o(.dtors)
 *(EXCLUDE_FILE(*crtend.o) .dtors)
 *(SORT_BY_NAME(.dtors.*))
 *crtend.o(.dtors)
                0x0000000000002280                . = ALIGN (0x4)
                0x0000000000002280                _efixed = .
                [!provide]                        PROVIDE (__exidx_start = .)

.ARM.exidx
 *(.ARM.exidx* .gnu.linkonce.armexidx.*)
                [!provide]                        PROVIDE (__exidx_end = .)
                0x0000000000002280                . = ALIGN (0x4)
                0x0000000000002280                _etext = .

.bss            0x0000000020000010        0x0
                0x0000000020000010                . = ALIGN (0x4)
                0x0000000020000010                __bss_start__ = .
                0x0000000020000010                _sbss = .
                0x0000000020000010                _szero = .
 *(COMMON)
                0x0000000020000010                . = ALIGN (0x4)
                0x0000000020000010                __bss_end__ = .
                0x0000000020000010                _ebss = .
                0x0000000020000010                _ezero = .
                0x0000000020000010                . = ALIGN (0x4)
                0x0000000020000010                _end = .
                0x000000002003ffff                _ram_end_ = ((ORIGIN (ram) + LENGTH (ram)) - 0x1)

.bkupram_bss
 *(.bkupram_bss .bkupram_bss.*)
 *(.pbss .pbss.*)
                0x0000000000000200                _min_heap_size = 0x200
START GROUP
LOAD c:/program files/microchip/xc32/v4.45/bin/bin/../../lib/gcc/pic32c/8.3.1/../../../../pic32c/lib/thumb/v7e-m+fp/hard\libpic32c.a
LOAD c:/program files/microchip/xc32/v4.45/bin/bin/../../lib/gcc/pic32c/8.3.1/../../../../pic32c/lib/thumb/v7e-m+fp/hard\libc-size-musl.a
LOAD c:/program files/microchip/xc32/v4.45/bin/bin/../../lib/gcc/pic32c/8.3.1/../../../../pic32c/lib/thumb/v7e-m+fp/hard\liblmalloc-musl.a
LOAD c:/program files/microchip/xc32/v4.45/bin/bin/../../lib/gcc/pic32c/8.3.1/../../../../pic32c/lib/thumb/v7e-m+fp/hard\libm-fast-emfloat.a
LOAD c:/program files/microchip/xc32/v4.45/bin/bin/../../lib/gcc/pic32c/8.3.1/../../../../pic32c/lib/thumb/v7e-m+fp/hard\libm-musl.a
LOAD c:/program files/microchip/xc32/v4.45/bin/bin/../../lib/gcc/pic32c/8.3.1/../../../../pic32c/lib/thumb/v7e-m+fp/hard\libc-musl.a
LOAD c:/program files/microchip/xc32/v4.45/bin/bin/../../lib/gcc/pic32c/8.3.1/../../../../pic32c/lib/thumb/v7e-m+fp/hard\libm-fast-emfloat.a
LOAD c:/program files/microchip/xc32/v4.45/bin/bin/../../lib/gcc/pic32c/8.3.1/../../../../pic32c/lib/thumb/v7e-m+fp/hard\libm-musl.a
LOAD c:/program files/microchip/xc32/v4.45/bin/bin/../../lib/gcc/pic32c/8.3.1/thumb/v7e-m+fp/hard\libgcc.a
END GROUP
LOAD c:/program files/microchip/xc32/v4.45/bin/bin/../../lib/gcc/pic32c/8.3.1/thumb/v7e-m+fp/hard/crtend.o
LOAD c:/program files/microchip/xc32/v4.45/bin/bin/../../lib/gcc/pic32c/8.3.1/thumb/v7e-m+fp/hard/crtn.o
OUTPUT(dist/sam_e51_cnano/production/sam_e51_cnano.X.production.elf elf32-littlearm)
LOAD data_init
LOAD stack

.ARM.attributes
                0x0000000000000000       0x34
 .ARM.attributes
                0x0000000000000000       0x1e c:/program files/microchip/xc32/v4.45/bin/bin/../../lib/gcc/pic32c/8.3.1/thumb/v7e-m+fp/hard/crti.o
 .ARM.attributes
                0x000000000000001e       0x34 c:/program files/microchip/xc32/v4.45/bin/bin/../../lib/gcc/pic32c/8.3.1/thumb/v7e-m+fp/hard/crtbegin.o
 .ARM.attributes
                0x0000000000000052       0x34 build/sam_e51_cnano/production/_ext/673975658/bsp.o
 .ARM.attributes
                0x0000000000000086       0x34 build/sam_e51_cnano/production/_ext/7187140/plib_clock.o
 .ARM.attributes
                0x00000000000000ba       0x34 build/sam_e51_cnano/production/_ext/1220119036/plib_dsu.o
 .ARM.attributes
                0x00000000000000ee       0x34 build/sam_e51_cnano/production/_ext/9336626/plib_evsys.o
 .ARM.attributes
                0x0000000000000122       0x34 build/sam_e51_cnano/production/_ext/830715028/plib_nvic.o
 .ARM.attributes
                0x0000000000000156       0x34 build/sam_e51_cnano/production/_ext/226030394/plib_nvmctrl.o
 .ARM.attributes
                0x000000000000018a       0x34 build/sam_e51_cnano/production/_ext/1220129992/plib_pac.o
 .ARM.attributes
                0x00000000000001be       0x34 build/sam_e51_cnano/production/_ext/830661877/plib_port.o
 .ARM.attributes
                0x00000000000001f2       0x34 build/sam_e51_cnano/production/_ext/1220132503/plib_rtc_timer.o
 .ARM.attributes
                0x0000000000000226       0x34 build/sam_e51_cnano/production/_ext/314480351/plib_sercom5_usart.o
 .ARM.attributes
                0x000000000000025a       0x34 build/sam_e51_cnano/production/_ext/8444704/plib_systick.o
 .ARM.attributes
                0x000000000000028e       0x34 build/sam_e51_cnano/production/_ext/570918426/initialization.o
 .ARM.attributes
                0x00000000000002c2       0x34 build/sam_e51_cnano/production/_ext/570918426/interrupts.o
 .ARM.attributes
                0x00000000000002f6       0x34 build/sam_e51_cnano/production/_ext/570918426/exceptions.o
 .ARM.attributes
                0x000000000000032a       0x34 build/sam_e51_cnano/production/_ext/570918426/startup_xc32.o
 .ARM.attributes
                0x000000000000035e       0x34 build/sam_e51_cnano/production/_ext/570918426/tasks.o
 .ARM.attributes
                0x0000000000000392       0x34 build/sam_e51_cnano/production/_ext/1360937237/app.o
 .ARM.attributes
                0x00000000000003c6       0x34 build/sam_e51_cnano/production/_ext/1360937237/app_live_update.o
 .ARM.attributes
                0x00000000000003fa       0x34 build/sam_e51_cnano/production/_ext/1360937237/main.o
 .ARM.attributes
                0x000000000000042e       0x34 c:/program files/microchip/xc32/v4.45/bin/bin/../../lib/gcc/pic32c/8.3.1/../../../../pic32c/lib/thumb/v7e-m+fp/hard\libpic32c.a(data_init.o)
 .ARM.attributes
                0x0000000000000462       0x36 c:/program files/microchip/xc32/v4.45/bin/bin/../../lib/gcc/pic32c/8.3.1/../../../../pic32c/lib/thumb/v7e-m+fp/hard\libc-musl.a(__libc_start_main.o)
 .ARM.attributes
                0x0000000000000498       0x34 c:/program files/microchip/xc32/v4.45/bin/bin/../../lib/gcc/pic32c/8.3.1/../../../../pic32c/lib/thumb/v7e-m+fp/hard\libc-musl.a(libc.o)
 .ARM.attributes
                0x00000000000004cc       0x34 c:/program files/microchip/xc32/v4.45/bin/bin/../../lib/gcc/pic32c/8.3.1/../../../../pic32c/lib/thumb/v7e-m+fp/hard\libc-musl.a(__environ.o)
 .ARM.attributes
                0x0000000000000500       0x1e c:/program files/microchip/xc32/v4.45/bin/bin/../../lib/gcc/pic32c/8.3.1/thumb/v7e-m+fp/hard/crtn.o
 .ARM.attributes
                0x000000000000051e       0x34 c:/program files/microchip/xc32/v4.45/bin/bin/../../lib/gcc/pic32c/8.3.1/../../../../pic32c/lib/thumb/v7e-m+fp/hard\libpic32c.a(pic32_data_init_clear.o)
 .ARM.attributes
                0x0000000000000552       0x34 c:/program files/microchip/xc32/v4.45/bin/bin/../../lib/gcc/pic32c/8.3.1/../../../../pic32c/lib/thumb/v7e-m+fp/hard\libpic32c.a(pic32_data_init_copy.o)

.comment        0x0000000000000000       0x2b
 .comment       0x0000000000000000       0x2b c:/program files/microchip/xc32/v4.45/bin/bin/../../lib/gcc/pic32c/8.3.1/thumb/v7e-m+fp/hard/crtbegin.o
                                         0x2c (size before relaxing)
 .comment       0x000000000000002b       0x2c build/sam_e51_cnano/production/_ext/673975658/bsp.o
 .comment       0x000000000000002b       0x2c build/sam_e51_cnano/production/_ext/7187140/plib_clock.o
 .comment       0x000000000000002b       0x2c build/sam_e51_cnano/production/_ext/1220119036/plib_dsu.o
 .comment       0x000000000000002b       0x2c build/sam_e51_cnano/production/_ext/9336626/plib_evsys.o
 .comment       0x000000000000002b       0x2c build/sam_e51_cnano/production/_ext/830715028/plib_nvic.o
 .comment       0x000000000000002b       0x2c build/sam_e51_cnano/production/_ext/226030394/plib_nvmctrl.o
 .comment       0x000000000000002b       0x2c build/sam_e51_cnano/production/_ext/1220129992/plib_pac.o
 .comment       0x000000000000002b       0x2c build/sam_e51_cnano/production/_ext/830661877/plib_port.o
 .comment       0x000000000000002b       0x2c build/sam_e51_cnano/production/_ext/1220132503/plib_rtc_timer.o
 .comment       0x000000000000002b       0x2c build/sam_e51_cnano/production/_ext/314480351/plib_sercom5_usart.o
 .comment       0x000000000000002b       0x2c build/sam_e51_cnano/production/_ext/8444704/plib_systick.o
 .comment       0x000000000000002b       0x2c build/sam_e51_cnano/production/_ext/570918426/initialization.o
 .comment       0x000000000000002b       0x2c build/sam_e51_cnano/production/_ext/570918426/interrupts.o
 .comment       0x000000000000002b       0x2c build/sam_e51_cnano/production/_ext/570918426/exceptions.o
 .comment       0x000000000000002b       0x2c build/sam_e51_cnano/production/_ext/570918426/startup_xc32.o
 .comment       0x000000000000002b       0x2c build/sam_e51_cnano/production/_ext/570918426/tasks.o
 .comment       0x000000000000002b       0x2c build/sam_e51_cnano/production/_ext/1360937237/app.o
 .comment       0x000000000000002b       0x2c build/sam_e51_cnano/production/_ext/1360937237/app_live_update.o
 .comment       0x000000000000002b       0x2c build/sam_e51_cnano/production/_ext/1360937237/main.o
 .comment       0x000000000000002b       0x2c c:/program files/microchip/xc32/v4.45/bin/bin/../../lib/gcc/pic32c/8.3.1/../../../../pic32c/lib/thumb/v7e-m+fp/hard\libpic32c.a(data_init.o)
 .comment       0x000000000000002b       0x2c c:/program files/microchip/xc32/v4.45/bin/bin/../../lib/gcc/pic32c/8.3.1/../../../../pic32c/lib/thumb/v7e-m+fp/hard\libc-musl.a(__libc_start_main.o)
 .comment       0x000000000000002b       0x2c c:/program files/microchip/xc32/v4.45/bin/bin/../../lib/gcc/pic32c/8.3.1/../../../../pic32c/lib/thumb/v7e-m+fp/hard\libc-musl.a(libc.o)
 .comment       0x000000000000002b       0x2c c:/program files/microchip/xc32/v4.45/bin/bin/../../lib/gcc/pic32c/8.3.1/../../../../pic32c/lib/thumb/v7e-m+fp/hard\libc-musl.a(__environ.o)
 .comment       0x000000000000002b       0x2c c:/program files/microchip/xc32/v4.45/bin/bin/../../lib/gcc/pic32c/8.3.1/../../../../pic32c/lib/thumb/v7e-m+fp/hard\libpic32c.a(pic32_data_init_clear.o)
 .comment       0x000000000000002b       0x2c c:/program files/microchip/xc32/v4.45/bin/bin/../../lib/gcc/pic32c/8.3.1/../../../../pic32c/lib/thumb/v7e-m+fp/hard\libpic32c.a(pic32_data_init_copy.o)

.debug_info     0x0000000000000000     0x8168
 .debug_info    0x0000000000000000      0x246 build/sam_e51_cnano/production/_ext/673975658/bsp.o
 .debug_info    0x0000000000000246      0x639 build/sam_e51_cnano/production/_ext/7187140/plib_clock.o
 .debug_info    0x000000000000087f      0x3d4 build/sam_e51_cnano/production/_ext/1220119036/plib_dsu.o
 .debug_info    0x0000000000000c53       0x9b build/sam_e51_cnano/production/_ext/9336626/plib_evsys.o
 .debug_info    0x0000000000000cee      0xbde build/sam_e51_cnano/production/_ext/830715028/plib_nvic.o
 .debug_info    0x00000000000018cc      0x8e5 build/sam_e51_cnano/production/_ext/226030394/plib_nvmctrl.o
 .debug_info    0x00000000000021b1      0x52a build/sam_e51_cnano/production/_ext/1220129992/plib_pac.o
 .debug_info    0x00000000000026db      0x6d4 build/sam_e51_cnano/production/_ext/830661877/plib_port.o
 .debug_info    0x0000000000002daf      0xa9c build/sam_e51_cnano/production/_ext/1220132503/plib_rtc_timer.o
 .debug_info    0x000000000000384b     0x174e build/sam_e51_cnano/production/_ext/314480351/plib_sercom5_usart.o
 .debug_info    0x0000000000004f99      0x33a build/sam_e51_cnano/production/_ext/8444704/plib_systick.o
 .debug_info    0x00000000000052d3      0x1d4 build/sam_e51_cnano/production/_ext/570918426/initialization.o
 .debug_info    0x00000000000054a7      0xa73 build/sam_e51_cnano/production/_ext/570918426/interrupts.o
 .debug_info    0x0000000000005f1a      0x116 build/sam_e51_cnano/production/_ext/570918426/exceptions.o
 .debug_info    0x0000000000006030      0x55b build/sam_e51_cnano/production/_ext/570918426/startup_xc32.o
 .debug_info    0x000000000000658b       0xd6 build/sam_e51_cnano/production/_ext/570918426/tasks.o
 .debug_info    0x0000000000006661      0x439 build/sam_e51_cnano/production/_ext/1360937237/app.o
 .debug_info    0x0000000000006a9a      0xf0f build/sam_e51_cnano/production/_ext/1360937237/app_live_update.o
 .debug_info    0x00000000000079a9       0xe4 build/sam_e51_cnano/production/_ext/1360937237/main.o
 .debug_info    0x0000000000007a8d       0x54 c:/program files/microchip/xc32/v4.45/bin/bin/../../lib/gcc/pic32c/8.3.1/../../../../pic32c/lib/thumb/v7e-m+fp/hard\libpic32c.a(data_init.o)
 .debug_info    0x0000000000007ae1      0x2fb c:/program files/microchip/xc32/v4.45/bin/bin/../../lib/gcc/pic32c/8.3.1/../../../../pic32c/lib/thumb/v7e-m+fp/hard\libc-musl.a(__libc_start_main.o)
 .debug_info    0x0000000000007ddc      0x276 c:/program files/microchip/xc32/v4.45/bin/bin/../../lib/gcc/pic32c/8.3.1/../../../../pic32c/lib/thumb/v7e-m+fp/hard\libc-musl.a(libc.o)
 .debug_info    0x0000000000008052       0x97 c:/program files/microchip/xc32/v4.45/bin/bin/../../lib/gcc/pic32c/8.3.1/../../../../pic32c/lib/thumb/v7e-m+fp/hard\libc-musl.a(__environ.o)
 .debug_info    0x00000000000080e9       0x3f c:/program files/microchip/xc32/v4.45/bin/bin/../../lib/gcc/pic32c/8.3.1/../../../../pic32c/lib/thumb/v7e-m+fp/hard\libpic32c.a(pic32_data_init_clear.o)
 .debug_info    0x0000000000008128       0x40 c:/program files/microchip/xc32/v4.45/bin/bin/../../lib/gcc/pic32c/8.3.1/../../../../pic32c/lib/thumb/v7e-m+fp/hard\libpic32c.a(pic32_data_init_copy.o)

.debug_abbrev   0x0000000000000000     0x1e3c
 .debug_abbrev  0x0000000000000000       0xb3 build/sam_e51_cnano/production/_ext/673975658/bsp.o
 .debug_abbrev  0x00000000000000b3      0x10b build/sam_e51_cnano/production/_ext/7187140/plib_clock.o
 .debug_abbrev  0x00000000000001be       0xf3 build/sam_e51_cnano/production/_ext/1220119036/plib_dsu.o
 .debug_abbrev  0x00000000000002b1       0x46 build/sam_e51_cnano/production/_ext/9336626/plib_evsys.o
 .debug_abbrev  0x00000000000002f7      0x1fe build/sam_e51_cnano/production/_ext/830715028/plib_nvic.o
 .debug_abbrev  0x00000000000004f5      0x23c build/sam_e51_cnano/production/_ext/226030394/plib_nvmctrl.o
 .debug_abbrev  0x0000000000000731      0x191 build/sam_e51_cnano/production/_ext/1220129992/plib_pac.o
 .debug_abbrev  0x00000000000008c2      0x1cd build/sam_e51_cnano/production/_ext/830661877/plib_port.o
 .debug_abbrev  0x0000000000000a8f      0x1d1 build/sam_e51_cnano/production/_ext/1220132503/plib_rtc_timer.o
 .debug_abbrev  0x0000000000000c60      0x428 build/sam_e51_cnano/production/_ext/314480351/plib_sercom5_usart.o
 .debug_abbrev  0x0000000000001088      0x110 build/sam_e51_cnano/production/_ext/8444704/plib_systick.o
 .debug_abbrev  0x0000000000001198       0x96 build/sam_e51_cnano/production/_ext/570918426/initialization.o
 .debug_abbrev  0x000000000000122e       0xc0 build/sam_e51_cnano/production/_ext/570918426/interrupts.o
 .debug_abbrev  0x00000000000012ee       0x49 build/sam_e51_cnano/production/_ext/570918426/exceptions.o
 .debug_abbrev  0x0000000000001337      0x1e3 build/sam_e51_cnano/production/_ext/570918426/startup_xc32.o
 .debug_abbrev  0x000000000000151a       0x67 build/sam_e51_cnano/production/_ext/570918426/tasks.o
 .debug_abbrev  0x0000000000001581      0x194 build/sam_e51_cnano/production/_ext/1360937237/app.o
 .debug_abbrev  0x0000000000001715      0x39c build/sam_e51_cnano/production/_ext/1360937237/app_live_update.o
 .debug_abbrev  0x0000000000001ab1       0x82 build/sam_e51_cnano/production/_ext/1360937237/main.o
 .debug_abbrev  0x0000000000001b33       0x44 c:/program files/microchip/xc32/v4.45/bin/bin/../../lib/gcc/pic32c/8.3.1/../../../../pic32c/lib/thumb/v7e-m+fp/hard\libpic32c.a(data_init.o)
 .debug_abbrev  0x0000000000001b77      0x133 c:/program files/microchip/xc32/v4.45/bin/bin/../../lib/gcc/pic32c/8.3.1/../../../../pic32c/lib/thumb/v7e-m+fp/hard\libc-musl.a(__libc_start_main.o)
 .debug_abbrev  0x0000000000001caa       0xd4 c:/program files/microchip/xc32/v4.45/bin/bin/../../lib/gcc/pic32c/8.3.1/../../../../pic32c/lib/thumb/v7e-m+fp/hard\libc-musl.a(libc.o)
 .debug_abbrev  0x0000000000001d7e       0x62 c:/program files/microchip/xc32/v4.45/bin/bin/../../lib/gcc/pic32c/8.3.1/../../../../pic32c/lib/thumb/v7e-m+fp/hard\libc-musl.a(__environ.o)
 .debug_abbrev  0x0000000000001de0       0x2e c:/program files/microchip/xc32/v4.45/bin/bin/../../lib/gcc/pic32c/8.3.1/../../../../pic32c/lib/thumb/v7e-m+fp/hard\libpic32c.a(pic32_data_init_clear.o)
 .debug_abbrev  0x0000000000001e0e       0x2e c:/program files/microchip/xc32/v4.45/bin/bin/../../lib/gcc/pic32c/8.3.1/../../../../pic32c/lib/thumb/v7e-m+fp/hard\libpic32c.a(pic32_data_init_copy.o)

.debug_aranges  0x0000000000000000      0x640
 .debug_aranges
                0x0000000000000000       0x20 build/sam_e51_cnano/production/_ext/673975658/bsp.o
 .debug_aranges
                0x0000000000000020       0x20 build/sam_e51_cnano/production/_ext/7187140/plib_clock.o
 .debug_aranges
                0x0000000000000040       0x20 build/sam_e51_cnano/production/_ext/1220119036/plib_dsu.o
 .debug_aranges
                0x0000000000000060       0x20 build/sam_e51_cnano/production/_ext/9336626/plib_evsys.o
 .debug_aranges
                0x0000000000000080       0x38 build/sam_e51_cnano/production/_ext/830715028/plib_nvic.o
 .debug_aranges
                0x00000000000000b8       0xd8 build/sam_e51_cnano/production/_ext/226030394/plib_nvmctrl.o
 .debug_aranges
                0x0000000000000190       0x40 build/sam_e51_cnano/production/_ext/1220129992/plib_pac.o
 .debug_aranges
                0x00000000000001d0       0x70 build/sam_e51_cnano/production/_ext/830661877/plib_port.o
 .debug_aranges
                0x0000000000000240       0xb0 build/sam_e51_cnano/production/_ext/1220132503/plib_rtc_timer.o
 .debug_aranges
                0x00000000000002f0       0xc0 build/sam_e51_cnano/production/_ext/314480351/plib_sercom5_usart.o
 .debug_aranges
                0x00000000000003b0       0x70 build/sam_e51_cnano/production/_ext/8444704/plib_systick.o
 .debug_aranges
                0x0000000000000420       0x20 build/sam_e51_cnano/production/_ext/570918426/initialization.o
 .debug_aranges
                0x0000000000000440       0x20 build/sam_e51_cnano/production/_ext/570918426/interrupts.o
 .debug_aranges
                0x0000000000000460       0x48 build/sam_e51_cnano/production/_ext/570918426/exceptions.o
 .debug_aranges
                0x00000000000004a8       0x28 build/sam_e51_cnano/production/_ext/570918426/startup_xc32.o
 .debug_aranges
                0x00000000000004d0       0x20 build/sam_e51_cnano/production/_ext/570918426/tasks.o
 .debug_aranges
                0x00000000000004f0       0x30 build/sam_e51_cnano/production/_ext/1360937237/app.o
 .debug_aranges
                0x0000000000000520       0x40 build/sam_e51_cnano/production/_ext/1360937237/app_live_update.o
 .debug_aranges
                0x0000000000000560       0x20 build/sam_e51_cnano/production/_ext/1360937237/main.o
 .debug_aranges
                0x0000000000000580       0x28 c:/program files/microchip/xc32/v4.45/bin/bin/../../lib/gcc/pic32c/8.3.1/../../../../pic32c/lib/thumb/v7e-m+fp/hard\libpic32c.a(data_init.o)
 .debug_aranges
                0x00000000000005a8       0x28 c:/program files/microchip/xc32/v4.45/bin/bin/../../lib/gcc/pic32c/8.3.1/../../../../pic32c/lib/thumb/v7e-m+fp/hard\libc-musl.a(__libc_start_main.o)
 .debug_aranges
                0x00000000000005d0       0x18 c:/program files/microchip/xc32/v4.45/bin/bin/../../lib/gcc/pic32c/8.3.1/../../../../pic32c/lib/thumb/v7e-m+fp/hard\libc-musl.a(libc.o)
 .debug_aranges
                0x00000000000005e8       0x18 c:/program files/microchip/xc32/v4.45/bin/bin/../../lib/gcc/pic32c/8.3.1/../../../../pic32c/lib/thumb/v7e-m+fp/hard\libc-musl.a(__environ.o)
 .debug_aranges
                0x0000000000000600       0x20 c:/program files/microchip/xc32/v4.45/bin/bin/../../lib/gcc/pic32c/8.3.1/../../../../pic32c/lib/thumb/v7e-m+fp/hard\libpic32c.a(pic32_data_init_clear.o)
 .debug_aranges
                0x0000000000000620       0x20 c:/program files/microchip/xc32/v4.45/bin/bin/../../lib/gcc/pic32c/8.3.1/../../../../pic32c/lib/thumb/v7e-m+fp/hard\libpic32c.a(pic32_data_init_copy.o)

.debug_ranges   0x0000000000000000      0x638
 .debug_ranges  0x0000000000000000       0x10 build/sam_e51_cnano/production/_ext/673975658/bsp.o
 .debug_ranges  0x0000000000000010       0x10 build/sam_e51_cnano/production/_ext/7187140/plib_clock.o
 .debug_ranges  0x0000000000000020       0x10 build/sam_e51_cnano/production/_ext/1220119036/plib_dsu.o
 .debug_ranges  0x0000000000000030       0x10 build/sam_e51_cnano/production/_ext/9336626/plib_evsys.o
 .debug_ranges  0x0000000000000040       0x28 build/sam_e51_cnano/production/_ext/830715028/plib_nvic.o
 .debug_ranges  0x0000000000000068       0xc8 build/sam_e51_cnano/production/_ext/226030394/plib_nvmctrl.o
 .debug_ranges  0x0000000000000130       0x30 build/sam_e51_cnano/production/_ext/1220129992/plib_pac.o
 .debug_ranges  0x0000000000000160       0x60 build/sam_e51_cnano/production/_ext/830661877/plib_port.o
 .debug_ranges  0x00000000000001c0       0xa0 build/sam_e51_cnano/production/_ext/1220132503/plib_rtc_timer.o
 .debug_ranges  0x0000000000000260      0x1e8 build/sam_e51_cnano/production/_ext/314480351/plib_sercom5_usart.o
 .debug_ranges  0x0000000000000448       0x60 build/sam_e51_cnano/production/_ext/8444704/plib_systick.o
 .debug_ranges  0x00000000000004a8       0x10 build/sam_e51_cnano/production/_ext/570918426/initialization.o
 .debug_ranges  0x00000000000004b8       0x10 build/sam_e51_cnano/production/_ext/570918426/interrupts.o
 .debug_ranges  0x00000000000004c8       0x38 build/sam_e51_cnano/production/_ext/570918426/exceptions.o
 .debug_ranges  0x0000000000000500       0x18 build/sam_e51_cnano/production/_ext/570918426/startup_xc32.o
 .debug_ranges  0x0000000000000518       0x10 build/sam_e51_cnano/production/_ext/570918426/tasks.o
 .debug_ranges  0x0000000000000528       0x20 build/sam_e51_cnano/production/_ext/1360937237/app.o
 .debug_ranges  0x0000000000000548       0x68 build/sam_e51_cnano/production/_ext/1360937237/app_live_update.o
 .debug_ranges  0x00000000000005b0       0x10 build/sam_e51_cnano/production/_ext/1360937237/main.o
 .debug_ranges  0x00000000000005c0       0x18 c:/program files/microchip/xc32/v4.45/bin/bin/../../lib/gcc/pic32c/8.3.1/../../../../pic32c/lib/thumb/v7e-m+fp/hard\libpic32c.a(data_init.o)
 .debug_ranges  0x00000000000005d8       0x40 c:/program files/microchip/xc32/v4.45/bin/bin/../../lib/gcc/pic32c/8.3.1/../../../../pic32c/lib/thumb/v7e-m+fp/hard\libc-musl.a(__libc_start_main.o)
 .debug_ranges  0x0000000000000618       0x10 c:/program files/microchip/xc32/v4.45/bin/bin/../../lib/gcc/pic32c/8.3.1/../../../../pic32c/lib/thumb/v7e-m+fp/hard\libpic32c.a(pic32_data_init_clear.o)
 .debug_ranges  0x0000000000000628       0x10 c:/program files/microchip/xc32/v4.45/bin/bin/../../lib/gcc/pic32c/8.3.1/../../../../pic32c/lib/thumb/v7e-m+fp/hard\libpic32c.a(pic32_data_init_copy.o)

.debug_line     0x0000000000000000     0x3d23
 .debug_line    0x0000000000000000       0xdf build/sam_e51_cnano/production/_ext/673975658/bsp.o
 .debug_line    0x00000000000000df      0x25d build/sam_e51_cnano/production/_ext/7187140/plib_clock.o
 .debug_line    0x000000000000033c      0x16c build/sam_e51_cnano/production/_ext/1220119036/plib_dsu.o
 .debug_line    0x00000000000004a8       0x6c build/sam_e51_cnano/production/_ext/9336626/plib_evsys.o
 .debug_line    0x0000000000000514      0x402 build/sam_e51_cnano/production/_ext/830715028/plib_nvic.o
 .debug_line    0x0000000000000916      0x5bf build/sam_e51_cnano/production/_ext/226030394/plib_nvmctrl.o
 .debug_line    0x0000000000000ed5      0x1bd build/sam_e51_cnano/production/_ext/1220129992/plib_pac.o
 .debug_line    0x0000000000001092      0x2bf build/sam_e51_cnano/production/_ext/830661877/plib_port.o
 .debug_line    0x0000000000001351      0x423 build/sam_e51_cnano/production/_ext/1220132503/plib_rtc_timer.o
 .debug_line    0x0000000000001774      0xb8e build/sam_e51_cnano/production/_ext/314480351/plib_sercom5_usart.o
 .debug_line    0x0000000000002302      0x311 build/sam_e51_cnano/production/_ext/8444704/plib_systick.o
 .debug_line    0x0000000000002613      0x2fa build/sam_e51_cnano/production/_ext/570918426/initialization.o
 .debug_line    0x000000000000290d       0xc0 build/sam_e51_cnano/production/_ext/570918426/interrupts.o
 .debug_line    0x00000000000029cd       0xcc build/sam_e51_cnano/production/_ext/570918426/exceptions.o
 .debug_line    0x0000000000002a99      0x24c build/sam_e51_cnano/production/_ext/570918426/startup_xc32.o
 .debug_line    0x0000000000002ce5       0x85 build/sam_e51_cnano/production/_ext/570918426/tasks.o
 .debug_line    0x0000000000002d6a      0x256 build/sam_e51_cnano/production/_ext/1360937237/app.o
 .debug_line    0x0000000000002fc0      0x7fb build/sam_e51_cnano/production/_ext/1360937237/app_live_update.o
 .debug_line    0x00000000000037bb       0x73 build/sam_e51_cnano/production/_ext/1360937237/main.o
 .debug_line    0x000000000000382e       0x92 c:/program files/microchip/xc32/v4.45/bin/bin/../../lib/gcc/pic32c/8.3.1/../../../../pic32c/lib/thumb/v7e-m+fp/hard\libpic32c.a(data_init.o)
 .debug_line    0x00000000000038c0      0x1c7 c:/program files/microchip/xc32/v4.45/bin/bin/../../lib/gcc/pic32c/8.3.1/../../../../pic32c/lib/thumb/v7e-m+fp/hard\libc-musl.a(__libc_start_main.o)
 .debug_line    0x0000000000003a87       0xb5 c:/program files/microchip/xc32/v4.45/bin/bin/../../lib/gcc/pic32c/8.3.1/../../../../pic32c/lib/thumb/v7e-m+fp/hard\libc-musl.a(libc.o)
 .debug_line    0x0000000000003b3c       0xfb c:/program files/microchip/xc32/v4.45/bin/bin/../../lib/gcc/pic32c/8.3.1/../../../../pic32c/lib/thumb/v7e-m+fp/hard\libc-musl.a(__environ.o)
 .debug_line    0x0000000000003c37       0x72 c:/program files/microchip/xc32/v4.45/bin/bin/../../lib/gcc/pic32c/8.3.1/../../../../pic32c/lib/thumb/v7e-m+fp/hard\libpic32c.a(pic32_data_init_clear.o)
 .debug_line    0x0000000000003ca9       0x7a c:/program files/microchip/xc32/v4.45/bin/bin/../../lib/gcc/pic32c/8.3.1/../../../../pic32c/lib/thumb/v7e-m+fp/hard\libpic32c.a(pic32_data_init_copy.o)

.debug_str      0x0000000000000000     0x961f
 .debug_str     0x0000000000000000      0x3bd build/sam_e51_cnano/production/_ext/673975658/bsp.o
 .debug_str     0x00000000000003bd      0x69e build/sam_e51_cnano/production/_ext/7187140/plib_clock.o
 .debug_str     0x0000000000000a5b      0x469 build/sam_e51_cnano/production/_ext/1220119036/plib_dsu.o
 .debug_str     0x0000000000000ec4      0x2fa build/sam_e51_cnano/production/_ext/9336626/plib_evsys.o
 .debug_str     0x00000000000011be      0xc73 build/sam_e51_cnano/production/_ext/830715028/plib_nvic.o
 .debug_str     0x0000000000001e31      0x6fb build/sam_e51_cnano/production/_ext/226030394/plib_nvmctrl.o
 .debug_str     0x000000000000252c      0x971 build/sam_e51_cnano/production/_ext/1220129992/plib_pac.o
 .debug_str     0x0000000000002e9d      0x90c build/sam_e51_cnano/production/_ext/830661877/plib_port.o
 .debug_str     0x00000000000037a9      0x79d build/sam_e51_cnano/production/_ext/1220132503/plib_rtc_timer.o
 .debug_str     0x0000000000003f46      0xdbf build/sam_e51_cnano/production/_ext/314480351/plib_sercom5_usart.o
 .debug_str     0x0000000000004d05      0x457 build/sam_e51_cnano/production/_ext/8444704/plib_systick.o
 .debug_str     0x000000000000515c      0x3d3 build/sam_e51_cnano/production/_ext/570918426/initialization.o
 .debug_str     0x000000000000552f      0xf00 build/sam_e51_cnano/production/_ext/570918426/interrupts.o
 .debug_str     0x000000000000642f      0x359 build/sam_e51_cnano/production/_ext/570918426/exceptions.o
 .debug_str     0x0000000000006788      0x493 build/sam_e51_cnano/production/_ext/570918426/startup_xc32.o
 .debug_str     0x0000000000006c1b      0x303 build/sam_e51_cnano/production/_ext/570918426/tasks.o
 .debug_str     0x0000000000006f1e      0x4fc build/sam_e51_cnano/production/_ext/1360937237/app.o
 .debug_str     0x000000000000741a     0x1021 build/sam_e51_cnano/production/_ext/1360937237/app_live_update.o
 .debug_str     0x000000000000843b      0x2e1 build/sam_e51_cnano/production/_ext/1360937237/main.o
 .debug_str     0x000000000000871c      0x1f5 c:/program files/microchip/xc32/v4.45/bin/bin/../../lib/gcc/pic32c/8.3.1/../../../../pic32c/lib/thumb/v7e-m+fp/hard\libpic32c.a(data_init.o)
 .debug_str     0x0000000000008911      0x3d4 c:/program files/microchip/xc32/v4.45/bin/bin/../../lib/gcc/pic32c/8.3.1/../../../../pic32c/lib/thumb/v7e-m+fp/hard\libc-musl.a(__libc_start_main.o)
 .debug_str     0x0000000000008ce5      0x33f c:/program files/microchip/xc32/v4.45/bin/bin/../../lib/gcc/pic32c/8.3.1/../../../../pic32c/lib/thumb/v7e-m+fp/hard\libc-musl.a(libc.o)
 .debug_str     0x0000000000009024      0x23f c:/program files/microchip/xc32/v4.45/bin/bin/../../lib/gcc/pic32c/8.3.1/../../../../pic32c/lib/thumb/v7e-m+fp/hard\libc-musl.a(__environ.o)
 .debug_str     0x0000000000009263      0x1df c:/program files/microchip/xc32/v4.45/bin/bin/../../lib/gcc/pic32c/8.3.1/../../../../pic32c/lib/thumb/v7e-m+fp/hard\libpic32c.a(pic32_data_init_clear.o)
 .debug_str     0x0000000000009442      0x1dd c:/program files/microchip/xc32/v4.45/bin/bin/../../lib/gcc/pic32c/8.3.1/../../../../pic32c/lib/thumb/v7e-m+fp/hard\libpic32c.a(pic32_data_init_copy.o)

.debug_frame    0x0000000000000000      0xae4
 .debug_frame   0x0000000000000000       0x20 build/sam_e51_cnano/production/_ext/673975658/bsp.o
 .debug_frame   0x0000000000000020       0x20 build/sam_e51_cnano/production/_ext/7187140/plib_clock.o
 .debug_frame   0x0000000000000040       0x34 build/sam_e51_cnano/production/_ext/1220119036/plib_dsu.o
 .debug_frame   0x0000000000000074       0x20 build/sam_e51_cnano/production/_ext/9336626/plib_evsys.o
 .debug_frame   0x0000000000000094       0x50 build/sam_e51_cnano/production/_ext/830715028/plib_nvic.o
 .debug_frame   0x00000000000000e4      0x1d8 build/sam_e51_cnano/production/_ext/226030394/plib_nvmctrl.o
 .debug_frame   0x00000000000002bc       0x68 build/sam_e51_cnano/production/_ext/1220129992/plib_pac.o
 .debug_frame   0x0000000000000324       0xcc build/sam_e51_cnano/production/_ext/830661877/plib_port.o
 .debug_frame   0x00000000000003f0      0x148 build/sam_e51_cnano/production/_ext/1220132503/plib_rtc_timer.o
 .debug_frame   0x0000000000000538      0x1dc build/sam_e51_cnano/production/_ext/314480351/plib_sercom5_usart.o
 .debug_frame   0x0000000000000714       0xe0 build/sam_e51_cnano/production/_ext/8444704/plib_systick.o
 .debug_frame   0x00000000000007f4       0x28 build/sam_e51_cnano/production/_ext/570918426/initialization.o
 .debug_frame   0x000000000000081c       0x20 build/sam_e51_cnano/production/_ext/570918426/interrupts.o
 .debug_frame   0x000000000000083c       0x70 build/sam_e51_cnano/production/_ext/570918426/exceptions.o
 .debug_frame   0x00000000000008ac       0x38 build/sam_e51_cnano/production/_ext/570918426/startup_xc32.o
 .debug_frame   0x00000000000008e4       0x28 build/sam_e51_cnano/production/_ext/570918426/tasks.o
 .debug_frame   0x000000000000090c       0x50 build/sam_e51_cnano/production/_ext/1360937237/app.o
 .debug_frame   0x000000000000095c       0xa0 build/sam_e51_cnano/production/_ext/1360937237/app_live_update.o
 .debug_frame   0x00000000000009fc       0x28 build/sam_e51_cnano/production/_ext/1360937237/main.o
 .debug_frame   0x0000000000000a24       0x3c c:/program files/microchip/xc32/v4.45/bin/bin/../../lib/gcc/pic32c/8.3.1/../../../../pic32c/lib/thumb/v7e-m+fp/hard\libpic32c.a(data_init.o)
 .debug_frame   0x0000000000000a60       0x3c c:/program files/microchip/xc32/v4.45/bin/bin/../../lib/gcc/pic32c/8.3.1/../../../../pic32c/lib/thumb/v7e-m+fp/hard\libc-musl.a(__libc_start_main.o)
 .debug_frame   0x0000000000000a9c       0x20 c:/program files/microchip/xc32/v4.45/bin/bin/../../lib/gcc/pic32c/8.3.1/../../../../pic32c/lib/thumb/v7e-m+fp/hard\libpic32c.a(pic32_data_init_clear.o)
 .debug_frame   0x0000000000000abc       0x28 c:/program files/microchip/xc32/v4.45/bin/bin/../../lib/gcc/pic32c/8.3.1/../../../../pic32c/lib/thumb/v7e-m+fp/hard\libpic32c.a(pic32_data_init_copy.o)

.debug_loc      0x0000000000000000     0x255c
 .debug_loc     0x0000000000000000      0x1b6 build/sam_e51_cnano/production/_ext/1220119036/plib_dsu.o
 .debug_loc     0x00000000000001b6      0x209 build/sam_e51_cnano/production/_ext/830715028/plib_nvic.o
 .debug_loc     0x00000000000003bf      0x83e build/sam_e51_cnano/production/_ext/226030394/plib_nvmctrl.o
 .debug_loc     0x0000000000000bfd       0xda build/sam_e51_cnano/production/_ext/1220129992/plib_pac.o
 .debug_loc     0x0000000000000cd7      0x1bc build/sam_e51_cnano/production/_ext/830661877/plib_port.o
 .debug_loc     0x0000000000000e93       0xb4 build/sam_e51_cnano/production/_ext/1220132503/plib_rtc_timer.o
 .debug_loc     0x0000000000000f47      0xd3c build/sam_e51_cnano/production/_ext/314480351/plib_sercom5_usart.o
 .debug_loc     0x0000000000001c83      0x27d build/sam_e51_cnano/production/_ext/8444704/plib_systick.o
 .debug_loc     0x0000000000001f00       0x45 build/sam_e51_cnano/production/_ext/570918426/initialization.o
 .debug_loc     0x0000000000001f45       0x4a build/sam_e51_cnano/production/_ext/570918426/startup_xc32.o
 .debug_loc     0x0000000000001f8f       0x20 build/sam_e51_cnano/production/_ext/570918426/tasks.o
 .debug_loc     0x0000000000001faf       0x40 build/sam_e51_cnano/production/_ext/1360937237/app.o
 .debug_loc     0x0000000000001fef      0x4d4 build/sam_e51_cnano/production/_ext/1360937237/app_live_update.o
 .debug_loc     0x00000000000024c3       0x20 build/sam_e51_cnano/production/_ext/1360937237/main.o
 .debug_loc     0x00000000000024e3       0x14 c:/program files/microchip/xc32/v4.45/bin/bin/../../lib/gcc/pic32c/8.3.1/../../../../pic32c/lib/thumb/v7e-m+fp/hard\libpic32c.a(data_init.o)
 .debug_loc     0x00000000000024f7       0x51 c:/program files/microchip/xc32/v4.45/bin/bin/../../lib/gcc/pic32c/8.3.1/../../../../pic32c/lib/thumb/v7e-m+fp/hard\libc-musl.a(__libc_start_main.o)
 .debug_loc     0x0000000000002548       0x14 c:/program files/microchip/xc32/v4.45/bin/bin/../../lib/gcc/pic32c/8.3.1/../../../../pic32c/lib/thumb/v7e-m+fp/hard\libpic32c.a(pic32_data_init_copy.o)

.note.GNU-stack
                0x0000000000000000        0x0
 .note.GNU-stack
                0x0000000000000000        0x0 c:/program files/microchip/xc32/v4.45/bin/bin/../../lib/gcc/pic32c/8.3.1/../../../../pic32c/lib/thumb/v7e-m+fp/hard\libc-musl.a(__libc_start_main.o)
 .note.GNU-stack
                0x0000000000000000        0x0 c:/program files/microchip/xc32/v4.45/bin/bin/../../lib/gcc/pic32c/8.3.1/../../../../pic32c/lib/thumb/v7e-m+fp/hard\libc-musl.a(libc.o)
 .note.GNU-stack
                0x0000000000000000        0x0 c:/program files/microchip/xc32/v4.45/bin/bin/../../lib/gcc/pic32c/8.3.1/../../../../pic32c/lib/thumb/v7e-m+fp/hard\libc-musl.a(__environ.o)

.stack          0x0000000020004420      0x100
 .stack         0x0000000020004420      0x100 stack

.bss.lu_input_buffer%1
                0x0000000020000010     0x2004
 .bss.lu_input_buffer
                0x0000000020000010     0x2004 build/sam_e51_cnano/production/_ext/1360937237/app_live_update.o

.bss.lu_flash_data%2
                0x0000000020002014     0x2000
 .bss.lu_flash_data
                0x0000000020002014     0x2000 build/sam_e51_cnano/production/_ext/1360937237/app_live_update.o

.bss.SERCOM5_USART_ReadBuffer%3
                0x0000000020004014       0x80
 .bss.SERCOM5_USART_ReadBuffer
                0x0000000020004014       0x80 build/sam_e51_cnano/production/_ext/314480351/plib_sercom5_usart.o

.bss.SERCOM5_USART_WriteBuffer%4
                0x0000000020004094       0x80
 .bss.SERCOM5_USART_WriteBuffer
                0x0000000020004094       0x80 build/sam_e51_cnano/production/_ext/314480351/plib_sercom5_usart.o

.bss%5          0x0000000020004114       0x50
 .bss           0x0000000020004114       0x50 c:/program files/microchip/xc32/v4.45/bin/bin/../../lib/gcc/pic32c/8.3.1/../../../../pic32c/lib/thumb/v7e-m+fp/hard\libc-musl.a(libc.o)
                0x0000000020004114                __progname_full
                0x0000000020004114                program_invocation_name
                0x0000000020004118                program_invocation_short_name
                0x0000000020004118                __progname
                0x000000002000411c                __sysinfo
                0x0000000020004120                __hwcap
                0x0000000020004124                __libc

.bss.sercom5USARTObj%6
                0x0000000020004164       0x40
 .bss.sercom5USARTObj
                0x0000000020004164       0x40 build/sam_e51_cnano/production/_ext/314480351/plib_sercom5_usart.o

.bss%7          0x00000000200041a4       0x1c
 .bss           0x00000000200041a4       0x1c c:/program files/microchip/xc32/v4.45/bin/bin/../../lib/gcc/pic32c/8.3.1/thumb/v7e-m+fp/hard/crtbegin.o

.bss.rtcObj%8   0x00000000200041c0        0xc
 .bss.rtcObj    0x00000000200041c0        0xc build/sam_e51_cnano/production/_ext/1220132503/plib_rtc_timer.o

.bss.pacCallbackObject%9
                0x00000000200041cc        0x8
 .bss.pacCallbackObject
                0x00000000200041cc        0x8 build/sam_e51_cnano/production/_ext/1220129992/plib_pac.o

.bss.app_live_update%10
                0x00000000200041d4        0x7
 .bss.app_live_update
                0x00000000200041d4        0x7 build/sam_e51_cnano/production/_ext/1360937237/app_live_update.o
                0x00000000200041d4                app_live_update

.bss.bytes_read.8970%11
                0x00000000200041dc        0x4
 .bss.bytes_read.8970
                0x00000000200041dc        0x4 build/sam_e51_cnano/production/_ext/1360937237/app_live_update.o

.bss.lu_flash_addr%12
                0x00000000200041e0        0x4
 .bss.lu_flash_addr
                0x00000000200041e0        0x4 build/sam_e51_cnano/production/_ext/1360937237/app_live_update.o

.bss.lu_unlock_begin%13
                0x00000000200041e4        0x4
 .bss.lu_unlock_begin
                0x00000000200041e4        0x4 build/sam_e51_cnano/production/_ext/1360937237/app_live_update.o

.bss.lu_unlock_end%14
                0x00000000200041e8        0x4
 .bss.lu_unlock_end
                0x00000000200041e8        0x4 build/sam_e51_cnano/production/_ext/1360937237/app_live_update.o

.bss.ptr.8971%15
                0x00000000200041ec        0x4
 .bss.ptr.8971  0x00000000200041ec        0x4 build/sam_e51_cnano/production/_ext/1360937237/app_live_update.o

.bss.size.8972%16
                0x00000000200041f0        0x4
 .bss.size.8972
                0x00000000200041f0        0x4 build/sam_e51_cnano/production/_ext/1360937237/app_live_update.o

.bss%17         0x00000000200041f4        0x4
 .bss           0x00000000200041f4        0x4 c:/program files/microchip/xc32/v4.45/bin/bin/../../lib/gcc/pic32c/8.3.1/../../../../pic32c/lib/thumb/v7e-m+fp/hard\libpic32c.a(data_init.o)

.bss%18         0x00000000200041f8        0x4
 .bss           0x00000000200041f8        0x4 c:/program files/microchip/xc32/v4.45/bin/bin/../../lib/gcc/pic32c/8.3.1/../../../../pic32c/lib/thumb/v7e-m+fp/hard\libc-musl.a(__environ.o)
                0x00000000200041f8                __environ
                0x00000000200041f8                environ
                0x00000000200041f8                ___environ
                0x00000000200041f8                _environ

.bss.nvmctrlStatus%19
                0x00000000200041fc        0x2
 .bss.nvmctrlStatus
                0x00000000200041fc        0x2 build/sam_e51_cnano/production/_ext/1360937237/app.o

.bss.appData%20
                0x0000000020004200        0x1
 .bss.appData   0x0000000020004200        0x1 build/sam_e51_cnano/production/_ext/1360937237/app.o
                0x0000000020004200                appData

.bss.nvm_error%21
                0x00000000200041fe        0x2
 .bss.nvm_error
                0x00000000200041fe        0x2 build/sam_e51_cnano/production/_ext/226030394/plib_nvmctrl.o

.bss.isRTCExpired%22
                0x00000000200041db        0x1
 .bss.isRTCExpired
                0x00000000200041db        0x1 build/sam_e51_cnano/production/_ext/1360937237/app.o

.bss.changeSamplingRate%23
                0x0000000020004201        0x1
 .bss.changeSamplingRate
                0x0000000020004201        0x1 build/sam_e51_cnano/production/_ext/1360937237/app_live_update.o
                0x0000000020004201                changeSamplingRate

.bss.header_received.8973%24
                0x0000000020004202        0x1
 .bss.header_received.8973
                0x0000000020004202        0x1 build/sam_e51_cnano/production/_ext/1360937237/app_live_update.o

.bss.isLiveUpdateFailure%25
                0x0000000020004203        0x1
 .bss.isLiveUpdateFailure
                0x0000000020004203        0x1 build/sam_e51_cnano/production/_ext/1360937237/app_live_update.o
                0x0000000020004203                isLiveUpdateFailure

.bss.resp.8987%26
                0x0000000020004204        0x1
 .bss.resp.8987
                0x0000000020004204        0x1 build/sam_e51_cnano/production/_ext/1360937237/app_live_update.o

.eh_frame%z1    0x0000000000000000        0x0
 .eh_frame      0x0000000000000000        0x0 c:/program files/microchip/xc32/v4.45/bin/bin/../../lib/gcc/pic32c/8.3.1/thumb/v7e-m+fp/hard/crtbegin.o

.text.SERCOM5_USART_InterruptHandler%27
                0x0000000000002280      0x1d4
 .text.SERCOM5_USART_InterruptHandler
                0x0000000000002280      0x1d4 build/sam_e51_cnano/production/_ext/314480351/plib_sercom5_usart.o
                0x0000000000002280                SERCOM5_USART_InterruptHandler

.text.APP_LIVE_UPDATE_ServiceTasks%28
                0x0000000000002454      0x168
 .text.APP_LIVE_UPDATE_ServiceTasks
                0x0000000000002454      0x168 build/sam_e51_cnano/production/_ext/1360937237/app_live_update.o
                0x0000000000002454                APP_LIVE_UPDATE_ServiceTasks

.text.APP_LIVE_UPDATE_Tasks%29
                0x00000000000025bc      0x14c
 .text.APP_LIVE_UPDATE_Tasks
                0x00000000000025bc      0x14c build/sam_e51_cnano/production/_ext/1360937237/app_live_update.o
                0x00000000000025bc                APP_LIVE_UPDATE_Tasks

.text.usart_ReadEventHandler%30
                0x0000000000002708      0x120
 .text.usart_ReadEventHandler
                0x0000000000002708      0x120 build/sam_e51_cnano/production/_ext/1360937237/app_live_update.o
                0x0000000000002708                usart_ReadEventHandler

.dinit%31       0x0000000000002828      0x100
 .dinit         0x0000000000002828      0x100 data_init

.text.CLOCK_Initialize%32
                0x0000000000002928       0xd8
 .text.CLOCK_Initialize
                0x0000000000002928       0xd8 build/sam_e51_cnano/production/_ext/7187140/plib_clock.o
                0x0000000000002928                CLOCK_Initialize

.text.SERCOM5_USART_Write%33
                0x0000000000002a00       0xd8
 .text.SERCOM5_USART_Write
                0x0000000000002a00       0xd8 build/sam_e51_cnano/production/_ext/314480351/plib_sercom5_usart.o
                0x0000000000002a00                SERCOM5_USART_Write

.text.APP_Tasks%34
                0x0000000000002ad8       0xd4
 .text.APP_Tasks
                0x0000000000002ad8       0xd4 build/sam_e51_cnano/production/_ext/1360937237/app.o
                0x0000000000002ad8                APP_Tasks

.text.Reset_Handler%35
                0x0000000000002bac       0x88
 .text.Reset_Handler
                0x0000000000002bac       0x88 build/sam_e51_cnano/production/_ext/570918426/startup_xc32.o
                0x0000000000002bac                Reset_Handler

.text.SERCOM5_USART_Initialize%36
                0x0000000000002c34       0x7c
 .text.SERCOM5_USART_Initialize
                0x0000000000002c34       0x7c build/sam_e51_cnano/production/_ext/314480351/plib_sercom5_usart.o
                0x0000000000002c34                SERCOM5_USART_Initialize

.text.SERCOM5_USART_Read%37
                0x0000000000002cb0       0x7c
 .text.SERCOM5_USART_Read
                0x0000000000002cb0       0x7c build/sam_e51_cnano/production/_ext/314480351/plib_sercom5_usart.o
                0x0000000000002cb0                SERCOM5_USART_Read

.text.NVIC_Initialize%38
                0x0000000000002d2c       0x74
 .text.NVIC_Initialize
                0x0000000000002d2c       0x74 build/sam_e51_cnano/production/_ext/830715028/plib_nvic.o
                0x0000000000002d2c                NVIC_Initialize

.text.__libc_start_init%39
                0x0000000000002da0       0x5c
 .text.__libc_start_init
                0x0000000000002da0       0x5c c:/program files/microchip/xc32/v4.45/bin/bin/../../lib/gcc/pic32c/8.3.1/../../../../pic32c/lib/thumb/v7e-m+fp/hard\libc-musl.a(__libc_start_main.o)
                0x0000000000002da0                __libc_init_array

.text.RTC_Initialize%40
                0x0000000000002dfc       0x54
 .text.RTC_Initialize
                0x0000000000002dfc       0x54 build/sam_e51_cnano/production/_ext/1220132503/plib_rtc_timer.o
                0x0000000000002dfc                RTC_Initialize

.text.DSU_CRCCalculate%41
                0x0000000000002e50       0x4c
 .text.DSU_CRCCalculate
                0x0000000000002e50       0x4c build/sam_e51_cnano/production/_ext/1220119036/plib_dsu.o
                0x0000000000002e50                DSU_CRCCalculate

.text%42        0x0000000000002e9c       0x40
 .text          0x0000000000002e9c       0x40 c:/program files/microchip/xc32/v4.45/bin/bin/../../lib/gcc/pic32c/8.3.1/thumb/v7e-m+fp/hard/crtbegin.o

.text.NVMCTRL_PageWrite%43
                0x0000000000002edc       0x40
 .text.NVMCTRL_PageWrite
                0x0000000000002edc       0x40 build/sam_e51_cnano/production/_ext/226030394/plib_nvmctrl.o
                0x0000000000002edc                NVMCTRL_PageWrite

.text.PORT_Initialize%44
                0x0000000000002f1c       0x3c
 .text.PORT_Initialize
                0x0000000000002f1c       0x3c build/sam_e51_cnano/production/_ext/830661877/plib_port.o
                0x0000000000002f1c                PORT_Initialize

.text.PAC_InterruptHandler%45
                0x0000000000002f58       0x38
 .text.PAC_InterruptHandler
                0x0000000000002f58       0x38 build/sam_e51_cnano/production/_ext/1220129992/plib_pac.o
                0x0000000000002f58                PAC_InterruptHandler

.text.SYS_Initialize%46
                0x0000000000002f90       0x34
 .text.SYS_Initialize
                0x0000000000002f90       0x34 build/sam_e51_cnano/production/_ext/570918426/initialization.o
                0x0000000000002f90                SYS_Initialize

.text.__pic32c_data_initialization%47
                0x0000000000002fc4       0x34
 .text.__pic32c_data_initialization
                0x0000000000002fc4       0x34 c:/program files/microchip/xc32/v4.45/bin/bin/../../lib/gcc/pic32c/8.3.1/../../../../pic32c/lib/thumb/v7e-m+fp/hard\libpic32c.a(data_init.o)
                0x0000000000002fc4                __pic32c_data_initialization

.text.RTC_InterruptHandler%48
                0x0000000000002ff8       0x28
 .text.RTC_InterruptHandler
                0x0000000000002ff8       0x28 build/sam_e51_cnano/production/_ext/1220132503/plib_rtc_timer.o
                0x0000000000002ff8                RTC_InterruptHandler

.text.APP_Initialize%49
                0x0000000000003020       0x28
 .text.APP_Initialize
                0x0000000000003020       0x28 build/sam_e51_cnano/production/_ext/1360937237/app.o
                0x0000000000003020                APP_Initialize

.text.send_Response%50
                0x0000000000003048       0x24
 .text.send_Response
                0x0000000000003048       0x24 build/sam_e51_cnano/production/_ext/1360937237/app_live_update.o

.text.__dinit_copy%51
                0x000000000000306c       0x1e
 .text.__dinit_copy
                0x000000000000306c       0x1e c:/program files/microchip/xc32/v4.45/bin/bin/../../lib/gcc/pic32c/8.3.1/../../../../pic32c/lib/thumb/v7e-m+fp/hard\libpic32c.a(pic32_data_init_copy.o)
                0x000000000000306c                __dinit_copy_needed
                0x000000000000306c                __dinit_copy

.text.NVMCTRL_BlockErase%52
                0x000000000000308c       0x1c
 .text.NVMCTRL_BlockErase
                0x000000000000308c       0x1c build/sam_e51_cnano/production/_ext/226030394/plib_nvmctrl.o
                0x000000000000308c                NVMCTRL_BlockErase

.text.SYSTICK_TimerInitialize%53
                0x00000000000030a8       0x1c
 .text.SYSTICK_TimerInitialize
                0x00000000000030a8       0x1c build/sam_e51_cnano/production/_ext/8444704/plib_systick.o
                0x00000000000030a8                SYSTICK_TimerInitialize

.text.SYSTICK_TimerRestart%54
                0x00000000000030c4       0x1c
 .text.SYSTICK_TimerRestart
                0x00000000000030c4       0x1c build/sam_e51_cnano/production/_ext/8444704/plib_systick.o
                0x00000000000030c4                SYSTICK_TimerRestart

.text.APP_LIVE_UPDATE_Initialize%55
                0x00000000000030e0       0x1c
 .text.APP_LIVE_UPDATE_Initialize
                0x00000000000030e0       0x1c build/sam_e51_cnano/production/_ext/1360937237/app_live_update.o
                0x00000000000030e0                APP_LIVE_UPDATE_Initialize

.text.RTC_Timer32Start%56
                0x00000000000030fc       0x18
 .text.RTC_Timer32Start
                0x00000000000030fc       0x18 build/sam_e51_cnano/production/_ext/1220132503/plib_rtc_timer.o
                0x00000000000030fc                RTC_Timer32Start

.text.SERCOM5_USART_WritePendingBytesGet%57
                0x0000000000003114       0x18
 .text.SERCOM5_USART_WritePendingBytesGet
                0x0000000000003114       0x18 build/sam_e51_cnano/production/_ext/314480351/plib_sercom5_usart.o

.text.SERCOM5_USART_ReadCountGet%58
                0x000000000000312c       0x18
 .text.SERCOM5_USART_ReadCountGet
                0x000000000000312c       0x18 build/sam_e51_cnano/production/_ext/314480351/plib_sercom5_usart.o
                0x000000000000312c                SERCOM5_USART_ReadCountGet

.text.SERCOM5_USART_ReadNotificationEnable%59
                0x0000000000003144       0x18
 .text.SERCOM5_USART_ReadNotificationEnable
                0x0000000000003144       0x18 build/sam_e51_cnano/production/_ext/314480351/plib_sercom5_usart.o
                0x0000000000003144                SERCOM5_USART_ReadNotificationEnable

.text.BSP_Initialize%60
                0x000000000000315c       0x14
 .text.BSP_Initialize
                0x000000000000315c       0x14 build/sam_e51_cnano/production/_ext/673975658/bsp.o
                0x000000000000315c                BSP_Initialize

.text.NVMCTRL_IsBusy%61
                0x0000000000003170       0x14
 .text.NVMCTRL_IsBusy
                0x0000000000003170       0x14 build/sam_e51_cnano/production/_ext/226030394/plib_nvmctrl.o
                0x0000000000003170                NVMCTRL_IsBusy

.text.RTC_Timer32Compare0Set%62
                0x0000000000003184       0x14
 .text.RTC_Timer32Compare0Set
                0x0000000000003184       0x14 build/sam_e51_cnano/production/_ext/1220132503/plib_rtc_timer.o
                0x0000000000003184                RTC_Timer32Compare0Set

.text.SERCOM5_USART_WriteFreeBufferCountGet%63
                0x0000000000003198       0x14
 .text.SERCOM5_USART_WriteFreeBufferCountGet
                0x0000000000003198       0x14 build/sam_e51_cnano/production/_ext/314480351/plib_sercom5_usart.o
                0x0000000000003198                SERCOM5_USART_WriteFreeBufferCountGet

.text.SYSTICK_TimerStart%64
                0x00000000000031ac       0x14
 .text.SYSTICK_TimerStart
                0x00000000000031ac       0x14 build/sam_e51_cnano/production/_ext/8444704/plib_systick.o
                0x00000000000031ac                SYSTICK_TimerStart

.text.rtcEventHandler%65
                0x00000000000031c0       0x14
 .text.rtcEventHandler
                0x00000000000031c0       0x14 build/sam_e51_cnano/production/_ext/1360937237/app.o

.rodata%66      0x00000000000031d4       0x14
 .rodata        0x00000000000031d4       0x14 c:/program files/microchip/xc32/v4.45/bin/bin/../../lib/gcc/pic32c/8.3.1/../../../../pic32c/lib/thumb/v7e-m+fp/hard\libpic32c.a(data_init.o)

.text.__dinit_clear%67
                0x00000000000031e8       0x12
 .text.__dinit_clear
                0x00000000000031e8       0x12 c:/program files/microchip/xc32/v4.45/bin/bin/../../lib/gcc/pic32c/8.3.1/../../../../pic32c/lib/thumb/v7e-m+fp/hard\libpic32c.a(pic32_data_init_clear.o)
                0x00000000000031e8                __dinit_clear
                0x00000000000031e8                __dinit_clear_needed

.text.NVMCTRL_Initialize%68
                0x00000000000031fc       0x10
 .text.NVMCTRL_Initialize
                0x00000000000031fc       0x10 build/sam_e51_cnano/production/_ext/226030394/plib_nvmctrl.o
                0x00000000000031fc                NVMCTRL_Initialize

.text.NVMCTRL_RegionUnlock%69
                0x000000000000320c       0x10
 .text.NVMCTRL_RegionUnlock
                0x000000000000320c       0x10 build/sam_e51_cnano/production/_ext/226030394/plib_nvmctrl.o
                0x000000000000320c                NVMCTRL_RegionUnlock

.text.NVMCTRL_BankSwap%70
                0x000000000000321c       0x10
 .text.NVMCTRL_BankSwap
                0x000000000000321c       0x10 build/sam_e51_cnano/production/_ext/226030394/plib_nvmctrl.o
                0x000000000000321c                NVMCTRL_BankSwap

.text.SERCOM5_USART_ErrorGet%71
                0x000000000000322c       0x10
 .text.SERCOM5_USART_ErrorGet
                0x000000000000322c       0x10 build/sam_e51_cnano/production/_ext/314480351/plib_sercom5_usart.o
                0x000000000000322c                SERCOM5_USART_ErrorGet

.text.SYSTICK_TimerPeriodHasExpired%72
                0x000000000000323c       0x10
 .text.SYSTICK_TimerPeriodHasExpired
                0x000000000000323c       0x10 build/sam_e51_cnano/production/_ext/8444704/plib_systick.o
                0x000000000000323c                SYSTICK_TimerPeriodHasExpired

.text.PAC_PeripheralProtectSetup%73
                0x000000000000324c        0xe
 .text.PAC_PeripheralProtectSetup
                0x000000000000324c        0xe build/sam_e51_cnano/production/_ext/1220129992/plib_pac.o
                0x000000000000324c                PAC_PeripheralProtectSetup

.text.main%74   0x000000000000325a        0xe
 .text.main     0x000000000000325a        0xe build/sam_e51_cnano/production/_ext/1360937237/main.o
                0x000000000000325a                main

.text.NVMCTRL_StatusGet%75
                0x0000000000003268        0xc
 .text.NVMCTRL_StatusGet
                0x0000000000003268        0xc build/sam_e51_cnano/production/_ext/226030394/plib_nvmctrl.o
                0x0000000000003268                NVMCTRL_StatusGet

.text.RTC_Timer32CallbackRegister%76
                0x0000000000003274        0xc
 .text.RTC_Timer32CallbackRegister
                0x0000000000003274        0xc build/sam_e51_cnano/production/_ext/1220132503/plib_rtc_timer.o
                0x0000000000003274                RTC_Timer32CallbackRegister

.text.SERCOM5_USART_ReadThresholdSet%77
                0x0000000000003280        0xc
 .text.SERCOM5_USART_ReadThresholdSet
                0x0000000000003280        0xc build/sam_e51_cnano/production/_ext/314480351/plib_sercom5_usart.o
                0x0000000000003280                SERCOM5_USART_ReadThresholdSet

.text.SERCOM5_USART_ReadCallbackRegister%78
                0x000000000000328c        0xc
 .text.SERCOM5_USART_ReadCallbackRegister
                0x000000000000328c        0xc build/sam_e51_cnano/production/_ext/314480351/plib_sercom5_usart.o
                0x000000000000328c                SERCOM5_USART_ReadCallbackRegister

.text.SYS_Tasks%79
                0x0000000000003298        0xc
 .text.SYS_Tasks
                0x0000000000003298        0xc build/sam_e51_cnano/production/_ext/570918426/tasks.o
                0x0000000000003298                SYS_Tasks

.text.PAC_Initialize%80
                0x00000000000032a4        0xa
 .text.PAC_Initialize
                0x00000000000032a4        0xa build/sam_e51_cnano/production/_ext/1220129992/plib_pac.o
                0x00000000000032a4                PAC_Initialize

.text.SERCOM5_USART_WriteCountGet%81
                0x00000000000032ae        0x8
 .text.SERCOM5_USART_WriteCountGet
                0x00000000000032ae        0x8 build/sam_e51_cnano/production/_ext/314480351/plib_sercom5_usart.o
                0x00000000000032ae                SERCOM5_USART_WriteCountGet

.text.__dummy_decompress%82
                0x00000000000032b6        0x4
 .text.__dummy_decompress
                0x00000000000032b6        0x4 c:/program files/microchip/xc32/v4.45/bin/bin/../../lib/gcc/pic32c/8.3.1/../../../../pic32c/lib/thumb/v7e-m+fp/hard\libpic32c.a(data_init.o)
                0x00000000000032b6                __dinit_decompress
                0x00000000000032b6                __dinit_copy_val_data
                0x00000000000032b6                __dinit_copy_emb

.text.EVSYS_Initialize%83
                0x000000000000308a        0x2
 .text.EVSYS_Initialize
                0x000000000000308a        0x2 build/sam_e51_cnano/production/_ext/9336626/plib_evsys.o
                0x000000000000308a                EVSYS_Initialize

.text.Dummy_Handler%84
                0x00000000000031fa        0x2
 .text.Dummy_Handler
                0x00000000000031fa        0x2 build/sam_e51_cnano/production/_ext/570918426/interrupts.o
                0x00000000000031fa                EIC_EXTINT_9_Handler
                0x00000000000031fa                TCC0_MC5_Handler
                0x00000000000031fa                SVCall_Handler
                0x00000000000031fa                SERCOM0_2_Handler
                0x00000000000031fa                USB_SOF_HSOF_Handler
                0x00000000000031fa                TCC4_OTHER_Handler
                0x00000000000031fa                TCC2_MC2_Handler
                0x00000000000031fa                EVSYS_0_Handler
                0x00000000000031fa                TRNG_Handler
                0x00000000000031fa                TC2_Handler
                0x00000000000031fa                USB_TRCPT0_Handler
                0x00000000000031fa                DAC_OTHER_Handler
                0x00000000000031fa                AC_Handler
                0x00000000000031fa                DAC_EMPTY_0_Handler
                0x00000000000031fa                DMAC_OTHER_Handler
                0x00000000000031fa                EIC_EXTINT_5_Handler
                0x00000000000031fa                SERCOM3_1_Handler
                0x00000000000031fa                SysTick_Handler
                0x00000000000031fa                SERCOM4_OTHER_Handler
                0x00000000000031fa                SERCOM3_2_Handler
                0x00000000000031fa                EIC_EXTINT_6_Handler
                0x00000000000031fa                PendSV_Handler
                0x00000000000031fa                TCC4_MC0_Handler
                0x00000000000031fa                EVSYS_3_Handler
                0x00000000000031fa                QSPI_Handler
                0x00000000000031fa                TCC2_MC0_Handler
                0x00000000000031fa                PDEC_OTHER_Handler
                0x00000000000031fa                TCC3_MC0_Handler
                0x00000000000031fa                PDEC_MC1_Handler
                0x00000000000031fa                TCC2_MC1_Handler
                0x00000000000031fa                OSCCTRL_XOSC1_Handler
                0x00000000000031fa                PDEC_MC0_Handler
                0x00000000000031fa                EIC_EXTINT_4_Handler
                0x00000000000031fa                EIC_EXTINT_7_Handler
                0x00000000000031fa                SERCOM0_OTHER_Handler
                0x00000000000031fa                EVSYS_OTHER_Handler
                0x00000000000031fa                SERCOM0_0_Handler
                0x00000000000031fa                SERCOM4_0_Handler
                0x00000000000031fa                TCC1_MC0_Handler
                0x00000000000031fa                SERCOM1_OTHER_Handler
                0x00000000000031fa                TCC2_OTHER_Handler
                0x00000000000031fa                EIC_EXTINT_11_Handler
                0x00000000000031fa                SUPC_BODDET_Handler
                0x00000000000031fa                EIC_EXTINT_14_Handler
                0x00000000000031fa                OSC32KCTRL_Handler
                0x00000000000031fa                EVSYS_1_Handler
                0x00000000000031fa                TCC4_MC1_Handler
                0x00000000000031fa                DMAC_0_Handler
                0x00000000000031fa                SUPC_OTHER_Handler
                0x00000000000031fa                WDT_Handler
                0x00000000000031fa                CAN0_Handler
                0x00000000000031fa                EIC_EXTINT_15_Handler
                0x00000000000031fa                EIC_EXTINT_1_Handler
                0x00000000000031fa                TCC3_MC1_Handler
                0x00000000000031fa                TC4_Handler
                0x00000000000031fa                TC1_Handler
                0x00000000000031fa                TCC1_MC1_Handler
                0x00000000000031fa                EIC_EXTINT_0_Handler
                0x00000000000031fa                TCC1_OTHER_Handler
                0x00000000000031fa                SERCOM4_1_Handler
                0x00000000000031fa                TC3_Handler
                0x00000000000031fa                Dummy_Handler
                0x00000000000031fa                DAC_RESRDY_0_Handler
                0x00000000000031fa                DMAC_2_Handler
                0x00000000000031fa                TCC0_MC4_Handler
                0x00000000000031fa                USB_TRCPT1_Handler
                0x00000000000031fa                SERCOM0_1_Handler
                0x00000000000031fa                TCC0_MC3_Handler
                0x00000000000031fa                EIC_EXTINT_12_Handler
                0x00000000000031fa                OSCCTRL_DPLL0_Handler
                0x00000000000031fa                PM_Handler
                0x00000000000031fa                OSCCTRL_DFLL_Handler
                0x00000000000031fa                DAC_RESRDY_1_Handler
                0x00000000000031fa                DMAC_1_Handler
                0x00000000000031fa                USB_OTHER_Handler
                0x00000000000031fa                CAN1_Handler
                0x00000000000031fa                TCC0_OTHER_Handler
                0x00000000000031fa                EIC_EXTINT_10_Handler
                0x00000000000031fa                TCC1_MC3_Handler
                0x00000000000031fa                OSCCTRL_XOSC0_Handler
                0x00000000000031fa                TCC0_MC0_Handler
                0x00000000000031fa                EIC_EXTINT_2_Handler
                0x00000000000031fa                SDHC0_Handler
                0x00000000000031fa                SERCOM1_1_Handler
                0x00000000000031fa                I2S_Handler
                0x00000000000031fa                PCC_Handler
                0x00000000000031fa                TCC3_OTHER_Handler
                0x00000000000031fa                EIC_EXTINT_13_Handler
                0x00000000000031fa                SERCOM1_0_Handler
                0x00000000000031fa                PUKCC_Handler
                0x00000000000031fa                SERCOM2_1_Handler
                0x00000000000031fa                SERCOM1_2_Handler
                0x00000000000031fa                SERCOM3_0_Handler
                0x00000000000031fa                SERCOM4_2_Handler
                0x00000000000031fa                TCC1_MC2_Handler
                0x00000000000031fa                ADC1_RESRDY_Handler
                0x00000000000031fa                NVMCTRL_1_Handler
                0x00000000000031fa                SERCOM2_2_Handler
                0x00000000000031fa                DAC_EMPTY_1_Handler
                0x00000000000031fa                ADC1_OTHER_Handler
                0x00000000000031fa                OSCCTRL_DPLL1_Handler
                0x00000000000031fa                EIC_EXTINT_3_Handler
                0x00000000000031fa                SERCOM3_OTHER_Handler
                0x00000000000031fa                EIC_EXTINT_8_Handler
                0x00000000000031fa                NVMCTRL_0_Handler
                0x00000000000031fa                ADC0_RESRDY_Handler
                0x00000000000031fa                ADC0_OTHER_Handler
                0x00000000000031fa                MCLK_Handler
                0x00000000000031fa                EVSYS_2_Handler
                0x00000000000031fa                SERCOM2_OTHER_Handler
                0x00000000000031fa                FREQM_Handler
                0x00000000000031fa                TC0_Handler
                0x00000000000031fa                TCC0_MC1_Handler
                0x00000000000031fa                DMAC_3_Handler
                0x00000000000031fa                RAMECC_Handler
                0x00000000000031fa                TC5_Handler
                0x00000000000031fa                SERCOM2_0_Handler
                0x00000000000031fa                AES_Handler
                0x00000000000031fa                ICM_Handler
                0x00000000000031fa                TCC0_MC2_Handler

.text.NonMaskableInt_Handler%85
                0x00000000000032ba        0x2
 .text.NonMaskableInt_Handler
                0x00000000000032ba        0x2 build/sam_e51_cnano/production/_ext/570918426/exceptions.o
                0x00000000000032ba                NonMaskableInt_Handler

.text.HardFault_Handler%86
                0x00000000000032bc        0x2
 .text.HardFault_Handler
                0x00000000000032bc        0x2 build/sam_e51_cnano/production/_ext/570918426/exceptions.o
                0x00000000000032bc                HardFault_Handler

.text.DebugMonitor_Handler%87
                0x00000000000032be        0x2
 .text.DebugMonitor_Handler
                0x00000000000032be        0x2 build/sam_e51_cnano/production/_ext/570918426/exceptions.o
                0x00000000000032be                DebugMonitor_Handler

.text.MemoryManagement_Handler%88
                0x00000000000032c0        0x2
 .text.MemoryManagement_Handler
                0x00000000000032c0        0x2 build/sam_e51_cnano/production/_ext/570918426/exceptions.o
                0x00000000000032c0                MemoryManagement_Handler

.text.BusFault_Handler%89
                0x00000000000032c2        0x2
 .text.BusFault_Handler
                0x00000000000032c2        0x2 build/sam_e51_cnano/production/_ext/570918426/exceptions.o
                0x00000000000032c2                BusFault_Handler

.text.UsageFault_Handler%90
                0x00000000000032c4        0x2
 .text.UsageFault_Handler
                0x00000000000032c4        0x2 build/sam_e51_cnano/production/_ext/570918426/exceptions.o
                0x00000000000032c4                UsageFault_Handler

.text.Dummy_App_Func%91
                0x00000000000032c6        0x2
 .text.Dummy_App_Func
                0x00000000000032c6        0x2 build/sam_e51_cnano/production/_ext/570918426/startup_xc32.o
                0x00000000000032c6                _on_reset
                0x00000000000032c6                _on_bootstrap
                0x00000000000032c6                __xc32_on_reset
                0x00000000000032c6                Dummy_App_Func
                0x00000000000032c6                __xc32_on_bootstrap

.text.__dummy%92
                0x00000000000032c8        0x2
 .text.__dummy  0x00000000000032c8        0x2 c:/program files/microchip/xc32/v4.45/bin/bin/../../lib/gcc/pic32c/8.3.1/../../../../pic32c/lib/thumb/v7e-m+fp/hard\libc-musl.a(__libc_start_main.o)
                0x00000000000032c8                __init_stdio
                0x00000000000032c8                __init_host
