Archive member included to satisfy reference by file (symbol)

c:/program files/microchip/xc32/v4.45/bin/bin/../../lib/gcc/pic32c/8.3.1/../../../../pic32c/lib/thumb/v7e-m+fp/hard\libc-size-musl.a(memcpy.o)
                              build/sam_e51_cnano/debug/_ext/226030394/plib_nvmctrl.o (memcpy)
c:/program files/microchip/xc32/v4.45/bin/bin/../../lib/gcc/pic32c/8.3.1/thumb/v7e-m+fp/hard\libgcc.a(_aeabi_ldivmod.o)
                              build/sam_e51_cnano/debug/_ext/314480351/plib_sercom5_usart.o (__aeabi_ldivmod)
c:/program files/microchip/xc32/v4.45/bin/bin/../../lib/gcc/pic32c/8.3.1/thumb/v7e-m+fp/hard\libgcc.a(_aeabi_uldivmod.o)
                              build/sam_e51_cnano/debug/_ext/314480351/plib_sercom5_usart.o (__aeabi_uldivmod)
c:/program files/microchip/xc32/v4.45/bin/bin/../../lib/gcc/pic32c/8.3.1/thumb/v7e-m+fp/hard\libgcc.a(_udivmoddi4.o)
                              c:/program files/microchip/xc32/v4.45/bin/bin/../../lib/gcc/pic32c/8.3.1/thumb/v7e-m+fp/hard\libgcc.a(_aeabi_ldivmod.o) (__udivmoddi4)
c:/program files/microchip/xc32/v4.45/bin/bin/../../lib/gcc/pic32c/8.3.1/thumb/v7e-m+fp/hard\libgcc.a(_dvmd_tls.o)
                              c:/program files/microchip/xc32/v4.45/bin/bin/../../lib/gcc/pic32c/8.3.1/thumb/v7e-m+fp/hard\libgcc.a(_aeabi_ldivmod.o) (__aeabi_ldiv0)

Microchip PIC32 Memory-Usage Report

ROM Program-Memory Usage
section                    address  length [bytes]      (dec)  Description
-------                 ----------  -------------------------  -----------
.vectors                         0            0x8           8   
.text                          0x8           0x60          96  App's exec code 
.data                         0x68          0x678        1656  Data-init template 
      Total ROM used  :       0x6e0        1760  21.5% of 0x2000
        --------------------------------------------------------------------------
         Total Program Memory used  :       0x6e0        1760  21.5% of 0x2000
        --------------------------------------------------------------------------


RAM Data-Memory Usage
section                    address  length [bytes]      (dec)  Description
-------                 ----------  -------------------------  -----------
.vectors                0x20000010            0x8           8   
.data                   0x20000018          0x678        1656  Initialized data 
.bss                    0x20000690         0x4030       16432  Uninitialized data 
         Total RAM used  :      0x46b0       18096  6.9% of 0x3fff0
        --------------------------------------------------------------------------
            Total Data Memory used  :      0x46b0       18096  6.9% of 0x3fff0
        --------------------------------------------------------------------------


Dynamic Data-Memory Reservation
section                    address  length [bytes]      (dec)  Description
-------                 ----------  -------------------------  -----------
heap                    0x200046c8          0x200         512  Reserved for heap 
stack                   0x200048e0        0x3b718      243480  Reserved for stack 

        --------------------------------------------------------------------------

Microchip PIC32 Memory-Usage Report By Module

        text        data         bss         dec         hex    basename                filename
--------------------------------------------------------------------------------
         596           0       16424       17020        427c    bootloader_uart.o   build/sam_e51_cnano/debug/_ext/48416434/bootloader_uart.o
         180           0           0         180          b4    plib_clock.o        build/sam_e51_cnano/debug/_ext/7187140/plib_clock.o
         160           0           2         162          a2    plib_nvmctrl.o      build/sam_e51_cnano/debug/_ext/226030394/plib_nvmctrl.o
         124           0           0         124          7c    bootloader_common.o build/sam_e51_cnano/debug/_ext/48416434/bootloader_common.o
         116           0           4         120          78    main.o              build/sam_e51_cnano/debug/_ext/1360937237/main.o
         116           0           0         116          74    plib_sercom5_usart.obuild/sam_e51_cnano/debug/_ext/314480351/plib_sercom5_usart.o
          92           0           0          92          5c    startup_xc32.o      build/sam_e51_cnano/debug/_ext/570918426/startup_xc32.o
          84           0           0          84          54    plib_systick.o      build/sam_e51_cnano/debug/_ext/8444704/plib_systick.o
          72           0           0          72          48    initialization.o    build/sam_e51_cnano/debug/_ext/570918426/initialization.o
          68           0           0          68          44    plib_dsu.o          build/sam_e51_cnano/debug/_ext/1220119036/plib_dsu.o
          56           0           0          56          38    plib_port.o         build/sam_e51_cnano/debug/_ext/830661877/plib_port.o
          56           0           0          56          38    plib_nvic.o         build/sam_e51_cnano/debug/_ext/830715028/plib_nvic.o
          20           0           0          20          14    plib_pac.o          build/sam_e51_cnano/debug/_ext/1220129992/plib_pac.o
          16           0           0          16          10    bsp.o               build/sam_e51_cnano/debug/_ext/673975658/bsp.o
           8           0           0           8           8    linker stubs        linker stubs
           4           0           0           4           4    plib_evsys.o        build/sam_e51_cnano/debug/_ext/9336626/plib_evsys.o
           0           0           0           6           6    padding             padding
--------------------------------------------------------------------------------
        1768           0       16430       18204        471c    dist/sam_e51_cnano/debug/sam_e51_cnano.X.debug.elf


Discarded input sections

 .text          0x0000000000000000        0x0 build/sam_e51_cnano/debug/_ext/48416434/bootloader_uart.o
 .data          0x0000000000000000        0x0 build/sam_e51_cnano/debug/_ext/48416434/bootloader_uart.o
 .text          0x0000000000000000        0x0 build/sam_e51_cnano/debug/_ext/48416434/bootloader_common.o
 .data          0x0000000000000000        0x0 build/sam_e51_cnano/debug/_ext/48416434/bootloader_common.o
 .bss           0x0000000000000000        0x0 build/sam_e51_cnano/debug/_ext/48416434/bootloader_common.o
 .text.bootloader_Trigger
                0x0000000000000000        0x4 build/sam_e51_cnano/debug/_ext/48416434/bootloader_common.o
 .text          0x0000000000000000        0x0 build/sam_e51_cnano/debug/_ext/673975658/bsp.o
 .data          0x0000000000000000        0x0 build/sam_e51_cnano/debug/_ext/673975658/bsp.o
 .bss           0x0000000000000000        0x0 build/sam_e51_cnano/debug/_ext/673975658/bsp.o
 .text          0x0000000000000000        0x0 build/sam_e51_cnano/debug/_ext/7187140/plib_clock.o
 .data          0x0000000000000000        0x0 build/sam_e51_cnano/debug/_ext/7187140/plib_clock.o
 .bss           0x0000000000000000        0x0 build/sam_e51_cnano/debug/_ext/7187140/plib_clock.o
 .text          0x0000000000000000        0x0 build/sam_e51_cnano/debug/_ext/831051564/plib_cmcc.o
 .data          0x0000000000000000        0x0 build/sam_e51_cnano/debug/_ext/831051564/plib_cmcc.o
 .bss           0x0000000000000000        0x0 build/sam_e51_cnano/debug/_ext/831051564/plib_cmcc.o
 .text.CMCC_Disable
                0x0000000000000000       0x18 build/sam_e51_cnano/debug/_ext/831051564/plib_cmcc.o
 .text.CMCC_EnableICache
                0x0000000000000000       0x24 build/sam_e51_cnano/debug/_ext/831051564/plib_cmcc.o
 .text.CMCC_DisableICache
                0x0000000000000000       0x24 build/sam_e51_cnano/debug/_ext/831051564/plib_cmcc.o
 .text.CMCC_EnableDCache
                0x0000000000000000       0x24 build/sam_e51_cnano/debug/_ext/831051564/plib_cmcc.o
 .text.CMCC_DisableDCache
                0x0000000000000000       0x24 build/sam_e51_cnano/debug/_ext/831051564/plib_cmcc.o
 .text.CMCC_InvalidateAll
                0x0000000000000000       0x1c build/sam_e51_cnano/debug/_ext/831051564/plib_cmcc.o
 .debug_info    0x0000000000000000      0x213 build/sam_e51_cnano/debug/_ext/831051564/plib_cmcc.o
 .debug_abbrev  0x0000000000000000       0xa4 build/sam_e51_cnano/debug/_ext/831051564/plib_cmcc.o
 .debug_aranges
                0x0000000000000000       0x48 build/sam_e51_cnano/debug/_ext/831051564/plib_cmcc.o
 .debug_ranges  0x0000000000000000       0x38 build/sam_e51_cnano/debug/_ext/831051564/plib_cmcc.o
 .debug_line    0x0000000000000000      0x225 build/sam_e51_cnano/debug/_ext/831051564/plib_cmcc.o
 .debug_str     0x0000000000000000      0x3e2 build/sam_e51_cnano/debug/_ext/831051564/plib_cmcc.o
 .comment       0x0000000000000000       0x2c build/sam_e51_cnano/debug/_ext/831051564/plib_cmcc.o
 .debug_frame   0x0000000000000000       0x70 build/sam_e51_cnano/debug/_ext/831051564/plib_cmcc.o
 .ARM.attributes
                0x0000000000000000       0x34 build/sam_e51_cnano/debug/_ext/831051564/plib_cmcc.o
 .text          0x0000000000000000        0x0 build/sam_e51_cnano/debug/_ext/1220119036/plib_dsu.o
 .data          0x0000000000000000        0x0 build/sam_e51_cnano/debug/_ext/1220119036/plib_dsu.o
 .bss           0x0000000000000000        0x0 build/sam_e51_cnano/debug/_ext/1220119036/plib_dsu.o
 .text          0x0000000000000000        0x0 build/sam_e51_cnano/debug/_ext/9336626/plib_evsys.o
 .data          0x0000000000000000        0x0 build/sam_e51_cnano/debug/_ext/9336626/plib_evsys.o
 .bss           0x0000000000000000        0x0 build/sam_e51_cnano/debug/_ext/9336626/plib_evsys.o
 .text          0x0000000000000000        0x0 build/sam_e51_cnano/debug/_ext/830715028/plib_nvic.o
 .data          0x0000000000000000        0x0 build/sam_e51_cnano/debug/_ext/830715028/plib_nvic.o
 .bss           0x0000000000000000        0x0 build/sam_e51_cnano/debug/_ext/830715028/plib_nvic.o
 .text.NVIC_INT_Enable
                0x0000000000000000        0x8 build/sam_e51_cnano/debug/_ext/830715028/plib_nvic.o
 .text.NVIC_INT_Disable
                0x0000000000000000       0x14 build/sam_e51_cnano/debug/_ext/830715028/plib_nvic.o
 .text.NVIC_INT_Restore
                0x0000000000000000       0x14 build/sam_e51_cnano/debug/_ext/830715028/plib_nvic.o
 .text          0x0000000000000000        0x0 build/sam_e51_cnano/debug/_ext/226030394/plib_nvmctrl.o
 .data          0x0000000000000000        0x0 build/sam_e51_cnano/debug/_ext/226030394/plib_nvmctrl.o
 .text.NVMCTRL_Read
                0x0000000000000000       0x10 build/sam_e51_cnano/debug/_ext/226030394/plib_nvmctrl.o
 .text.NVMCTRL_SetWriteMode
                0x0000000000000000       0x14 build/sam_e51_cnano/debug/_ext/226030394/plib_nvmctrl.o
 .text.NVMCTRL_QuadWordWrite
                0x0000000000000000       0x58 build/sam_e51_cnano/debug/_ext/226030394/plib_nvmctrl.o
 .text.NVMCTRL_DoubleWordWrite
                0x0000000000000000       0x4c build/sam_e51_cnano/debug/_ext/226030394/plib_nvmctrl.o
 .text.NVMCTRL_PageBufferWrite
                0x0000000000000000       0x28 build/sam_e51_cnano/debug/_ext/226030394/plib_nvmctrl.o
 .text.NVMCTRL_PageBufferCommit
                0x0000000000000000       0x24 build/sam_e51_cnano/debug/_ext/226030394/plib_nvmctrl.o
 .text.NVMCTRL_USER_ROW_PageWrite
                0x0000000000000000       0x64 build/sam_e51_cnano/debug/_ext/226030394/plib_nvmctrl.o
 .text.NVMCTRL_USER_ROW_RowErase
                0x0000000000000000       0x38 build/sam_e51_cnano/debug/_ext/226030394/plib_nvmctrl.o
 .text.NVMCTRL_ErrorGet
                0x0000000000000000       0x20 build/sam_e51_cnano/debug/_ext/226030394/plib_nvmctrl.o
 .text.NVMCTRL_StatusGet
                0x0000000000000000        0xc build/sam_e51_cnano/debug/_ext/226030394/plib_nvmctrl.o
 .text.NVMCTRL_RegionLock
                0x0000000000000000       0x10 build/sam_e51_cnano/debug/_ext/226030394/plib_nvmctrl.o
 .text.NVMCTRL_RegionLockStatusGet
                0x0000000000000000        0xc build/sam_e51_cnano/debug/_ext/226030394/plib_nvmctrl.o
 .text.NVMCTRL_SecurityBitSet
                0x0000000000000000       0x10 build/sam_e51_cnano/debug/_ext/226030394/plib_nvmctrl.o
 .text.NVMCTRL_SmartEEPROM_IsBusy
                0x0000000000000000       0x10 build/sam_e51_cnano/debug/_ext/226030394/plib_nvmctrl.o
 .text.NVMCTRL_SmartEEPROMStatusGet
                0x0000000000000000        0xc build/sam_e51_cnano/debug/_ext/226030394/plib_nvmctrl.o
 .text.NVMCTRL_SmartEEPROM_IsActiveSectorFull
                0x0000000000000000       0x10 build/sam_e51_cnano/debug/_ext/226030394/plib_nvmctrl.o
 .text.NVMCTRL_SmartEEPROMSectorReallocate
                0x0000000000000000       0x10 build/sam_e51_cnano/debug/_ext/226030394/plib_nvmctrl.o
 .text.NVMCTRL_SmartEEPROMFlushPageBuffer
                0x0000000000000000       0x18 build/sam_e51_cnano/debug/_ext/226030394/plib_nvmctrl.o
 .text          0x0000000000000000        0x0 build/sam_e51_cnano/debug/_ext/1220129992/plib_pac.o
 .data          0x0000000000000000        0x0 build/sam_e51_cnano/debug/_ext/1220129992/plib_pac.o
 .bss           0x0000000000000000        0x0 build/sam_e51_cnano/debug/_ext/1220129992/plib_pac.o
 .text.PAC_PeripheralIsProtected
                0x0000000000000000       0x18 build/sam_e51_cnano/debug/_ext/1220129992/plib_pac.o
 .text          0x0000000000000000        0x0 build/sam_e51_cnano/debug/_ext/830661877/plib_port.o
 .data          0x0000000000000000        0x0 build/sam_e51_cnano/debug/_ext/830661877/plib_port.o
 .bss           0x0000000000000000        0x0 build/sam_e51_cnano/debug/_ext/830661877/plib_port.o
 .text.PORT_GroupRead
                0x0000000000000000        0x4 build/sam_e51_cnano/debug/_ext/830661877/plib_port.o
 .text.PORT_GroupWrite
                0x0000000000000000        0xc build/sam_e51_cnano/debug/_ext/830661877/plib_port.o
 .text.PORT_GroupLatchRead
                0x0000000000000000        0x4 build/sam_e51_cnano/debug/_ext/830661877/plib_port.o
 .text.PORT_GroupSet
                0x0000000000000000        0x4 build/sam_e51_cnano/debug/_ext/830661877/plib_port.o
 .text.PORT_GroupClear
                0x0000000000000000        0x4 build/sam_e51_cnano/debug/_ext/830661877/plib_port.o
 .text.PORT_GroupToggle
                0x0000000000000000        0x4 build/sam_e51_cnano/debug/_ext/830661877/plib_port.o
 .text.PORT_GroupInputEnable
                0x0000000000000000        0x4 build/sam_e51_cnano/debug/_ext/830661877/plib_port.o
 .text.PORT_GroupOutputEnable
                0x0000000000000000        0x4 build/sam_e51_cnano/debug/_ext/830661877/plib_port.o
 .text.PORT_PinPeripheralFunctionConfig
                0x0000000000000000       0x48 build/sam_e51_cnano/debug/_ext/830661877/plib_port.o
 .text.PORT_PinGPIOConfig
                0x0000000000000000       0x20 build/sam_e51_cnano/debug/_ext/830661877/plib_port.o
 .text          0x0000000000000000        0x0 build/sam_e51_cnano/debug/_ext/314480351/plib_sercom5_usart.o
 .data          0x0000000000000000        0x0 build/sam_e51_cnano/debug/_ext/314480351/plib_sercom5_usart.o
 .bss           0x0000000000000000        0x0 build/sam_e51_cnano/debug/_ext/314480351/plib_sercom5_usart.o
 .text.SERCOM5_USART_ErrorClear.part.0
                0x0000000000000000       0x20 build/sam_e51_cnano/debug/_ext/314480351/plib_sercom5_usart.o
 .text.SERCOM5_USART_FrequencyGet
                0x0000000000000000        0x8 build/sam_e51_cnano/debug/_ext/314480351/plib_sercom5_usart.o
 .text.SERCOM5_USART_SerialSetup
                0x0000000000000000      0x100 build/sam_e51_cnano/debug/_ext/314480351/plib_sercom5_usart.o
 .text.SERCOM5_USART_ErrorGet
                0x0000000000000000       0x1c build/sam_e51_cnano/debug/_ext/314480351/plib_sercom5_usart.o
 .text.SERCOM5_USART_TransmitterEnable
                0x0000000000000000       0x18 build/sam_e51_cnano/debug/_ext/314480351/plib_sercom5_usart.o
 .text.SERCOM5_USART_TransmitterDisable
                0x0000000000000000       0x18 build/sam_e51_cnano/debug/_ext/314480351/plib_sercom5_usart.o
 .text.SERCOM5_USART_Write
                0x0000000000000000       0x3c build/sam_e51_cnano/debug/_ext/314480351/plib_sercom5_usart.o
 .text.SERCOM5_USART_TransmitterIsReady
                0x0000000000000000       0x10 build/sam_e51_cnano/debug/_ext/314480351/plib_sercom5_usart.o
 .text.SERCOM5_USART_ReceiverEnable
                0x0000000000000000       0x18 build/sam_e51_cnano/debug/_ext/314480351/plib_sercom5_usart.o
 .text.SERCOM5_USART_ReceiverDisable
                0x0000000000000000       0x18 build/sam_e51_cnano/debug/_ext/314480351/plib_sercom5_usart.o
 .text.SERCOM5_USART_Read
                0x0000000000000000       0x58 build/sam_e51_cnano/debug/_ext/314480351/plib_sercom5_usart.o
 .text          0x0000000000000000        0x0 build/sam_e51_cnano/debug/_ext/8444704/plib_systick.o
 .data          0x0000000000000000        0x0 build/sam_e51_cnano/debug/_ext/8444704/plib_systick.o
 .bss           0x0000000000000000        0x0 build/sam_e51_cnano/debug/_ext/8444704/plib_systick.o
 .text.SYSTICK_TimerStart
                0x0000000000000000       0x14 build/sam_e51_cnano/debug/_ext/8444704/plib_systick.o
 .text.SYSTICK_TimerStop
                0x0000000000000000       0x10 build/sam_e51_cnano/debug/_ext/8444704/plib_systick.o
 .text.SYSTICK_TimerPeriodSet
                0x0000000000000000        0xc build/sam_e51_cnano/debug/_ext/8444704/plib_systick.o
 .text.SYSTICK_TimerPeriodGet
                0x0000000000000000        0xc build/sam_e51_cnano/debug/_ext/8444704/plib_systick.o
 .text.SYSTICK_TimerFrequencyGet
                0x0000000000000000        0x8 build/sam_e51_cnano/debug/_ext/8444704/plib_systick.o
 .text.SYSTICK_DelayMs
                0x0000000000000000       0x3c build/sam_e51_cnano/debug/_ext/8444704/plib_systick.o
 .text.SYSTICK_DelayUs
                0x0000000000000000       0x38 build/sam_e51_cnano/debug/_ext/8444704/plib_systick.o
 .text          0x0000000000000000        0x0 build/sam_e51_cnano/debug/_ext/570918426/initialization.o
 .data          0x0000000000000000        0x0 build/sam_e51_cnano/debug/_ext/570918426/initialization.o
 .bss           0x0000000000000000        0x0 build/sam_e51_cnano/debug/_ext/570918426/initialization.o
 .text          0x0000000000000000        0x0 build/sam_e51_cnano/debug/_ext/570918426/startup_xc32.o
 .data          0x0000000000000000        0x0 build/sam_e51_cnano/debug/_ext/570918426/startup_xc32.o
 .bss           0x0000000000000000        0x0 build/sam_e51_cnano/debug/_ext/570918426/startup_xc32.o
 .text          0x0000000000000000        0x0 build/sam_e51_cnano/debug/_ext/1360937237/main.o
 .data          0x0000000000000000        0x0 build/sam_e51_cnano/debug/_ext/1360937237/main.o
 .text          0x0000000000000000        0x0 c:/program files/microchip/xc32/v4.45/bin/bin/../../lib/gcc/pic32c/8.3.1/../../../../pic32c/lib/thumb/v7e-m+fp/hard\libc-size-musl.a(memcpy.o)
 .data          0x0000000000000000        0x0 c:/program files/microchip/xc32/v4.45/bin/bin/../../lib/gcc/pic32c/8.3.1/../../../../pic32c/lib/thumb/v7e-m+fp/hard\libc-size-musl.a(memcpy.o)
 .bss           0x0000000000000000        0x0 c:/program files/microchip/xc32/v4.45/bin/bin/../../lib/gcc/pic32c/8.3.1/../../../../pic32c/lib/thumb/v7e-m+fp/hard\libc-size-musl.a(memcpy.o)
 .xc_stack_usage
                0x0000000000000000       0x14 c:/program files/microchip/xc32/v4.45/bin/bin/../../lib/gcc/pic32c/8.3.1/../../../../pic32c/lib/thumb/v7e-m+fp/hard\libc-size-musl.a(memcpy.o)
 .text.memcpy   0x0000000000000000       0x1c c:/program files/microchip/xc32/v4.45/bin/bin/../../lib/gcc/pic32c/8.3.1/../../../../pic32c/lib/thumb/v7e-m+fp/hard\libc-size-musl.a(memcpy.o)
 .xc_stack_usage.hdr
                0x0000000000000000        0xe c:/program files/microchip/xc32/v4.45/bin/bin/../../lib/gcc/pic32c/8.3.1/../../../../pic32c/lib/thumb/v7e-m+fp/hard\libc-size-musl.a(memcpy.o)
 .debug_info    0x0000000000000000       0xf3 c:/program files/microchip/xc32/v4.45/bin/bin/../../lib/gcc/pic32c/8.3.1/../../../../pic32c/lib/thumb/v7e-m+fp/hard\libc-size-musl.a(memcpy.o)
 .debug_abbrev  0x0000000000000000       0xbb c:/program files/microchip/xc32/v4.45/bin/bin/../../lib/gcc/pic32c/8.3.1/../../../../pic32c/lib/thumb/v7e-m+fp/hard\libc-size-musl.a(memcpy.o)
 .debug_loc     0x0000000000000000      0x10b c:/program files/microchip/xc32/v4.45/bin/bin/../../lib/gcc/pic32c/8.3.1/../../../../pic32c/lib/thumb/v7e-m+fp/hard\libc-size-musl.a(memcpy.o)
 .debug_aranges
                0x0000000000000000       0x20 c:/program files/microchip/xc32/v4.45/bin/bin/../../lib/gcc/pic32c/8.3.1/../../../../pic32c/lib/thumb/v7e-m+fp/hard\libc-size-musl.a(memcpy.o)
 .debug_ranges  0x0000000000000000       0x10 c:/program files/microchip/xc32/v4.45/bin/bin/../../lib/gcc/pic32c/8.3.1/../../../../pic32c/lib/thumb/v7e-m+fp/hard\libc-size-musl.a(memcpy.o)
 .debug_line    0x0000000000000000       0xf9 c:/program files/microchip/xc32/v4.45/bin/bin/../../lib/gcc/pic32c/8.3.1/../../../../pic32c/lib/thumb/v7e-m+fp/hard\libc-size-musl.a(memcpy.o)
 .debug_str     0x0000000000000000      0x22f c:/program files/microchip/xc32/v4.45/bin/bin/../../lib/gcc/pic32c/8.3.1/../../../../pic32c/lib/thumb/v7e-m+fp/hard\libc-size-musl.a(memcpy.o)
 .comment       0x0000000000000000       0x2c c:/program files/microchip/xc32/v4.45/bin/bin/../../lib/gcc/pic32c/8.3.1/../../../../pic32c/lib/thumb/v7e-m+fp/hard\libc-size-musl.a(memcpy.o)
 .note.GNU-stack
                0x0000000000000000        0x0 c:/program files/microchip/xc32/v4.45/bin/bin/../../lib/gcc/pic32c/8.3.1/../../../../pic32c/lib/thumb/v7e-m+fp/hard\libc-size-musl.a(memcpy.o)
 .debug_frame   0x0000000000000000       0x2c c:/program files/microchip/xc32/v4.45/bin/bin/../../lib/gcc/pic32c/8.3.1/../../../../pic32c/lib/thumb/v7e-m+fp/hard\libc-size-musl.a(memcpy.o)
 .ARM.attributes
                0x0000000000000000       0x36 c:/program files/microchip/xc32/v4.45/bin/bin/../../lib/gcc/pic32c/8.3.1/../../../../pic32c/lib/thumb/v7e-m+fp/hard\libc-size-musl.a(memcpy.o)
 .text          0x0000000000000000       0xa0 c:/program files/microchip/xc32/v4.45/bin/bin/../../lib/gcc/pic32c/8.3.1/thumb/v7e-m+fp/hard\libgcc.a(_aeabi_ldivmod.o)
 .data          0x0000000000000000        0x0 c:/program files/microchip/xc32/v4.45/bin/bin/../../lib/gcc/pic32c/8.3.1/thumb/v7e-m+fp/hard\libgcc.a(_aeabi_ldivmod.o)
 .bss           0x0000000000000000        0x0 c:/program files/microchip/xc32/v4.45/bin/bin/../../lib/gcc/pic32c/8.3.1/thumb/v7e-m+fp/hard\libgcc.a(_aeabi_ldivmod.o)
 .xc_stack_usage.hdr
                0x0000000000000000        0xe c:/program files/microchip/xc32/v4.45/bin/bin/../../lib/gcc/pic32c/8.3.1/thumb/v7e-m+fp/hard\libgcc.a(_aeabi_ldivmod.o)
 .xc_stack_usage
                0x0000000000000000       0x1d c:/program files/microchip/xc32/v4.45/bin/bin/../../lib/gcc/pic32c/8.3.1/thumb/v7e-m+fp/hard\libgcc.a(_aeabi_ldivmod.o)
 .debug_line    0x0000000000000000       0xaf c:/program files/microchip/xc32/v4.45/bin/bin/../../lib/gcc/pic32c/8.3.1/thumb/v7e-m+fp/hard\libgcc.a(_aeabi_ldivmod.o)
 .debug_info    0x0000000000000000       0x26 c:/program files/microchip/xc32/v4.45/bin/bin/../../lib/gcc/pic32c/8.3.1/thumb/v7e-m+fp/hard\libgcc.a(_aeabi_ldivmod.o)
 .debug_abbrev  0x0000000000000000       0x14 c:/program files/microchip/xc32/v4.45/bin/bin/../../lib/gcc/pic32c/8.3.1/thumb/v7e-m+fp/hard\libgcc.a(_aeabi_ldivmod.o)
 .debug_aranges
                0x0000000000000000       0x20 c:/program files/microchip/xc32/v4.45/bin/bin/../../lib/gcc/pic32c/8.3.1/thumb/v7e-m+fp/hard\libgcc.a(_aeabi_ldivmod.o)
 .debug_str     0x0000000000000000       0xd6 c:/program files/microchip/xc32/v4.45/bin/bin/../../lib/gcc/pic32c/8.3.1/thumb/v7e-m+fp/hard\libgcc.a(_aeabi_ldivmod.o)
 .debug_frame   0x0000000000000000       0x44 c:/program files/microchip/xc32/v4.45/bin/bin/../../lib/gcc/pic32c/8.3.1/thumb/v7e-m+fp/hard\libgcc.a(_aeabi_ldivmod.o)
 .ARM.attributes
                0x0000000000000000       0x1e c:/program files/microchip/xc32/v4.45/bin/bin/../../lib/gcc/pic32c/8.3.1/thumb/v7e-m+fp/hard\libgcc.a(_aeabi_ldivmod.o)
 .text          0x0000000000000000       0x30 c:/program files/microchip/xc32/v4.45/bin/bin/../../lib/gcc/pic32c/8.3.1/thumb/v7e-m+fp/hard\libgcc.a(_aeabi_uldivmod.o)
 .data          0x0000000000000000        0x0 c:/program files/microchip/xc32/v4.45/bin/bin/../../lib/gcc/pic32c/8.3.1/thumb/v7e-m+fp/hard\libgcc.a(_aeabi_uldivmod.o)
 .bss           0x0000000000000000        0x0 c:/program files/microchip/xc32/v4.45/bin/bin/../../lib/gcc/pic32c/8.3.1/thumb/v7e-m+fp/hard\libgcc.a(_aeabi_uldivmod.o)
 .xc_stack_usage.hdr
                0x0000000000000000        0xe c:/program files/microchip/xc32/v4.45/bin/bin/../../lib/gcc/pic32c/8.3.1/thumb/v7e-m+fp/hard\libgcc.a(_aeabi_uldivmod.o)
 .xc_stack_usage
                0x0000000000000000       0x1e c:/program files/microchip/xc32/v4.45/bin/bin/../../lib/gcc/pic32c/8.3.1/thumb/v7e-m+fp/hard\libgcc.a(_aeabi_uldivmod.o)
 .debug_line    0x0000000000000000       0x91 c:/program files/microchip/xc32/v4.45/bin/bin/../../lib/gcc/pic32c/8.3.1/thumb/v7e-m+fp/hard\libgcc.a(_aeabi_uldivmod.o)
 .debug_info    0x0000000000000000       0x26 c:/program files/microchip/xc32/v4.45/bin/bin/../../lib/gcc/pic32c/8.3.1/thumb/v7e-m+fp/hard\libgcc.a(_aeabi_uldivmod.o)
 .debug_abbrev  0x0000000000000000       0x14 c:/program files/microchip/xc32/v4.45/bin/bin/../../lib/gcc/pic32c/8.3.1/thumb/v7e-m+fp/hard\libgcc.a(_aeabi_uldivmod.o)
 .debug_aranges
                0x0000000000000000       0x20 c:/program files/microchip/xc32/v4.45/bin/bin/../../lib/gcc/pic32c/8.3.1/thumb/v7e-m+fp/hard\libgcc.a(_aeabi_uldivmod.o)
 .debug_str     0x0000000000000000       0xd6 c:/program files/microchip/xc32/v4.45/bin/bin/../../lib/gcc/pic32c/8.3.1/thumb/v7e-m+fp/hard\libgcc.a(_aeabi_uldivmod.o)
 .debug_frame   0x0000000000000000       0x2c c:/program files/microchip/xc32/v4.45/bin/bin/../../lib/gcc/pic32c/8.3.1/thumb/v7e-m+fp/hard\libgcc.a(_aeabi_uldivmod.o)
 .ARM.attributes
                0x0000000000000000       0x1e c:/program files/microchip/xc32/v4.45/bin/bin/../../lib/gcc/pic32c/8.3.1/thumb/v7e-m+fp/hard\libgcc.a(_aeabi_uldivmod.o)
 .text          0x0000000000000000      0x2bc c:/program files/microchip/xc32/v4.45/bin/bin/../../lib/gcc/pic32c/8.3.1/thumb/v7e-m+fp/hard\libgcc.a(_udivmoddi4.o)
 .data          0x0000000000000000        0x0 c:/program files/microchip/xc32/v4.45/bin/bin/../../lib/gcc/pic32c/8.3.1/thumb/v7e-m+fp/hard\libgcc.a(_udivmoddi4.o)
 .bss           0x0000000000000000        0x0 c:/program files/microchip/xc32/v4.45/bin/bin/../../lib/gcc/pic32c/8.3.1/thumb/v7e-m+fp/hard\libgcc.a(_udivmoddi4.o)
 .xc_stack_usage
                0x0000000000000000       0x1a c:/program files/microchip/xc32/v4.45/bin/bin/../../lib/gcc/pic32c/8.3.1/thumb/v7e-m+fp/hard\libgcc.a(_udivmoddi4.o)
 .ARM.extab     0x0000000000000000        0x0 c:/program files/microchip/xc32/v4.45/bin/bin/../../lib/gcc/pic32c/8.3.1/thumb/v7e-m+fp/hard\libgcc.a(_udivmoddi4.o)
 .ARM.exidx     0x0000000000000000        0x8 c:/program files/microchip/xc32/v4.45/bin/bin/../../lib/gcc/pic32c/8.3.1/thumb/v7e-m+fp/hard\libgcc.a(_udivmoddi4.o)
 .xc_stack_usage.hdr
                0x0000000000000000        0xe c:/program files/microchip/xc32/v4.45/bin/bin/../../lib/gcc/pic32c/8.3.1/thumb/v7e-m+fp/hard\libgcc.a(_udivmoddi4.o)
 .debug_info    0x0000000000000000      0x52a c:/program files/microchip/xc32/v4.45/bin/bin/../../lib/gcc/pic32c/8.3.1/thumb/v7e-m+fp/hard\libgcc.a(_udivmoddi4.o)
 .debug_abbrev  0x0000000000000000      0x122 c:/program files/microchip/xc32/v4.45/bin/bin/../../lib/gcc/pic32c/8.3.1/thumb/v7e-m+fp/hard\libgcc.a(_udivmoddi4.o)
 .debug_loc     0x0000000000000000      0xe69 c:/program files/microchip/xc32/v4.45/bin/bin/../../lib/gcc/pic32c/8.3.1/thumb/v7e-m+fp/hard\libgcc.a(_udivmoddi4.o)
 .debug_aranges
                0x0000000000000000       0x20 c:/program files/microchip/xc32/v4.45/bin/bin/../../lib/gcc/pic32c/8.3.1/thumb/v7e-m+fp/hard\libgcc.a(_udivmoddi4.o)
 .debug_ranges  0x0000000000000000       0xb0 c:/program files/microchip/xc32/v4.45/bin/bin/../../lib/gcc/pic32c/8.3.1/thumb/v7e-m+fp/hard\libgcc.a(_udivmoddi4.o)
 .debug_line    0x0000000000000000      0x360 c:/program files/microchip/xc32/v4.45/bin/bin/../../lib/gcc/pic32c/8.3.1/thumb/v7e-m+fp/hard\libgcc.a(_udivmoddi4.o)
 .debug_str     0x0000000000000000      0x2cd c:/program files/microchip/xc32/v4.45/bin/bin/../../lib/gcc/pic32c/8.3.1/thumb/v7e-m+fp/hard\libgcc.a(_udivmoddi4.o)
 .comment       0x0000000000000000       0x2c c:/program files/microchip/xc32/v4.45/bin/bin/../../lib/gcc/pic32c/8.3.1/thumb/v7e-m+fp/hard\libgcc.a(_udivmoddi4.o)
 .debug_frame   0x0000000000000000       0x38 c:/program files/microchip/xc32/v4.45/bin/bin/../../lib/gcc/pic32c/8.3.1/thumb/v7e-m+fp/hard\libgcc.a(_udivmoddi4.o)
 .ARM.attributes
                0x0000000000000000       0x34 c:/program files/microchip/xc32/v4.45/bin/bin/../../lib/gcc/pic32c/8.3.1/thumb/v7e-m+fp/hard\libgcc.a(_udivmoddi4.o)
 .text          0x0000000000000000        0x4 c:/program files/microchip/xc32/v4.45/bin/bin/../../lib/gcc/pic32c/8.3.1/thumb/v7e-m+fp/hard\libgcc.a(_dvmd_tls.o)
 .data          0x0000000000000000        0x0 c:/program files/microchip/xc32/v4.45/bin/bin/../../lib/gcc/pic32c/8.3.1/thumb/v7e-m+fp/hard\libgcc.a(_dvmd_tls.o)
 .bss           0x0000000000000000        0x0 c:/program files/microchip/xc32/v4.45/bin/bin/../../lib/gcc/pic32c/8.3.1/thumb/v7e-m+fp/hard\libgcc.a(_dvmd_tls.o)
 .xc_stack_usage.hdr
                0x0000000000000000        0xe c:/program files/microchip/xc32/v4.45/bin/bin/../../lib/gcc/pic32c/8.3.1/thumb/v7e-m+fp/hard\libgcc.a(_dvmd_tls.o)
 .xc_stack_usage
                0x0000000000000000       0x36 c:/program files/microchip/xc32/v4.45/bin/bin/../../lib/gcc/pic32c/8.3.1/thumb/v7e-m+fp/hard\libgcc.a(_dvmd_tls.o)
 .debug_line    0x0000000000000000       0x91 c:/program files/microchip/xc32/v4.45/bin/bin/../../lib/gcc/pic32c/8.3.1/thumb/v7e-m+fp/hard\libgcc.a(_dvmd_tls.o)
 .debug_info    0x0000000000000000       0x26 c:/program files/microchip/xc32/v4.45/bin/bin/../../lib/gcc/pic32c/8.3.1/thumb/v7e-m+fp/hard\libgcc.a(_dvmd_tls.o)
 .debug_abbrev  0x0000000000000000       0x14 c:/program files/microchip/xc32/v4.45/bin/bin/../../lib/gcc/pic32c/8.3.1/thumb/v7e-m+fp/hard\libgcc.a(_dvmd_tls.o)
 .debug_aranges
                0x0000000000000000       0x20 c:/program files/microchip/xc32/v4.45/bin/bin/../../lib/gcc/pic32c/8.3.1/thumb/v7e-m+fp/hard\libgcc.a(_dvmd_tls.o)
 .debug_str     0x0000000000000000       0xda c:/program files/microchip/xc32/v4.45/bin/bin/../../lib/gcc/pic32c/8.3.1/thumb/v7e-m+fp/hard\libgcc.a(_dvmd_tls.o)
 .ARM.attributes
                0x0000000000000000       0x1e c:/program files/microchip/xc32/v4.45/bin/bin/../../lib/gcc/pic32c/8.3.1/thumb/v7e-m+fp/hard\libgcc.a(_dvmd_tls.o)

Memory Configuration

Name             Origin             Length             Attributes
rom              0x0000000000000000 0x0000000000002000 xr
ram              0x0000000020000010 0x000000000003fff0 xrw
*default*        0x0000000000000000 0xffffffffffffffff

Linker script and memory map

LOAD build/sam_e51_cnano/debug/_ext/48416434/bootloader_uart.o
LOAD build/sam_e51_cnano/debug/_ext/48416434/bootloader_common.o
LOAD build/sam_e51_cnano/debug/_ext/673975658/bsp.o
LOAD build/sam_e51_cnano/debug/_ext/7187140/plib_clock.o
LOAD build/sam_e51_cnano/debug/_ext/831051564/plib_cmcc.o
LOAD build/sam_e51_cnano/debug/_ext/1220119036/plib_dsu.o
LOAD build/sam_e51_cnano/debug/_ext/9336626/plib_evsys.o
LOAD build/sam_e51_cnano/debug/_ext/830715028/plib_nvic.o
LOAD build/sam_e51_cnano/debug/_ext/226030394/plib_nvmctrl.o
LOAD build/sam_e51_cnano/debug/_ext/1220129992/plib_pac.o
LOAD build/sam_e51_cnano/debug/_ext/830661877/plib_port.o
LOAD build/sam_e51_cnano/debug/_ext/314480351/plib_sercom5_usart.o
LOAD build/sam_e51_cnano/debug/_ext/8444704/plib_systick.o
LOAD build/sam_e51_cnano/debug/_ext/570918426/initialization.o
LOAD build/sam_e51_cnano/debug/_ext/570918426/startup_xc32.o
LOAD build/sam_e51_cnano/debug/_ext/1360937237/main.o
                0x0000000000000001                __MPLAB_BUILD = 0x1

.vectors        0x0000000020000010        0x8 load address 0x0000000000000000
                0x0000000020000010                . = ALIGN (0x4)
 *(.vectors .vectors.*)
 .vectors       0x0000000020000010        0x8 build/sam_e51_cnano/debug/_ext/570918426/startup_xc32.o
                0x0000000020000010                vectors
                0x0000000020000018                _sfixed = .

.text           0x0000000000000008       0x60
                0x0000000000000008                . = ALIGN (0x4)
 *(.glue_7t)
 .glue_7t       0x0000000000000008        0x0 linker stubs
 *(.glue_7)
 .glue_7        0x0000000000000008        0x0 linker stubs
 *(.gnu.linkonce.r.*)
 *(.ARM.extab* .gnu.linkonce.armextab.*)
                0x0000000000000008                . = ALIGN (0x4)
 *(.romfunc)
 *(.romfunc.*)
 .romfunc.Reset_Handler
                0x0000000000000008       0x54 build/sam_e51_cnano/debug/_ext/570918426/startup_xc32.o
                0x0000000000000008                Reset_Handler
 *fill*         0x000000000000005c        0x4 
 .romfunc.Reset_Handler.__stub
                0x0000000000000060        0x8 linker stubs
                0x0000000000000068                . = ALIGN (0x4)
                0x0000000000000068                _efixed = .
                [!provide]                        PROVIDE (__exidx_start = .)

.ARM.exidx
 *(.ARM.exidx* .gnu.linkonce.armexidx.*)
                [!provide]                        PROVIDE (__exidx_end = .)
                0x0000000000000068                . = ALIGN (0x4)
                0x0000000000000068                _etext = .

.data           0x0000000020000018      0x678 load address 0x0000000000000068
                0x0000000020000018                . = ALIGN (0x4)
                0x0000000020000018                __data_start__ = .
                0x0000000020000018                _sdata = .
 *(.dinit)
 *(.text)
 *(.text.*)
 .text.input_task
                0x0000000020000018       0xa8 build/sam_e51_cnano/debug/_ext/48416434/bootloader_uart.o
 .text.bootloader_UART_Tasks
                0x00000000200000c0      0x1a8 build/sam_e51_cnano/debug/_ext/48416434/bootloader_uart.o
                0x00000000200000c0                bootloader_UART_Tasks
 .text.SYS_DeInitialize
                0x0000000020000268        0x4 build/sam_e51_cnano/debug/_ext/48416434/bootloader_common.o
                0x0000000020000268                SYS_DeInitialize
 .text.bootloader_GetVersion
                0x000000002000026c        0x8 build/sam_e51_cnano/debug/_ext/48416434/bootloader_common.o
                0x000000002000026c                bootloader_GetVersion
 .text.bootloader_CRCGenerate
                0x0000000020000274       0x30 build/sam_e51_cnano/debug/_ext/48416434/bootloader_common.o
                0x0000000020000274                bootloader_CRCGenerate
 .text.bootloader_TriggerReset
                0x00000000200002a4       0x24 build/sam_e51_cnano/debug/_ext/48416434/bootloader_common.o
                0x00000000200002a4                bootloader_TriggerReset
 .text.run_Application
                0x00000000200002c8       0x1c build/sam_e51_cnano/debug/_ext/48416434/bootloader_common.o
                0x00000000200002c8                run_Application
 .text.BSP_Initialize
                0x00000000200002e4       0x10 build/sam_e51_cnano/debug/_ext/673975658/bsp.o
                0x00000000200002e4                BSP_Initialize
 .text.CLOCK_Initialize
                0x00000000200002f4       0xb4 build/sam_e51_cnano/debug/_ext/7187140/plib_clock.o
                0x00000000200002f4                CLOCK_Initialize
 .text.DSU_CRCCalculate
                0x00000000200003a8       0x44 build/sam_e51_cnano/debug/_ext/1220119036/plib_dsu.o
                0x00000000200003a8                DSU_CRCCalculate
 .text.EVSYS_Initialize
                0x00000000200003ec        0x4 build/sam_e51_cnano/debug/_ext/9336626/plib_evsys.o
                0x00000000200003ec                EVSYS_Initialize
 .text.NVIC_Initialize
                0x00000000200003f0       0x38 build/sam_e51_cnano/debug/_ext/830715028/plib_nvic.o
                0x00000000200003f0                NVIC_Initialize
 .text.NVMCTRL_Initialize
                0x0000000020000428       0x10 build/sam_e51_cnano/debug/_ext/226030394/plib_nvmctrl.o
                0x0000000020000428                NVMCTRL_Initialize
 .text.NVMCTRL_PageWrite
                0x0000000020000438       0x3c build/sam_e51_cnano/debug/_ext/226030394/plib_nvmctrl.o
                0x0000000020000438                NVMCTRL_PageWrite
 .text.NVMCTRL_BlockErase
                0x0000000020000474       0x24 build/sam_e51_cnano/debug/_ext/226030394/plib_nvmctrl.o
                0x0000000020000474                NVMCTRL_BlockErase
 .text.NVMCTRL_IsBusy
                0x0000000020000498       0x10 build/sam_e51_cnano/debug/_ext/226030394/plib_nvmctrl.o
                0x0000000020000498                NVMCTRL_IsBusy
 .text.NVMCTRL_RegionUnlock
                0x00000000200004a8       0x10 build/sam_e51_cnano/debug/_ext/226030394/plib_nvmctrl.o
                0x00000000200004a8                NVMCTRL_RegionUnlock
 .text.NVMCTRL_BankSwap
                0x00000000200004b8       0x10 build/sam_e51_cnano/debug/_ext/226030394/plib_nvmctrl.o
                0x00000000200004b8                NVMCTRL_BankSwap
 .text.PAC_Initialize
                0x00000000200004c8        0x4 build/sam_e51_cnano/debug/_ext/1220129992/plib_pac.o
                0x00000000200004c8                PAC_Initialize
 .text.PAC_PeripheralProtectSetup
                0x00000000200004cc       0x10 build/sam_e51_cnano/debug/_ext/1220129992/plib_pac.o
                0x00000000200004cc                PAC_PeripheralProtectSetup
 .text.PORT_Initialize
                0x00000000200004dc       0x38 build/sam_e51_cnano/debug/_ext/830661877/plib_port.o
                0x00000000200004dc                PORT_Initialize
 .text.SERCOM5_USART_Initialize
                0x0000000020000514       0x34 build/sam_e51_cnano/debug/_ext/314480351/plib_sercom5_usart.o
                0x0000000020000514                SERCOM5_USART_Initialize
 .text.SERCOM5_USART_WriteByte
                0x0000000020000548       0x14 build/sam_e51_cnano/debug/_ext/314480351/plib_sercom5_usart.o
                0x0000000020000548                SERCOM5_USART_WriteByte
 .text.SERCOM5_USART_TransmitComplete
                0x000000002000055c       0x10 build/sam_e51_cnano/debug/_ext/314480351/plib_sercom5_usart.o
                0x000000002000055c                SERCOM5_USART_TransmitComplete
 .text.SERCOM5_USART_ReceiverIsReady
                0x000000002000056c       0x10 build/sam_e51_cnano/debug/_ext/314480351/plib_sercom5_usart.o
                0x000000002000056c                SERCOM5_USART_ReceiverIsReady
 .text.SERCOM5_USART_ReadByte
                0x000000002000057c        0xc build/sam_e51_cnano/debug/_ext/314480351/plib_sercom5_usart.o
                0x000000002000057c                SERCOM5_USART_ReadByte
 .text.SYSTICK_TimerInitialize
                0x0000000020000588       0x1c build/sam_e51_cnano/debug/_ext/8444704/plib_systick.o
                0x0000000020000588                SYSTICK_TimerInitialize
 .text.SYSTICK_TimerRestart
                0x00000000200005a4       0x1c build/sam_e51_cnano/debug/_ext/8444704/plib_systick.o
                0x00000000200005a4                SYSTICK_TimerRestart
 .text.SYSTICK_TimerCounterGet
                0x00000000200005c0        0xc build/sam_e51_cnano/debug/_ext/8444704/plib_systick.o
                0x00000000200005c0                SYSTICK_TimerCounterGet
 .text.SYSTICK_TimerPeriodHasExpired
                0x00000000200005cc       0x10 build/sam_e51_cnano/debug/_ext/8444704/plib_systick.o
                0x00000000200005cc                SYSTICK_TimerPeriodHasExpired
 .text.SYS_Initialize
                0x00000000200005dc       0x3c build/sam_e51_cnano/debug/_ext/570918426/initialization.o
                0x00000000200005dc                SYS_Initialize
 .text.bootloader_Trigger
                0x0000000020000618       0x44 build/sam_e51_cnano/debug/_ext/1360937237/main.o
                0x0000000020000618                bootloader_Trigger
 .text.main     0x000000002000065c       0x30 build/sam_e51_cnano/debug/_ext/1360937237/main.o
                0x000000002000065c                main
 *(.rodata)
 .rodata        0x000000002000068c        0x4 build/sam_e51_cnano/debug/_ext/48416434/bootloader_uart.o
 *(.rodata.*)
                0x0000000020000690                . = ALIGN (0x4)
                0x0000000020000690                __data_end__ = .
                0x0000000020000690                _edata = .

.bss            0x0000000020000690     0x4030
                0x0000000020000690                . = ALIGN (0x4)
                0x0000000020000690                __bss_start__ = .
                0x0000000020000690                _sbss = .
                0x0000000020000690                _szero = .
 *(COMMON)
 *(.bss)
 .bss           0x0000000020000690     0x4028 build/sam_e51_cnano/debug/_ext/48416434/bootloader_uart.o
 .bss           0x00000000200046b8        0x2 build/sam_e51_cnano/debug/_ext/226030394/plib_nvmctrl.o
 *fill*         0x00000000200046ba        0x2 
 .bss           0x00000000200046bc        0x4 build/sam_e51_cnano/debug/_ext/1360937237/main.o
 *(.bss.*)
                0x00000000200046c0                . = ALIGN (0x4)
                0x00000000200046c0                __bss_end__ = .
                0x00000000200046c0                _ebss = .
                0x00000000200046c0                _ezero = .
                0x00000000200046c0                . = ALIGN (0x4)
                0x00000000200046c0                _end = .
                0x000000002003ffff                _ram_end_ = ((ORIGIN (ram) + LENGTH (ram)) - 0x1)
                0x0000000000000001                __ICD2RAM = 0x1
                0x0000000000000001                __MPLAB_DEBUG = 0x1
                0x0000000000000001                __DEBUG = 0x1
                0x0000000000000200                _min_heap_size = 0x200
START GROUP
LOAD c:/program files/microchip/xc32/v4.45/bin/bin/../../lib/gcc/pic32c/8.3.1/../../../../pic32c/lib/thumb/v7e-m+fp/hard\libpic32c.a
LOAD c:/program files/microchip/xc32/v4.45/bin/bin/../../lib/gcc/pic32c/8.3.1/../../../../pic32c/lib/thumb/v7e-m+fp/hard\libc-size-musl.a
LOAD c:/program files/microchip/xc32/v4.45/bin/bin/../../lib/gcc/pic32c/8.3.1/../../../../pic32c/lib/thumb/v7e-m+fp/hard\liblmalloc-musl.a
LOAD c:/program files/microchip/xc32/v4.45/bin/bin/../../lib/gcc/pic32c/8.3.1/../../../../pic32c/lib/thumb/v7e-m+fp/hard\libm-fast-emfloat.a
LOAD c:/program files/microchip/xc32/v4.45/bin/bin/../../lib/gcc/pic32c/8.3.1/../../../../pic32c/lib/thumb/v7e-m+fp/hard\libm-musl.a
LOAD c:/program files/microchip/xc32/v4.45/bin/bin/../../lib/gcc/pic32c/8.3.1/../../../../pic32c/lib/thumb/v7e-m+fp/hard\libg-musl.a
LOAD c:/program files/microchip/xc32/v4.45/bin/bin/../../lib/gcc/pic32c/8.3.1/../../../../pic32c/lib/thumb/v7e-m+fp/hard\libc-musl.a
LOAD c:/program files/microchip/xc32/v4.45/bin/bin/../../lib/gcc/pic32c/8.3.1/../../../../pic32c/lib/thumb/v7e-m+fp/hard\libm-fast-emfloat.a
LOAD c:/program files/microchip/xc32/v4.45/bin/bin/../../lib/gcc/pic32c/8.3.1/../../../../pic32c/lib/thumb/v7e-m+fp/hard\libm-musl.a
LOAD c:/program files/microchip/xc32/v4.45/bin/bin/../../lib/gcc/pic32c/8.3.1/thumb/v7e-m+fp/hard\libgcc.a
END GROUP
OUTPUT(dist/sam_e51_cnano/debug/sam_e51_cnano.X.debug.elf elf32-littlearm)
LOAD stack

.debug_info     0x0000000000000000     0x4d50
 .debug_info    0x0000000000000000      0x75e build/sam_e51_cnano/debug/_ext/48416434/bootloader_uart.o
 .debug_info    0x000000000000075e      0x66b build/sam_e51_cnano/debug/_ext/48416434/bootloader_common.o
 .debug_info    0x0000000000000dc9      0x246 build/sam_e51_cnano/debug/_ext/673975658/bsp.o
 .debug_info    0x000000000000100f      0x633 build/sam_e51_cnano/debug/_ext/7187140/plib_clock.o
 .debug_info    0x0000000000001642      0x3d4 build/sam_e51_cnano/debug/_ext/1220119036/plib_dsu.o
 .debug_info    0x0000000000001a16       0x9b build/sam_e51_cnano/debug/_ext/9336626/plib_evsys.o
 .debug_info    0x0000000000001ab1      0x4e2 build/sam_e51_cnano/debug/_ext/830715028/plib_nvic.o
 .debug_info    0x0000000000001f93      0x927 build/sam_e51_cnano/debug/_ext/226030394/plib_nvmctrl.o
 .debug_info    0x00000000000028ba      0x467 build/sam_e51_cnano/debug/_ext/1220129992/plib_pac.o
 .debug_info    0x0000000000002d21      0x6db build/sam_e51_cnano/debug/_ext/830661877/plib_port.o
 .debug_info    0x00000000000033fc      0xf98 build/sam_e51_cnano/debug/_ext/314480351/plib_sercom5_usart.o
 .debug_info    0x0000000000004394      0x33a build/sam_e51_cnano/debug/_ext/8444704/plib_systick.o
 .debug_info    0x00000000000046ce      0x1c6 build/sam_e51_cnano/debug/_ext/570918426/initialization.o
 .debug_info    0x0000000000004894      0x1a0 build/sam_e51_cnano/debug/_ext/570918426/startup_xc32.o
 .debug_info    0x0000000000004a34      0x31c build/sam_e51_cnano/debug/_ext/1360937237/main.o

.debug_abbrev   0x0000000000000000     0x16e8
 .debug_abbrev  0x0000000000000000      0x257 build/sam_e51_cnano/debug/_ext/48416434/bootloader_uart.o
 .debug_abbrev  0x0000000000000257      0x2c8 build/sam_e51_cnano/debug/_ext/48416434/bootloader_common.o
 .debug_abbrev  0x000000000000051f       0xb3 build/sam_e51_cnano/debug/_ext/673975658/bsp.o
 .debug_abbrev  0x00000000000005d2      0x110 build/sam_e51_cnano/debug/_ext/7187140/plib_clock.o
 .debug_abbrev  0x00000000000006e2       0xf3 build/sam_e51_cnano/debug/_ext/1220119036/plib_dsu.o
 .debug_abbrev  0x00000000000007d5       0x46 build/sam_e51_cnano/debug/_ext/9336626/plib_evsys.o
 .debug_abbrev  0x000000000000081b      0x1a9 build/sam_e51_cnano/debug/_ext/830715028/plib_nvic.o
 .debug_abbrev  0x00000000000009c4      0x30c build/sam_e51_cnano/debug/_ext/226030394/plib_nvmctrl.o
 .debug_abbrev  0x0000000000000cd0      0x145 build/sam_e51_cnano/debug/_ext/1220129992/plib_pac.o
 .debug_abbrev  0x0000000000000e15      0x1bc build/sam_e51_cnano/debug/_ext/830661877/plib_port.o
 .debug_abbrev  0x0000000000000fd1      0x2eb build/sam_e51_cnano/debug/_ext/314480351/plib_sercom5_usart.o
 .debug_abbrev  0x00000000000012bc      0x110 build/sam_e51_cnano/debug/_ext/8444704/plib_systick.o
 .debug_abbrev  0x00000000000013cc       0xbb build/sam_e51_cnano/debug/_ext/570918426/initialization.o
 .debug_abbrev  0x0000000000001487       0xfc build/sam_e51_cnano/debug/_ext/570918426/startup_xc32.o
 .debug_abbrev  0x0000000000001583      0x165 build/sam_e51_cnano/debug/_ext/1360937237/main.o

.debug_loc      0x0000000000000000     0x1e56
 .debug_loc     0x0000000000000000      0x1dd build/sam_e51_cnano/debug/_ext/48416434/bootloader_uart.o
 .debug_loc     0x00000000000001dd      0x11c build/sam_e51_cnano/debug/_ext/48416434/bootloader_common.o
 .debug_loc     0x00000000000002f9      0x145 build/sam_e51_cnano/debug/_ext/1220119036/plib_dsu.o
 .debug_loc     0x000000000000043e       0x66 build/sam_e51_cnano/debug/_ext/830715028/plib_nvic.o
 .debug_loc     0x00000000000004a4      0x97d build/sam_e51_cnano/debug/_ext/226030394/plib_nvmctrl.o
 .debug_loc     0x0000000000000e21       0x85 build/sam_e51_cnano/debug/_ext/1220129992/plib_pac.o
 .debug_loc     0x0000000000000ea6      0x219 build/sam_e51_cnano/debug/_ext/830661877/plib_port.o
 .debug_loc     0x00000000000010bf      0x9e2 build/sam_e51_cnano/debug/_ext/314480351/plib_sercom5_usart.o
 .debug_loc     0x0000000000001aa1      0x27d build/sam_e51_cnano/debug/_ext/8444704/plib_systick.o
 .debug_loc     0x0000000000001d1e       0x5d build/sam_e51_cnano/debug/_ext/570918426/initialization.o
 .debug_loc     0x0000000000001d7b       0x44 build/sam_e51_cnano/debug/_ext/570918426/startup_xc32.o
 .debug_loc     0x0000000000001dbf       0x97 build/sam_e51_cnano/debug/_ext/1360937237/main.o

.debug_aranges  0x0000000000000000      0x410
 .debug_aranges
                0x0000000000000000       0x28 build/sam_e51_cnano/debug/_ext/48416434/bootloader_uart.o
 .debug_aranges
                0x0000000000000028       0x48 build/sam_e51_cnano/debug/_ext/48416434/bootloader_common.o
 .debug_aranges
                0x0000000000000070       0x20 build/sam_e51_cnano/debug/_ext/673975658/bsp.o
 .debug_aranges
                0x0000000000000090       0x20 build/sam_e51_cnano/debug/_ext/7187140/plib_clock.o
 .debug_aranges
                0x00000000000000b0       0x20 build/sam_e51_cnano/debug/_ext/1220119036/plib_dsu.o
 .debug_aranges
                0x00000000000000d0       0x20 build/sam_e51_cnano/debug/_ext/9336626/plib_evsys.o
 .debug_aranges
                0x00000000000000f0       0x38 build/sam_e51_cnano/debug/_ext/830715028/plib_nvic.o
 .debug_aranges
                0x0000000000000128       0xd8 build/sam_e51_cnano/debug/_ext/226030394/plib_nvmctrl.o
 .debug_aranges
                0x0000000000000200       0x30 build/sam_e51_cnano/debug/_ext/1220129992/plib_pac.o
 .debug_aranges
                0x0000000000000230       0x70 build/sam_e51_cnano/debug/_ext/830661877/plib_port.o
 .debug_aranges
                0x00000000000002a0       0x98 build/sam_e51_cnano/debug/_ext/314480351/plib_sercom5_usart.o
 .debug_aranges
                0x0000000000000338       0x70 build/sam_e51_cnano/debug/_ext/8444704/plib_systick.o
 .debug_aranges
                0x00000000000003a8       0x20 build/sam_e51_cnano/debug/_ext/570918426/initialization.o
 .debug_aranges
                0x00000000000003c8       0x20 build/sam_e51_cnano/debug/_ext/570918426/startup_xc32.o
 .debug_aranges
                0x00000000000003e8       0x28 build/sam_e51_cnano/debug/_ext/1360937237/main.o

.debug_ranges   0x0000000000000000      0x450
 .debug_ranges  0x0000000000000000       0x78 build/sam_e51_cnano/debug/_ext/48416434/bootloader_uart.o
 .debug_ranges  0x0000000000000078       0x38 build/sam_e51_cnano/debug/_ext/48416434/bootloader_common.o
 .debug_ranges  0x00000000000000b0       0x10 build/sam_e51_cnano/debug/_ext/673975658/bsp.o
 .debug_ranges  0x00000000000000c0       0x40 build/sam_e51_cnano/debug/_ext/7187140/plib_clock.o
 .debug_ranges  0x0000000000000100       0x10 build/sam_e51_cnano/debug/_ext/1220119036/plib_dsu.o
 .debug_ranges  0x0000000000000110       0x10 build/sam_e51_cnano/debug/_ext/9336626/plib_evsys.o
 .debug_ranges  0x0000000000000120       0x28 build/sam_e51_cnano/debug/_ext/830715028/plib_nvic.o
 .debug_ranges  0x0000000000000148      0x130 build/sam_e51_cnano/debug/_ext/226030394/plib_nvmctrl.o
 .debug_ranges  0x0000000000000278       0x20 build/sam_e51_cnano/debug/_ext/1220129992/plib_pac.o
 .debug_ranges  0x0000000000000298       0x60 build/sam_e51_cnano/debug/_ext/830661877/plib_port.o
 .debug_ranges  0x00000000000002f8       0xa8 build/sam_e51_cnano/debug/_ext/314480351/plib_sercom5_usart.o
 .debug_ranges  0x00000000000003a0       0x60 build/sam_e51_cnano/debug/_ext/8444704/plib_systick.o
 .debug_ranges  0x0000000000000400       0x10 build/sam_e51_cnano/debug/_ext/570918426/initialization.o
 .debug_ranges  0x0000000000000410       0x10 build/sam_e51_cnano/debug/_ext/570918426/startup_xc32.o
 .debug_ranges  0x0000000000000420       0x30 build/sam_e51_cnano/debug/_ext/1360937237/main.o

.debug_line     0x0000000000000000     0x28f7
 .debug_line    0x0000000000000000      0x4e6 build/sam_e51_cnano/debug/_ext/48416434/bootloader_uart.o
 .debug_line    0x00000000000004e6      0x283 build/sam_e51_cnano/debug/_ext/48416434/bootloader_common.o
 .debug_line    0x0000000000000769       0xde build/sam_e51_cnano/debug/_ext/673975658/bsp.o
 .debug_line    0x0000000000000847      0x26e build/sam_e51_cnano/debug/_ext/7187140/plib_clock.o
 .debug_line    0x0000000000000ab5      0x179 build/sam_e51_cnano/debug/_ext/1220119036/plib_dsu.o
 .debug_line    0x0000000000000c2e       0x6c build/sam_e51_cnano/debug/_ext/9336626/plib_evsys.o
 .debug_line    0x0000000000000c9a      0x26b build/sam_e51_cnano/debug/_ext/830715028/plib_nvic.o
 .debug_line    0x0000000000000f05      0x6d7 build/sam_e51_cnano/debug/_ext/226030394/plib_nvmctrl.o
 .debug_line    0x00000000000015dc      0x149 build/sam_e51_cnano/debug/_ext/1220129992/plib_pac.o
 .debug_line    0x0000000000001725      0x2c0 build/sam_e51_cnano/debug/_ext/830661877/plib_port.o
 .debug_line    0x00000000000019e5      0x5fe build/sam_e51_cnano/debug/_ext/314480351/plib_sercom5_usart.o
 .debug_line    0x0000000000001fe3      0x31d build/sam_e51_cnano/debug/_ext/8444704/plib_systick.o
 .debug_line    0x0000000000002300      0x2f2 build/sam_e51_cnano/debug/_ext/570918426/initialization.o
 .debug_line    0x00000000000025f2      0x107 build/sam_e51_cnano/debug/_ext/570918426/startup_xc32.o
 .debug_line    0x00000000000026f9      0x1fe build/sam_e51_cnano/debug/_ext/1360937237/main.o

.debug_str      0x0000000000000000     0x5669
 .debug_str     0x0000000000000000      0x60d build/sam_e51_cnano/debug/_ext/48416434/bootloader_uart.o
 .debug_str     0x000000000000060d      0x914 build/sam_e51_cnano/debug/_ext/48416434/bootloader_common.o
 .debug_str     0x0000000000000f21      0x3be build/sam_e51_cnano/debug/_ext/673975658/bsp.o
 .debug_str     0x00000000000012df      0x69f build/sam_e51_cnano/debug/_ext/7187140/plib_clock.o
 .debug_str     0x000000000000197e      0x46a build/sam_e51_cnano/debug/_ext/1220119036/plib_dsu.o
 .debug_str     0x0000000000001de8      0x2fb build/sam_e51_cnano/debug/_ext/9336626/plib_evsys.o
 .debug_str     0x00000000000020e3      0x42f build/sam_e51_cnano/debug/_ext/830715028/plib_nvic.o
 .debug_str     0x0000000000002512      0x6fc build/sam_e51_cnano/debug/_ext/226030394/plib_nvmctrl.o
 .debug_str     0x0000000000002c0e      0x8fd build/sam_e51_cnano/debug/_ext/1220129992/plib_pac.o
 .debug_str     0x000000000000350b      0x90d build/sam_e51_cnano/debug/_ext/830661877/plib_port.o
 .debug_str     0x0000000000003e18      0x8d5 build/sam_e51_cnano/debug/_ext/314480351/plib_sercom5_usart.o
 .debug_str     0x00000000000046ed      0x458 build/sam_e51_cnano/debug/_ext/8444704/plib_systick.o
 .debug_str     0x0000000000004b45      0x3be build/sam_e51_cnano/debug/_ext/570918426/initialization.o
 .debug_str     0x0000000000004f03      0x340 build/sam_e51_cnano/debug/_ext/570918426/startup_xc32.o
 .debug_str     0x0000000000005243      0x426 build/sam_e51_cnano/debug/_ext/1360937237/main.o

.comment        0x0000000000000000       0x2b
 .comment       0x0000000000000000       0x2b build/sam_e51_cnano/debug/_ext/48416434/bootloader_uart.o
                                         0x2c (size before relaxing)
 .comment       0x000000000000002b       0x2c build/sam_e51_cnano/debug/_ext/48416434/bootloader_common.o
 .comment       0x000000000000002b       0x2c build/sam_e51_cnano/debug/_ext/673975658/bsp.o
 .comment       0x000000000000002b       0x2c build/sam_e51_cnano/debug/_ext/7187140/plib_clock.o
 .comment       0x000000000000002b       0x2c build/sam_e51_cnano/debug/_ext/1220119036/plib_dsu.o
 .comment       0x000000000000002b       0x2c build/sam_e51_cnano/debug/_ext/9336626/plib_evsys.o
 .comment       0x000000000000002b       0x2c build/sam_e51_cnano/debug/_ext/830715028/plib_nvic.o
 .comment       0x000000000000002b       0x2c build/sam_e51_cnano/debug/_ext/226030394/plib_nvmctrl.o
 .comment       0x000000000000002b       0x2c build/sam_e51_cnano/debug/_ext/1220129992/plib_pac.o
 .comment       0x000000000000002b       0x2c build/sam_e51_cnano/debug/_ext/830661877/plib_port.o
 .comment       0x000000000000002b       0x2c build/sam_e51_cnano/debug/_ext/314480351/plib_sercom5_usart.o
 .comment       0x000000000000002b       0x2c build/sam_e51_cnano/debug/_ext/8444704/plib_systick.o
 .comment       0x000000000000002b       0x2c build/sam_e51_cnano/debug/_ext/570918426/initialization.o
 .comment       0x000000000000002b       0x2c build/sam_e51_cnano/debug/_ext/570918426/startup_xc32.o
 .comment       0x000000000000002b       0x2c build/sam_e51_cnano/debug/_ext/1360937237/main.o

.debug_frame    0x0000000000000000      0x7c8
 .debug_frame   0x0000000000000000       0x60 build/sam_e51_cnano/debug/_ext/48416434/bootloader_uart.o
 .debug_frame   0x0000000000000060       0x8c build/sam_e51_cnano/debug/_ext/48416434/bootloader_common.o
 .debug_frame   0x00000000000000ec       0x20 build/sam_e51_cnano/debug/_ext/673975658/bsp.o
 .debug_frame   0x000000000000010c       0x20 build/sam_e51_cnano/debug/_ext/7187140/plib_clock.o
 .debug_frame   0x000000000000012c       0x30 build/sam_e51_cnano/debug/_ext/1220119036/plib_dsu.o
 .debug_frame   0x000000000000015c       0x20 build/sam_e51_cnano/debug/_ext/9336626/plib_evsys.o
 .debug_frame   0x000000000000017c       0x50 build/sam_e51_cnano/debug/_ext/830715028/plib_nvic.o
 .debug_frame   0x00000000000001cc      0x204 build/sam_e51_cnano/debug/_ext/226030394/plib_nvmctrl.o
 .debug_frame   0x00000000000003d0       0x40 build/sam_e51_cnano/debug/_ext/1220129992/plib_pac.o
 .debug_frame   0x0000000000000410       0xd8 build/sam_e51_cnano/debug/_ext/830661877/plib_port.o
 .debug_frame   0x00000000000004e8      0x16c build/sam_e51_cnano/debug/_ext/314480351/plib_sercom5_usart.o
 .debug_frame   0x0000000000000654       0xe0 build/sam_e51_cnano/debug/_ext/8444704/plib_systick.o
 .debug_frame   0x0000000000000734       0x30 build/sam_e51_cnano/debug/_ext/570918426/initialization.o
 .debug_frame   0x0000000000000764       0x28 build/sam_e51_cnano/debug/_ext/570918426/startup_xc32.o
 .debug_frame   0x000000000000078c       0x3c build/sam_e51_cnano/debug/_ext/1360937237/main.o

.ARM.attributes
                0x0000000000000000       0x36
 .ARM.attributes
                0x0000000000000000       0x34 build/sam_e51_cnano/debug/_ext/48416434/bootloader_uart.o
 .ARM.attributes
                0x0000000000000034       0x34 build/sam_e51_cnano/debug/_ext/48416434/bootloader_common.o
 .ARM.attributes
                0x0000000000000068       0x34 build/sam_e51_cnano/debug/_ext/673975658/bsp.o
 .ARM.attributes
                0x000000000000009c       0x34 build/sam_e51_cnano/debug/_ext/7187140/plib_clock.o
 .ARM.attributes
                0x00000000000000d0       0x34 build/sam_e51_cnano/debug/_ext/1220119036/plib_dsu.o
 .ARM.attributes
                0x0000000000000104       0x34 build/sam_e51_cnano/debug/_ext/9336626/plib_evsys.o
 .ARM.attributes
                0x0000000000000138       0x34 build/sam_e51_cnano/debug/_ext/830715028/plib_nvic.o
 .ARM.attributes
                0x000000000000016c       0x34 build/sam_e51_cnano/debug/_ext/226030394/plib_nvmctrl.o
 .ARM.attributes
                0x00000000000001a0       0x34 build/sam_e51_cnano/debug/_ext/1220129992/plib_pac.o
 .ARM.attributes
                0x00000000000001d4       0x34 build/sam_e51_cnano/debug/_ext/830661877/plib_port.o
 .ARM.attributes
                0x0000000000000208       0x34 build/sam_e51_cnano/debug/_ext/314480351/plib_sercom5_usart.o
 .ARM.attributes
                0x000000000000023c       0x34 build/sam_e51_cnano/debug/_ext/8444704/plib_systick.o
 .ARM.attributes
                0x0000000000000270       0x34 build/sam_e51_cnano/debug/_ext/570918426/initialization.o
 .ARM.attributes
                0x00000000000002a4       0x34 build/sam_e51_cnano/debug/_ext/570918426/startup_xc32.o
 .ARM.attributes
                0x00000000000002d8       0x34 build/sam_e51_cnano/debug/_ext/1360937237/main.o

.stack          0x00000000200048e0      0x100
 .stack         0x00000000200048e0      0x100 stack

.config_00804000%1
                0x0000000000804000        0x4
 .config_00804000
                0x0000000000804000        0x4 build/sam_e51_cnano/debug/_ext/570918426/initialization.o
                0x0000000000804000                __config_00804000

.config_00804004%2
                0x0000000000804004        0x4
 .config_00804004
                0x0000000000804004        0x4 build/sam_e51_cnano/debug/_ext/570918426/initialization.o
                0x0000000000804004                __config_00804004

.config_00804008%3
                0x0000000000804008        0x4
 .config_00804008
                0x0000000000804008        0x4 build/sam_e51_cnano/debug/_ext/570918426/initialization.o
                0x0000000000804008                __config_00804008
